2024-06-19:08:04:07,483 INFO     [app.py:29:<module>] Starting Minion 0_0
2024-06-19:08:04:07,483 INFO     [app.py:30:<module>] Testing SHM ops
2024-06-19:08:04:07,484 INFO     [shm_lib.py:123:__populate_shm_id_if_empty] __populate_shm_id_if_empty: Creating new SHM for key: 5678
2024-06-19:08:04:07,484 INFO     [shm_lib.py:126:__populate_shm_id_if_empty] __populate_shm_id_if_empty: Attempting to attach to SHM with key: 5678
2024-06-19:08:04:07,484 INFO     [shm_lib.py:264:SHM_Test] Data: testdata1test
2024-06-19:08:04:07,485 INFO     [shm_lib.py:265:SHM_Test] IsEmpty: False
2024-06-19:08:04:07,485 INFO     [shm_lib.py:267:SHM_Test] Data after clear: 
2024-06-19:08:04:07,485 INFO     [shm_lib.py:268:SHM_Test] IsEmpty: True
2024-06-19:08:04:07,485 INFO     [shm_lib.py:142:print_stat] 

2024-06-19:08:04:07,485 INFO     [shm_lib.py:143:print_stat] Key: 5678
2024-06-19:08:04:07,486 INFO     [shm_lib.py:144:print_stat] SHMID: 65557
2024-06-19:08:04:07,486 INFO     [shm_lib.py:145:print_stat] Access UID: 0
2024-06-19:08:04:07,486 INFO     [shm_lib.py:146:print_stat] Access GID: 0
2024-06-19:08:04:07,486 INFO     [shm_lib.py:147:print_stat] Creator UID: 0
2024-06-19:08:04:07,486 INFO     [shm_lib.py:148:print_stat] Creator GID: 0
2024-06-19:08:04:07,486 INFO     [shm_lib.py:149:print_stat] Access Mode: 644
2024-06-19:08:04:07,487 INFO     [shm_lib.py:150:print_stat] Size (Bytes): 1024
2024-06-19:08:04:07,487 INFO     [shm_lib.py:151:print_stat] Last Operator PID: 7
2024-06-19:08:04:07,487 INFO     [shm_lib.py:152:print_stat] Creator PID: 7
2024-06-19:08:04:07,487 INFO     [shm_lib.py:153:print_stat] Number of attached Processes: 1
2024-06-19:08:04:07,487 INFO     [shm_lib.py:154:print_stat] Last attach time: 1718784247
2024-06-19:08:04:07,487 INFO     [shm_lib.py:155:print_stat] Last detach time: 0
2024-06-19:08:04:07,488 INFO     [shm_lib.py:156:print_stat] Last change time: 1718784247
2024-06-19:08:04:07,488 INFO     [shm_lib.py:157:print_stat] 

2024-06-19:08:04:07,488 INFO     [shm_lib.py:142:print_stat] 

2024-06-19:08:04:07,488 INFO     [shm_lib.py:143:print_stat] Key: 5678
2024-06-19:08:04:07,488 INFO     [shm_lib.py:144:print_stat] SHMID: 65557
2024-06-19:08:04:07,489 INFO     [shm_lib.py:145:print_stat] Access UID: 0
2024-06-19:08:04:07,489 INFO     [shm_lib.py:146:print_stat] Access GID: 0
2024-06-19:08:04:07,489 INFO     [shm_lib.py:147:print_stat] Creator UID: 0
2024-06-19:08:04:07,489 INFO     [shm_lib.py:148:print_stat] Creator GID: 0
2024-06-19:08:04:07,489 INFO     [shm_lib.py:149:print_stat] Access Mode: 666
2024-06-19:08:04:07,489 INFO     [shm_lib.py:150:print_stat] Size (Bytes): 1024
2024-06-19:08:04:07,490 INFO     [shm_lib.py:151:print_stat] Last Operator PID: 7
2024-06-19:08:04:07,490 INFO     [shm_lib.py:152:print_stat] Creator PID: 7
2024-06-19:08:04:07,490 INFO     [shm_lib.py:153:print_stat] Number of attached Processes: 1
2024-06-19:08:04:07,490 INFO     [shm_lib.py:154:print_stat] Last attach time: 1718784247
2024-06-19:08:04:07,490 INFO     [shm_lib.py:155:print_stat] Last detach time: 0
2024-06-19:08:04:07,490 INFO     [shm_lib.py:156:print_stat] Last change time: 1718784247
2024-06-19:08:04:07,490 INFO     [shm_lib.py:157:print_stat] 

2024-06-19:08:04:07,491 INFO     [shm_lib.py:142:print_stat] 

2024-06-19:08:04:07,491 INFO     [shm_lib.py:143:print_stat] Key: 5678
2024-06-19:08:04:07,491 INFO     [shm_lib.py:144:print_stat] SHMID: 65557
2024-06-19:08:04:07,491 INFO     [shm_lib.py:145:print_stat] Access UID: 0
2024-06-19:08:04:07,491 INFO     [shm_lib.py:146:print_stat] Access GID: 0
2024-06-19:08:04:07,492 INFO     [shm_lib.py:147:print_stat] Creator UID: 0
2024-06-19:08:04:07,492 INFO     [shm_lib.py:148:print_stat] Creator GID: 0
2024-06-19:08:04:07,492 INFO     [shm_lib.py:149:print_stat] Access Mode: 644
2024-06-19:08:04:07,492 INFO     [shm_lib.py:150:print_stat] Size (Bytes): 1024
2024-06-19:08:04:07,492 INFO     [shm_lib.py:151:print_stat] Last Operator PID: 7
2024-06-19:08:04:07,492 INFO     [shm_lib.py:152:print_stat] Creator PID: 7
2024-06-19:08:04:07,493 INFO     [shm_lib.py:153:print_stat] Number of attached Processes: 1
2024-06-19:08:04:07,493 INFO     [shm_lib.py:154:print_stat] Last attach time: 1718784247
2024-06-19:08:04:07,493 INFO     [shm_lib.py:155:print_stat] Last detach time: 0
2024-06-19:08:04:07,493 INFO     [shm_lib.py:156:print_stat] Last change time: 1718784247
2024-06-19:08:04:07,493 INFO     [shm_lib.py:157:print_stat] 

2024-06-19:08:04:07,493 INFO     [shm_lib.py:297:SHM_Test] detached
2024-06-19:08:04:07,494 INFO     [shm_lib.py:304:SHM_Test] removed
2024-06-19:08:04:07,494 INFO     [app.py:41:<module>] Minion minion-9pzdl: RDMA Host: 192.168.119.200
2024-06-19:08:04:07,494 INFO     [cdi_minion_table_ops.py:12:init_cdi_minion_data_table] Creating cdi_minion_data Table...
2024-06-19:08:04:07,521 INFO     [cdi_minion_table_ops.py:25:init_cdi_minion_data_table] Created cdi_minion_data Table!
2024-06-19:08:04:07,521 INFO     [controller_client_api_handlers.py:33:register_with_controller] Registering with controller on controller-service:50000
2024-06-19:08:04:07,531 INFO     [controller_client_api_handlers.py:21:RegisterMinion] RegisterMinion(controller-service:50000): Sending request
2024-06-19:08:04:07,624 INFO     [controller_client_api_handlers.py:40:register_with_controller] Successfully Registered with controller on controller-service:50000!
2024-06-19:08:04:07,626 INFO     [msq.py:83:clear_queue] clear_queue: clearing the existing queue of msq_id: None
2024-06-19:08:04:07,626 ERROR    [msq.py:85:clear_queue] Error in deleting the queue for msq_id: None
2024-06-19:08:04:07,626 INFO     [msq.py:78:get_queue] get_queue: getting a new or existing queue for key: 1234
2024-06-19:08:04:07,626 INFO     [app.py:54:<module>] Im here1 :)
2024-06-19:08:04:07,627 INFO     [msq.py:59:receive_frame_from_queue] IPCMsgQueue: receive_frame_from_queue: started
2024-06-19:08:04:07,639 INFO     [server_api_handlers.py:195:serve_rpc] Starting RPC server on : 0.0.0.0:50000
2024-06-19:08:04:07,645 INFO     [minion_rdma_ops.py:65:serve_rdma] Starting RDMA server on : 192.168.119.200:12345
2024-06-19:08:04:07,645 INFO     [server.py:27:start_server] socket created
log: 2024-06-19 08:04:07.652 Received at: 192.168.119.200 , port: 12345 
log: 2024-06-19 08:04:07.652 Server is listening successfully at: 192.168.119.200 , port: 12345 
log: 2024-06-19 08:04:07.652 SPINNING NEW THREAD
DEBUG: RDMA_CM_EVENT_CONNECT_REQUEST event received 
DEBUG: Protection domain (PD) allocated: 0xffff700010d0 
DEBUG: I/O completion event channel created: 0xffff700010f0 
DEBUG: Completion queue (CQ) created: 0xffff70001110 with 31 elements 
DEBUG: Client QP created: 0xffff70001310 
DEBUG: Registered: 0xffffa000f010 , len: 4194304 , stag: 0xc0010127 
DEBUG: Memory Map built: ADDR: 0xffffa000f010 
DEBUG: Registered: 0xffff700038c0 , len: 56 , stag: 0xc0010227 
DEBUG: Pre-posting Receive HELLO 
DEBUG: Wait for : RDMA_CM_EVENT_ESTABLISHED event 
library/rdma/lib_c/server.c : 322 : ERROR : Event not found RDMA_CM_EVENT_REJECTED
PERROR: Success
DEBUG: RDMA_CM_EVENT_REJECTED event received 
DEBUG: Server shut-down is complete 
DEBUG: Cleanup complete - starting over 
log: 2024-06-19 08:05:16.738 SPINNING NEW THREAD
DEBUG: RDMA_CM_EVENT_CONNECT_REQUEST event received 
DEBUG: Protection domain (PD) allocated: 0xffff700015d0 
DEBUG: I/O completion event channel created: 0xffff700015f0 
DEBUG: Completion queue (CQ) created: 0xffff70001610 with 31 elements 
DEBUG: Client QP created: 0xffff700018b0 
DEBUG: Registered: 0xffff897de010 , len: 4194304 , stag: 0xc0010327 
DEBUG: Memory Map built: ADDR: 0xffff897de010 
DEBUG: Registered: 0xffff700017e0 , len: 56 , stag: 0xc0010427 
DEBUG: Pre-posting Receive HELLO 
DEBUG: Wait for : RDMA_CM_EVENT_ESTABLISHED event 
DEBUG: RDMA_CM_EVENT_REJECTED event received 
library/rdma/lib_c/server.c : 322 : ERROR : Event not found RDMA_CM_EVENT_REJECTED
PERROR: Success
DEBUG: Server shut-down is complete 
DEBUG: Cleanup complete - starting over 
log: 2024-06-19 08:05:16.752 SPINNING NEW THREAD
DEBUG: RDMA_CM_EVENT_CONNECT_REQUEST event received 
DEBUG: Protection domain (PD) allocated: 0xffff70001b70 
DEBUG: I/O completion event channel created: 0xffff70001b90 
DEBUG: Completion queue (CQ) created: 0xffff70001bb0 with 31 elements 
DEBUG: Client QP created: 0xffff70001d40 
DEBUG: Registered: 0xffff8838f010 , len: 4194304 , stag: 0xc0010527 
DEBUG: Memory Map built: ADDR: 0xffff8838f010 
DEBUG: Registered: 0xffff700022e0 , len: 56 , stag: 0xc0010627 
DEBUG: Pre-posting Receive HELLO 
DEBUG: Wait for : RDMA_CM_EVENT_ESTABLISHED event 
DEBUG: RDMA_CM_EVENT_REJECTED event received 
library/rdma/lib_c/server.c : 322 : ERROR : Event not found RDMA_CM_EVENT_REJECTED
PERROR: Success
DEBUG: Server shut-down is complete 
DEBUG: Cleanup complete - starting over 
log: 2024-06-19 08:05:16.765 SPINNING NEW THREAD
DEBUG: RDMA_CM_EVENT_CONNECT_REQUEST event received 
DEBUG: Protection domain (PD) allocated: 0xffff70002000 
DEBUG: I/O completion event channel created: 0xffff70002020 
DEBUG: Completion queue (CQ) created: 0xffff70002040 with 31 elements 
DEBUG: Client QP created: 0xffff70002360 
DEBUG: Registered: 0xffff6838f010 , len: 4194304 , stag: 0xc0010727 
DEBUG: Memory Map built: ADDR: 0xffff6838f010 
DEBUG: Registered: 0xffff70002210 , len: 56 , stag: 0xc0010827 
DEBUG: Pre-posting Receive HELLO 
DEBUG: Wait for : RDMA_CM_EVENT_ESTABLISHED event 
DEBUG: RDMA_CM_EVENT_REJECTED event received 
library/rdma/lib_c/server.c : 322 : ERROR : Event not found RDMA_CM_EVENT_REJECTED
PERROR: Success
DEBUG: Server shut-down is complete 
DEBUG: Cleanup complete - starting over 
log: 2024-06-19 08:05:16.778 SPINNING NEW THREAD
DEBUG: RDMA_CM_EVENT_CONNECT_REQUEST event received 
DEBUG: Protection domain (PD) allocated: 0xffff70002620 
DEBUG: I/O completion event channel created: 0xffff70002640 
DEBUG: Completion queue (CQ) created: 0xffff70002660 with 31 elements 
DEBUG: Client QP created: 0xffff700027f0 
DEBUG: Registered: 0xffff5a3cf010 , len: 4194304 , stag: 0xc0010927 
DEBUG: Memory Map built: ADDR: 0xffff5a3cf010 
DEBUG: Registered: 0xffff70002d90 , len: 56 , stag: 0xc0010a27 
DEBUG: Pre-posting Receive HELLO 
DEBUG: Wait for : RDMA_CM_EVENT_ESTABLISHED event 
DEBUG: RDMA_CM_EVENT_REJECTED event received 
library/rdma/lib_c/server.c : 322 : ERROR : Event not found RDMA_CM_EVENT_REJECTED
PERROR: Success
DEBUG: Server shut-down is complete 
DEBUG: Cleanup complete - starting over 
log: 2024-06-19 08:05:16.790 SPINNING NEW THREAD
DEBUG: RDMA_CM_EVENT_CONNECT_REQUEST event received 
DEBUG: Protection domain (PD) allocated: 0xffff70002ab0 
DEBUG: I/O completion event channel created: 0xffff70002ad0 
DEBUG: Completion queue (CQ) created: 0xffff70002af0 with 31 elements 
DEBUG: Client QP created: 0xffff70002e10 
DEBUG: Registered: 0xffff59fce010 , len: 4194304 , stag: 0xc0010b27 
DEBUG: Memory Map built: ADDR: 0xffff59fce010 
DEBUG: Registered: 0xffff70002cc0 , len: 56 , stag: 0xc0010c27 
DEBUG: Pre-posting Receive HELLO 
DEBUG: Wait for : RDMA_CM_EVENT_ESTABLISHED event 
DEBUG: RDMA_CM_EVENT_REJECTED event received 
library/rdma/lib_c/server.c : 322 : ERROR : Event not found RDMA_CM_EVENT_REJECTED
PERROR: Success
DEBUG: Server shut-down is complete 
DEBUG: Cleanup complete - starting over 
log: 2024-06-19 08:05:16.802 SPINNING NEW THREAD
DEBUG: RDMA_CM_EVENT_CONNECT_REQUEST event received 
DEBUG: Protection domain (PD) allocated: 0xffff700030d0 
DEBUG: I/O completion event channel created: 0xffff700030f0 
DEBUG: Completion queue (CQ) created: 0xffff70003110 with 31 elements 
DEBUG: Client QP created: 0xffff700032a0 
DEBUG: Registered: 0xffff59bcd010 , len: 4194304 , stag: 0xc0010d27 
DEBUG: Memory Map built: ADDR: 0xffff59bcd010 
DEBUG: Registered: 0xffff70003840 , len: 56 , stag: 0xc0010e27 
DEBUG: Pre-posting Receive HELLO 
DEBUG: Wait for : RDMA_CM_EVENT_ESTABLISHED event 
DEBUG: RDMA_CM_EVENT_REJECTED event received 
library/rdma/lib_c/server.c : 322 : ERROR : Event not found RDMA_CM_EVENT_REJECTED
PERROR: Success
DEBUG: Server shut-down is complete 
DEBUG: Cleanup complete - starting over 
log: 2024-06-19 08:05:16.816 SPINNING NEW THREAD
DEBUG: RDMA_CM_EVENT_CONNECT_REQUEST event received 
DEBUG: Protection domain (PD) allocated: 0xffff70003560 
DEBUG: I/O completion event channel created: 0xffff70003580 
DEBUG: Completion queue (CQ) created: 0xffff700035a0 with 31 elements 
DEBUG: Client QP created: 0xffff70003940 
DEBUG: Registered: 0xffff597cc010 , len: 4194304 , stag: 0xc0010f27 
DEBUG: Memory Map built: ADDR: 0xffff597cc010 
DEBUG: Registered: 0xffff70003770 , len: 56 , stag: 0xc0011027 
DEBUG: Pre-posting Receive HELLO 
DEBUG: Wait for : RDMA_CM_EVENT_ESTABLISHED event 
DEBUG: RDMA_CM_EVENT_REJECTED event received 
library/rdma/lib_c/server.c : 322 : ERROR : Event not found RDMA_CM_EVENT_REJECTED
PERROR: Success
DEBUG: Server shut-down is complete 
DEBUG: Cleanup complete - starting over 
log: 2024-06-19 08:05:16.830 SPINNING NEW THREAD
DEBUG: RDMA_CM_EVENT_CONNECT_REQUEST event received 
DEBUG: Protection domain (PD) allocated: 0xffff70003c00 
DEBUG: I/O completion event channel created: 0xffff70003c20 
DEBUG: Completion queue (CQ) created: 0xffff70003c40 with 31 elements 
DEBUG: Client QP created: 0xffff70003dd0 
DEBUG: Registered: 0xffff593cb010 , len: 4194304 , stag: 0xc0011127 
DEBUG: Memory Map built: ADDR: 0xffff593cb010 
DEBUG: Registered: 0xffff70004370 , len: 56 , stag: 0xc0011227 
DEBUG: Pre-posting Receive HELLO 
DEBUG: Wait for : RDMA_CM_EVENT_ESTABLISHED event 
DEBUG: RDMA_CM_EVENT_ESTABLISHED event received 
DEBUG: 1 WC are completed 
DEBUG: Pre-posting Receive Buffer for Address 
DEBUG: Registered: 0xffff700043f0 , len: 56 , stag: 0xc0011327 
DEBUG: Sending HELLO message: 
DEBUG: ---------------------------------------------------------
DEBUG: ------------EXCHANGE BUFFER------------
DEBUG: ---------------------------------------------------------
DEBUG: message 0xffff700043f0
DEBUG: message, type: 0
DEBUG: message: hello: 124 
DEBUG: ---------------------------------------------------------
DEBUG: 1 WC are completed 
DEBUG: Sending HELLO 
DEBUG: 1 WC are completed 
DEBUG: RDMA read the remote memory map. 
log: 2024-06-19 08:05:16.842 elapsed    0.08 ms (82700 ns)
 DEBUG: Sending ACK message: 
DEBUG: ---------------------------------------------------------
DEBUG: ------------EXCHANGE BUFFER------------
DEBUG: ---------------------------------------------------------
DEBUG: message 0xffff700043f0
DEBUG: message, type: 0
DEBUG: message: hello: 111 
DEBUG: ---------------------------------------------------------
DEBUG: Sending POST ACK 
DEBUG: RDMA_CM_EVENT_DISCONNECTED event received 
DEBUG: Server shut-down is complete 
DEBUG: Cleanup complete - starting over 
DEBUG: Message of size 2528006 sent in msq_id: 5 
log: 2024-06-19 08:05:16.853 SPINNING NEW THREAD
DEBUG: RDMA_CM_EVENT_CONNECT_REQUEST event received 
DEBUG: Protection domain (PD) allocated: 0xffff70004090 
DEBUG: I/O completion event channel created: 0xffff700040b0 
DEBUG: Completion queue (CQ) created: 0xffff700040d0 with 31 elements 
DEBUG: Client QP created: 0xffff70004470 
DEBUG: Registered: 0xffff587c8010 , len: 4194304 , stag: 0xc0011427 
DEBUG: Memory Map built: ADDR: 0xffff587c8010 
DEBUG: Registered: 0xffff700042a0 , len: 56 , stag: 0xc0011527 
DEBUG: Pre-posting Receive HELLO 
DEBUG: Wait for : RDMA_CM_EVENT_ESTABLISHED event 
DEBUG: RDMA_CM_EVENT_ESTABLISHED event received 
DEBUG: 1 WC are completed 
DEBUG: Pre-posting Receive Buffer for Address 
DEBUG: Registered: 0xffff700049d0 , len: 56 , stag: 0xc0011627 
DEBUG: Sending HELLO message: 
DEBUG: ---------------------------------------------------------
DEBUG: ------------EXCHANGE BUFFER------------
DEBUG: ---------------------------------------------------------
DEBUG: message 0xffff700049d0
DEBUG: message, type: 0
DEBUG: message: hello: 124 
DEBUG: ---------------------------------------------------------
DEBUG: 1 WC are completed 
DEBUG: Sending HELLO 
DEBUG: 1 WC are completed 
DEBUG: RDMA read the remote memory map. 
log: 2024-06-19 08:05:16.875 elapsed    0.07 ms (70800 ns)
 DEBUG: Sending ACK message: 
DEBUG: ---------------------------------------------------------
DEBUG: ------------EXCHANGE BUFFER------------
DEBUG: ---------------------------------------------------------
DEBUG: message 0xffff700049d0
DEBUG: message, type: 0
DEBUG: message: hello: 111 
DEBUG: ---------------------------------------------------------
DEBUG: Sending POST ACK 
DEBUG: RDMA_CM_EVENT_DISCONNECTED event received 
DEBUG: Server shut-down is complete 
DEBUG: Cleanup complete - starting over 
DEBUG: Message of size 2530258 sent in msq_id: 5 
log: 2024-06-19 08:05:16.885 SPINNING NEW THREAD
DEBUG: RDMA_CM_EVENT_CONNECT_REQUEST event received 
DEBUG: Protection domain (PD) allocated: 0xffff70004730 
DEBUG: I/O completion event channel created: 0xffff70004750 
DEBUG: Completion queue (CQ) created: 0xffff70004770 with 31 elements 
DEBUG: Client QP created: 0xffff70004a50 
DEBUG: Registered: 0xffff700079a0 , len: 4194304 , stag: 0xc0011727 
DEBUG: Memory Map built: ADDR: 0xffff700079a0 
DEBUG: Registered: 0xffff70004940 , len: 56 , stag: 0xc0011827 
DEBUG: Pre-posting Receive HELLO 
DEBUG: Wait for : RDMA_CM_EVENT_ESTABLISHED event 
DEBUG: RDMA_CM_EVENT_ESTABLISHED event received 
DEBUG: 1 WC are completed 
DEBUG: Pre-posting Receive Buffer for Address 
DEBUG: Registered: 0xffff70004fb0 , len: 56 , stag: 0xc0011927 
DEBUG: Sending HELLO message: 
DEBUG: ---------------------------------------------------------
DEBUG: ------------EXCHANGE BUFFER------------
DEBUG: ---------------------------------------------------------
DEBUG: message 0xffff70004fb0
DEBUG: message, type: 0
DEBUG: message: hello: 124 
DEBUG: ---------------------------------------------------------
DEBUG: 1 WC are completed 
DEBUG: Sending HELLO 
DEBUG: 1 WC are completed 
DEBUG: RDMA read the remote memory map. 
log: 2024-06-19 08:05:16.909 elapsed    0.07 ms (72520 ns)
 DEBUG: Sending ACK message: 
DEBUG: ---------------------------------------------------------
DEBUG: ------------EXCHANGE BUFFER------------
DEBUG: ---------------------------------------------------------
DEBUG: message 0xffff70004fb0
DEBUG: message, type: 0
DEBUG: message: hello: 111 
DEBUG: ---------------------------------------------------------
DEBUG: Sending POST ACK 
DEBUG: RDMA_CM_EVENT_DISCONNECTED event received 
DEBUG: Server shut-down is complete 
DEBUG: Cleanup complete - starting over 
DEBUG: Message of size 2531513 sent in msq_id: 5 
log: 2024-06-19 08:05:16.921 SPINNING NEW THREAD
DEBUG: RDMA_CM_EVENT_CONNECT_REQUEST event received 
DEBUG: Protection domain (PD) allocated: 0xffff70004d10 
DEBUG: I/O completion event channel created: 0xffff70004d30 
DEBUG: Completion queue (CQ) created: 0xffff70004d50 with 31 elements 
DEBUG: Client QP created: 0xffff70005030 
DEBUG: Registered: 0xffff70c079d0 , len: 4194304 , stag: 0xc0011a27 
DEBUG: Memory Map built: ADDR: 0xffff70c079d0 
DEBUG: Registered: 0xffff70004f20 , len: 56 , stag: 0xc0011b27 
DEBUG: Pre-posting Receive HELLO 
DEBUG: Wait for : RDMA_CM_EVENT_ESTABLISHED event 
DEBUG: RDMA_CM_EVENT_ESTABLISHED event received 
DEBUG: 1 WC are completed 
DEBUG: Pre-posting Receive Buffer for Address 
DEBUG: Registered: 0xffff70005590 , len: 56 , stag: 0xc0011c27 
DEBUG: Sending HELLO message: 
DEBUG: ---------------------------------------------------------
DEBUG: ------------EXCHANGE BUFFER------------
DEBUG: ---------------------------------------------------------
DEBUG: message 0xffff70005590
DEBUG: message, type: 0
DEBUG: message: hello: 124 
DEBUG: ---------------------------------------------------------
DEBUG: 1 WC are completed 
DEBUG: Sending HELLO 
DEBUG: 1 WC are completed 
DEBUG: RDMA read the remote memory map. 
log: 2024-06-19 08:05:16.944 elapsed    0.10 ms (97380 ns)
 DEBUG: Sending ACK message: 
DEBUG: ---------------------------------------------------------
DEBUG: ------------EXCHANGE BUFFER------------
DEBUG: ---------------------------------------------------------
DEBUG: message 0xffff70005590
DEBUG: message, type: 0
DEBUG: message: hello: 111 
DEBUG: ---------------------------------------------------------
DEBUG: Sending POST ACK 
DEBUG: RDMA_CM_EVENT_DISCONNECTED event received 
DEBUG: Server shut-down is complete 
DEBUG: Cleanup complete - starting over 
DEBUG: Message of size 2531977 sent in msq_id: 5 
log: 2024-06-19 08:05:16.956 SPINNING NEW THREAD
DEBUG: RDMA_CM_EVENT_CONNECT_REQUEST event received 
DEBUG: Protection domain (PD) allocated: 0xffff700058d0 
DEBUG: I/O completion event channel created: 0xffff700058f0 
DEBUG: Completion queue (CQ) created: 0xffff70005030 with 31 elements 
DEBUG: Client QP created: 0xffff700051c0 
DEBUG: Registered: 0xffff71809a10 , len: 4194304 , stag: 0xc0011d27 
DEBUG: Memory Map built: ADDR: 0xffff71809a10 
DEBUG: Registered: 0xffff700053d0 , len: 56 , stag: 0xc0011e27 
DEBUG: Pre-posting Receive HELLO 
DEBUG: Wait for : RDMA_CM_EVENT_ESTABLISHED event 
DEBUG: RDMA_CM_EVENT_ESTABLISHED event received 
DEBUG: 1 WC are completed 
DEBUG: Pre-posting Receive Buffer for Address 
DEBUG: Registered: 0xffff70005450 , len: 56 , stag: 0xc0011f27 
DEBUG: Sending HELLO message: 
DEBUG: ---------------------------------------------------------
DEBUG: ------------EXCHANGE BUFFER------------
DEBUG: ---------------------------------------------------------
DEBUG: message 0xffff70005450
DEBUG: message, type: 0
DEBUG: message: hello: 124 
DEBUG: ---------------------------------------------------------
DEBUG: 1 WC are completed 
DEBUG: Sending HELLO 
DEBUG: 1 WC are completed 
DEBUG: RDMA read the remote memory map. 
log: 2024-06-19 08:05:16.976 elapsed    0.05 ms (53840 ns)
 DEBUG: Sending ACK message: 
DEBUG: ---------------------------------------------------------
DEBUG: ------------EXCHANGE BUFFER------------
DEBUG: ---------------------------------------------------------
DEBUG: message 0xffff70005450
DEBUG: message, type: 0
DEBUG: message: hello: 111 
DEBUG: ---------------------------------------------------------
DEBUG: Sending POST ACK 
DEBUG: RDMA_CM_EVENT_DISCONNECTED event received 
DEBUG: Server shut-down is complete 
DEBUG: Cleanup complete - starting over 
DEBUG: Message of size 2531321 sent in msq_id: 5 
log: 2024-06-19 08:05:16.988 SPINNING NEW THREAD
DEBUG: RDMA_CM_EVENT_CONNECT_REQUEST event received 
DEBUG: Protection domain (PD) allocated: 0xffff70005c50 
DEBUG: I/O completion event channel created: 0xffff70005c70 
DEBUG: Completion queue (CQ) created: 0xffff70005c90 with 31 elements 
DEBUG: Client QP created: 0xffff700051c0 
DEBUG: Registered: 0xffff72409a40 , len: 4194304 , stag: 0xc0012027 
DEBUG: Memory Map built: ADDR: 0xffff72409a40 
DEBUG: Registered: 0xffff70005510 , len: 56 , stag: 0xc0012127 
DEBUG: Pre-posting Receive HELLO 
DEBUG: Wait for : RDMA_CM_EVENT_ESTABLISHED event 
DEBUG: RDMA_CM_EVENT_ESTABLISHED event received 
DEBUG: 1 WC are completed 
DEBUG: Pre-posting Receive Buffer for Address 
DEBUG: Registered: 0xffff70006170 , len: 56 , stag: 0xc0012227 
DEBUG: Sending HELLO message: 
DEBUG: ---------------------------------------------------------
DEBUG: ------------EXCHANGE BUFFER------------
DEBUG: ---------------------------------------------------------
DEBUG: message 0xffff70006170
DEBUG: message, type: 0
DEBUG: message: hello: 124 
DEBUG: ---------------------------------------------------------
DEBUG: 1 WC are completed 
DEBUG: Sending HELLO 
DEBUG: 1 WC are completed 
DEBUG: RDMA read the remote memory map. 
log: 2024-06-19 08:05:16.997 elapsed    0.07 ms (69980 ns)
 DEBUG: Sending ACK message: 
DEBUG: ---------------------------------------------------------
DEBUG: ------------EXCHANGE BUFFER------------
DEBUG: ---------------------------------------------------------
DEBUG: message 0xffff70006170
DEBUG: message, type: 0
DEBUG: message: hello: 111 
DEBUG: ---------------------------------------------------------
DEBUG: Sending POST ACK 
DEBUG: RDMA_CM_EVENT_DISCONNECTED event received 
DEBUG: Server shut-down is complete 
DEBUG: Cleanup complete - starting over 
DEBUG: Message of size 4 sent in msq_id: 5 
log: 2024-06-19 08:05:17.002 SPINNING NEW THREAD
2024-06-19:08:05:17,005 INFO     [minion_rdma_ops.py:71:handle_rdma_data] received the frame: 5
2024-06-19:08:05:17,023 INFO     [utils.py:118:write_string_to_file] String written to /tmp/receiver_1 successfully.
2024-06-19:08:05:17,040 INFO     [utils.py:118:write_string_to_file] String written to /tmp/receiver_2 successfully.
2024-06-19:08:05:17,063 INFO     [utils.py:118:write_string_to_file] String written to /tmp/receiver_3 successfully.
2024-06-19:08:05:17,082 INFO     [utils.py:118:write_string_to_file] String written to /tmp/receiver_4 successfully.
2024-06-19:08:05:17,101 INFO     [utils.py:118:write_string_to_file] String written to /tmp/receiver_5 successfully.
2024-06-19:08:05:17,122 INFO     [minion_rdma_ops.py:94:handle_rdma_data] converted!
2024-06-19:08:05:17,122 INFO     [cdi_ops_handlers.py:9:create_cdis] create_cdis: Processing request
2024-06-19:08:05:17,122 INFO     [cdi_ops_handlers.py:13:create_cdis] create_cdis: Fetching cdi record with key: 880519e2-7221-4387-aa1a-49707fd70810
2024-06-19:08:05:17,151 ERROR    [cdi_ops_handlers.py:18:create_cdis] create_cdis: Processing cdi record with key: 880519e2-7221-4387-aa1a-49707fd70810
2024-06-19:08:05:17,152 INFO     [cdi_ops_handlers.py:24:create_cdis] Minion-create_cdis: Accessing SharedMemory for App: , CDI: 880519e2-7221-4387-aa1a-49707fd70810
2024-06-19:08:05:17,152 INFO     [shm_lib.py:123:__populate_shm_id_if_empty] __populate_shm_id_if_empty: Creating new SHM for key: 5780
2024-06-19:08:05:17,152 INFO     [shm_lib.py:142:print_stat] 

2024-06-19:08:05:17,153 INFO     [shm_lib.py:143:print_stat] Key: 5780
2024-06-19:08:05:17,153 INFO     [shm_lib.py:144:print_stat] SHMID: 65548
2024-06-19:08:05:17,153 INFO     [shm_lib.py:145:print_stat] Access UID: 996
2024-06-19:08:05:17,153 INFO     [shm_lib.py:146:print_stat] Access GID: 24
2024-06-19:08:05:17,153 INFO     [shm_lib.py:147:print_stat] Creator UID: 0
2024-06-19:08:05:17,154 INFO     [shm_lib.py:148:print_stat] Creator GID: 0
2024-06-19:08:05:17,154 INFO     [shm_lib.py:149:print_stat] Access Mode: 666
2024-06-19:08:05:17,154 INFO     [shm_lib.py:150:print_stat] Size (Bytes): 10000000
2024-06-19:08:05:17,154 INFO     [shm_lib.py:151:print_stat] Last Operator PID: 0
2024-06-19:08:05:17,154 INFO     [shm_lib.py:152:print_stat] Creator PID: 0
2024-06-19:08:05:17,155 INFO     [shm_lib.py:153:print_stat] Number of attached Processes: 0
2024-06-19:08:05:17,155 INFO     [shm_lib.py:154:print_stat] Last attach time: 1718783204
2024-06-19:08:05:17,155 INFO     [shm_lib.py:155:print_stat] Last detach time: 1718783204
2024-06-19:08:05:17,155 INFO     [shm_lib.py:156:print_stat] Last change time: 1718783199
2024-06-19:08:05:17,155 INFO     [shm_lib.py:157:print_stat] 

2024-06-19:08:05:17,156 ERROR    [cdi_ops_handlers.py:49:create_cdis] create_cdis: Updating cdi record with key: 880519e2-7221-4387-aa1a-49707fd70810
2024-06-19:08:05:17,163 INFO     [shm_ops.py:54:write_data] shm_write_data: wrote data to shared memory with shm_id: 65548
2024-06-19:08:05:17,198 INFO     [cdi_ops_handlers.py:56:create_cdis] create_cdis: Successfully created cdi record for key: 880519e2-7221-4387-aa1a-49707fd70810
2024-06-19:08:05:17,199 INFO     [cdi_ops_handlers.py:13:create_cdis] create_cdis: Fetching cdi record with key: ce582af4-490d-4bdb-96b7-421522266b65
2024-06-19:08:05:17,228 ERROR    [cdi_ops_handlers.py:18:create_cdis] create_cdis: Processing cdi record with key: ce582af4-490d-4bdb-96b7-421522266b65
2024-06-19:08:05:17,229 INFO     [cdi_ops_handlers.py:24:create_cdis] Minion-create_cdis: Accessing SharedMemory for App: , CDI: ce582af4-490d-4bdb-96b7-421522266b65
2024-06-19:08:05:17,229 INFO     [shm_lib.py:123:__populate_shm_id_if_empty] __populate_shm_id_if_empty: Creating new SHM for key: 5781
2024-06-19:08:05:17,229 INFO     [shm_lib.py:142:print_stat] 

2024-06-19:08:05:17,230 INFO     [shm_lib.py:143:print_stat] Key: 5781
2024-06-19:08:05:17,230 INFO     [shm_lib.py:144:print_stat] SHMID: 65549
2024-06-19:08:05:17,230 INFO     [shm_lib.py:145:print_stat] Access UID: 996
2024-06-19:08:05:17,230 INFO     [shm_lib.py:146:print_stat] Access GID: 24
2024-06-19:08:05:17,230 INFO     [shm_lib.py:147:print_stat] Creator UID: 0
2024-06-19:08:05:17,231 INFO     [shm_lib.py:148:print_stat] Creator GID: 0
2024-06-19:08:05:17,231 INFO     [shm_lib.py:149:print_stat] Access Mode: 666
2024-06-19:08:05:17,231 INFO     [shm_lib.py:150:print_stat] Size (Bytes): 10000000
2024-06-19:08:05:17,231 INFO     [shm_lib.py:151:print_stat] Last Operator PID: 0
2024-06-19:08:05:17,231 INFO     [shm_lib.py:152:print_stat] Creator PID: 0
2024-06-19:08:05:17,231 INFO     [shm_lib.py:153:print_stat] Number of attached Processes: 0
2024-06-19:08:05:17,232 INFO     [shm_lib.py:154:print_stat] Last attach time: 1718783211
2024-06-19:08:05:17,232 INFO     [shm_lib.py:155:print_stat] Last detach time: 1718783211
2024-06-19:08:05:17,232 INFO     [shm_lib.py:156:print_stat] Last change time: 1718783199
2024-06-19:08:05:17,232 INFO     [shm_lib.py:157:print_stat] 

2024-06-19:08:05:17,232 ERROR    [cdi_ops_handlers.py:49:create_cdis] create_cdis: Updating cdi record with key: ce582af4-490d-4bdb-96b7-421522266b65
2024-06-19:08:05:17,239 INFO     [shm_ops.py:54:write_data] shm_write_data: wrote data to shared memory with shm_id: 65549
2024-06-19:08:05:17,276 INFO     [cdi_ops_handlers.py:56:create_cdis] create_cdis: Successfully created cdi record for key: ce582af4-490d-4bdb-96b7-421522266b65
2024-06-19:08:05:17,277 INFO     [cdi_ops_handlers.py:13:create_cdis] create_cdis: Fetching cdi record with key: d20f1517-7ca8-4d69-9f0b-c2f52444d301
2024-06-19:08:05:17,305 ERROR    [cdi_ops_handlers.py:18:create_cdis] create_cdis: Processing cdi record with key: d20f1517-7ca8-4d69-9f0b-c2f52444d301
2024-06-19:08:05:17,306 INFO     [cdi_ops_handlers.py:24:create_cdis] Minion-create_cdis: Accessing SharedMemory for App: , CDI: d20f1517-7ca8-4d69-9f0b-c2f52444d301
2024-06-19:08:05:17,306 INFO     [shm_lib.py:123:__populate_shm_id_if_empty] __populate_shm_id_if_empty: Creating new SHM for key: 5782
2024-06-19:08:05:17,306 INFO     [shm_lib.py:142:print_stat] 

2024-06-19:08:05:17,306 INFO     [shm_lib.py:143:print_stat] Key: 5782
2024-06-19:08:05:17,307 INFO     [shm_lib.py:144:print_stat] SHMID: 65550
2024-06-19:08:05:17,307 INFO     [shm_lib.py:145:print_stat] Access UID: 996
2024-06-19:08:05:17,307 INFO     [shm_lib.py:146:print_stat] Access GID: 24
2024-06-19:08:05:17,307 INFO     [shm_lib.py:147:print_stat] Creator UID: 0
2024-06-19:08:05:17,307 INFO     [shm_lib.py:148:print_stat] Creator GID: 0
2024-06-19:08:05:17,308 INFO     [shm_lib.py:149:print_stat] Access Mode: 666
2024-06-19:08:05:17,308 INFO     [shm_lib.py:150:print_stat] Size (Bytes): 10000000
2024-06-19:08:05:17,308 INFO     [shm_lib.py:151:print_stat] Last Operator PID: 0
2024-06-19:08:05:17,308 INFO     [shm_lib.py:152:print_stat] Creator PID: 0
2024-06-19:08:05:17,308 INFO     [shm_lib.py:153:print_stat] Number of attached Processes: 0
2024-06-19:08:05:17,309 INFO     [shm_lib.py:154:print_stat] Last attach time: 1718783218
2024-06-19:08:05:17,309 INFO     [shm_lib.py:155:print_stat] Last detach time: 1718783218
2024-06-19:08:05:17,309 INFO     [shm_lib.py:156:print_stat] Last change time: 1718783199
2024-06-19:08:05:17,309 INFO     [shm_lib.py:157:print_stat] 

2024-06-19:08:05:17,309 ERROR    [cdi_ops_handlers.py:49:create_cdis] create_cdis: Updating cdi record with key: d20f1517-7ca8-4d69-9f0b-c2f52444d301
2024-06-19:08:05:17,315 INFO     [shm_ops.py:54:write_data] shm_write_data: wrote data to shared memory with shm_id: 65550
2024-06-19:08:05:17,350 INFO     [cdi_ops_handlers.py:56:create_cdis] create_cdis: Successfully created cdi record for key: d20f1517-7ca8-4d69-9f0b-c2f52444d301
2024-06-19:08:05:17,351 INFO     [cdi_ops_handlers.py:13:create_cdis] create_cdis: Fetching cdi record with key: d31bc6b2-88bd-4712-8808-08590d8ae68e
2024-06-19:08:05:17,379 ERROR    [cdi_ops_handlers.py:18:create_cdis] create_cdis: Processing cdi record with key: d31bc6b2-88bd-4712-8808-08590d8ae68e
2024-06-19:08:05:17,379 INFO     [cdi_ops_handlers.py:24:create_cdis] Minion-create_cdis: Accessing SharedMemory for App: , CDI: d31bc6b2-88bd-4712-8808-08590d8ae68e
2024-06-19:08:05:17,379 INFO     [shm_lib.py:123:__populate_shm_id_if_empty] __populate_shm_id_if_empty: Creating new SHM for key: 5783
2024-06-19:08:05:17,380 INFO     [shm_lib.py:142:print_stat] 

2024-06-19:08:05:17,380 INFO     [shm_lib.py:143:print_stat] Key: 5783
2024-06-19:08:05:17,380 INFO     [shm_lib.py:144:print_stat] SHMID: 65551
2024-06-19:08:05:17,380 INFO     [shm_lib.py:145:print_stat] Access UID: 996
2024-06-19:08:05:17,380 INFO     [shm_lib.py:146:print_stat] Access GID: 24
2024-06-19:08:05:17,380 INFO     [shm_lib.py:147:print_stat] Creator UID: 0
2024-06-19:08:05:17,381 INFO     [shm_lib.py:148:print_stat] Creator GID: 0
2024-06-19:08:05:17,381 INFO     [shm_lib.py:149:print_stat] Access Mode: 666
2024-06-19:08:05:17,381 INFO     [shm_lib.py:150:print_stat] Size (Bytes): 10000000
2024-06-19:08:05:17,381 INFO     [shm_lib.py:151:print_stat] Last Operator PID: 0
2024-06-19:08:05:17,381 INFO     [shm_lib.py:152:print_stat] Creator PID: 0
2024-06-19:08:05:17,382 INFO     [shm_lib.py:153:print_stat] Number of attached Processes: 0
2024-06-19:08:05:17,382 INFO     [shm_lib.py:154:print_stat] Last attach time: 1718783224
2024-06-19:08:05:17,382 INFO     [shm_lib.py:155:print_stat] Last detach time: 1718783224
2024-06-19:08:05:17,382 INFO     [shm_lib.py:156:print_stat] Last change time: 1718783199
2024-06-19:08:05:17,382 INFO     [shm_lib.py:157:print_stat] 

2024-06-19:08:05:17,383 ERROR    [cdi_ops_handlers.py:49:create_cdis] create_cdis: Updating cdi record with key: d31bc6b2-88bd-4712-8808-08590d8ae68e
2024-06-19:08:05:17,388 INFO     [shm_ops.py:54:write_data] shm_write_data: wrote data to shared memory with shm_id: 65551
2024-06-19:08:05:17,425 INFO     [cdi_ops_handlers.py:56:create_cdis] create_cdis: Successfully created cdi record for key: d31bc6b2-88bd-4712-8808-08590d8ae68e
2024-06-19:08:05:17,425 INFO     [cdi_ops_handlers.py:13:create_cdis] create_cdis: Fetching cdi record with key: 52597a08-fc2e-4a09-9c7d-88347a03e0af
2024-06-19:08:05:17,453 ERROR    [cdi_ops_handlers.py:18:create_cdis] create_cdis: Processing cdi record with key: 52597a08-fc2e-4a09-9c7d-88347a03e0af
2024-06-19:08:05:17,454 INFO     [cdi_ops_handlers.py:24:create_cdis] Minion-create_cdis: Accessing SharedMemory for App: , CDI: 52597a08-fc2e-4a09-9c7d-88347a03e0af
2024-06-19:08:05:17,454 INFO     [shm_lib.py:123:__populate_shm_id_if_empty] __populate_shm_id_if_empty: Creating new SHM for key: 5784
2024-06-19:08:05:17,454 INFO     [shm_lib.py:142:print_stat] 

2024-06-19:08:05:17,455 INFO     [shm_lib.py:143:print_stat] Key: 5784
2024-06-19:08:05:17,455 INFO     [shm_lib.py:144:print_stat] SHMID: 65552
2024-06-19:08:05:17,455 INFO     [shm_lib.py:145:print_stat] Access UID: 996
2024-06-19:08:05:17,455 INFO     [shm_lib.py:146:print_stat] Access GID: 24
2024-06-19:08:05:17,455 INFO     [shm_lib.py:147:print_stat] Creator UID: 0
2024-06-19:08:05:17,456 INFO     [shm_lib.py:148:print_stat] Creator GID: 0
2024-06-19:08:05:17,456 INFO     [shm_lib.py:149:print_stat] Access Mode: 666
2024-06-19:08:05:17,456 INFO     [shm_lib.py:150:print_stat] Size (Bytes): 10000000
2024-06-19:08:05:17,456 INFO     [shm_lib.py:151:print_stat] Last Operator PID: 0
2024-06-19:08:05:17,456 INFO     [shm_lib.py:152:print_stat] Creator PID: 0
2024-06-19:08:05:17,457 INFO     [shm_lib.py:153:print_stat] Number of attached Processes: 0
2024-06-19:08:05:17,457 INFO     [shm_lib.py:154:print_stat] Last attach time: 1718783224
2024-06-19:08:05:17,457 INFO     [shm_lib.py:155:print_stat] Last detach time: 1718783225
2024-06-19:08:05:17,457 INFO     [shm_lib.py:156:print_stat] Last change time: 1718783199
2024-06-19:08:05:17,457 INFO     [shm_lib.py:157:print_stat] 

2024-06-19:08:05:17,458 ERROR    [cdi_ops_handlers.py:49:create_cdis] create_cdis: Updating cdi record with key: 52597a08-fc2e-4a09-9c7d-88347a03e0af
2024-06-19:08:05:17,463 INFO     [shm_ops.py:54:write_data] shm_write_data: wrote data to shared memory with shm_id: 65552
2024-06-19:08:05:17,500 INFO     [cdi_ops_handlers.py:56:create_cdis] create_cdis: Successfully created cdi record for key: 52597a08-fc2e-4a09-9c7d-88347a03e0af
2024-06-19:08:05:53,055 INFO     [server_api_handlers.py:74:TransferAndDeleteCDIs] TransferAndDeleteCDIs: Processing request
2024-06-19:08:05:53,056 INFO     [server_api_handlers.py:79:TransferAndDeleteCDIs] TransferAndDeleteCDIs: Fetching cdi record with key: 880519e2-7221-4387-aa1a-49707fd70810
2024-06-19:08:05:53,088 INFO     [shm_lib.py:126:__populate_shm_id_if_empty] __populate_shm_id_if_empty: Attempting to attach to SHM with key: 5780
2024-06-19:08:05:53,088 INFO     [server_api_handlers.py:103:TransferAndDeleteCDIs] Minion-TransferAndDeleteCDIs: Fetching payload of SharedMemory for App: , CDI: 880519e2-7221-4387-aa1a-49707fd70810
2024-06-19:08:05:53,534 INFO     [shm_ops.py:64:read_data] shm_read_data: read data from shared memory with shm_id: 65548
2024-06-19:08:05:53,535 INFO     [server_api_handlers.py:79:TransferAndDeleteCDIs] TransferAndDeleteCDIs: Fetching cdi record with key: ce582af4-490d-4bdb-96b7-421522266b65
2024-06-19:08:05:53,562 INFO     [shm_lib.py:126:__populate_shm_id_if_empty] __populate_shm_id_if_empty: Attempting to attach to SHM with key: 5781
2024-06-19:08:05:53,563 INFO     [server_api_handlers.py:103:TransferAndDeleteCDIs] Minion-TransferAndDeleteCDIs: Fetching payload of SharedMemory for App: , CDI: ce582af4-490d-4bdb-96b7-421522266b65
2024-06-19:08:05:54,004 INFO     [shm_ops.py:64:read_data] shm_read_data: read data from shared memory with shm_id: 65549
2024-06-19:08:05:54,004 INFO     [server_api_handlers.py:79:TransferAndDeleteCDIs] TransferAndDeleteCDIs: Fetching cdi record with key: d20f1517-7ca8-4d69-9f0b-c2f52444d301
2024-06-19:08:05:54,032 INFO     [shm_lib.py:126:__populate_shm_id_if_empty] __populate_shm_id_if_empty: Attempting to attach to SHM with key: 5782
2024-06-19:08:05:54,032 INFO     [server_api_handlers.py:103:TransferAndDeleteCDIs] Minion-TransferAndDeleteCDIs: Fetching payload of SharedMemory for App: , CDI: d20f1517-7ca8-4d69-9f0b-c2f52444d301
2024-06-19:08:05:54,474 INFO     [shm_ops.py:64:read_data] shm_read_data: read data from shared memory with shm_id: 65550
2024-06-19:08:05:54,474 INFO     [server_api_handlers.py:79:TransferAndDeleteCDIs] TransferAndDeleteCDIs: Fetching cdi record with key: d31bc6b2-88bd-4712-8808-08590d8ae68e
2024-06-19:08:05:54,509 INFO     [shm_lib.py:126:__populate_shm_id_if_empty] __populate_shm_id_if_empty: Attempting to attach to SHM with key: 5783
2024-06-19:08:05:54,509 INFO     [server_api_handlers.py:103:TransferAndDeleteCDIs] Minion-TransferAndDeleteCDIs: Fetching payload of SharedMemory for App: , CDI: d31bc6b2-88bd-4712-8808-08590d8ae68e
2024-06-19:08:05:54,958 INFO     [shm_ops.py:64:read_data] shm_read_data: read data from shared memory with shm_id: 65551
2024-06-19:08:05:54,959 INFO     [server_api_handlers.py:79:TransferAndDeleteCDIs] TransferAndDeleteCDIs: Fetching cdi record with key: 52597a08-fc2e-4a09-9c7d-88347a03e0af
2024-06-19:08:05:54,986 INFO     [shm_lib.py:126:__populate_shm_id_if_empty] __populate_shm_id_if_empty: Attempting to attach to SHM with key: 5784
2024-06-19:08:05:54,986 INFO     [server_api_handlers.py:103:TransferAndDeleteCDIs] Minion-TransferAndDeleteCDIs: Fetching payload of SharedMemory for App: , CDI: 52597a08-fc2e-4a09-9c7d-88347a03e0af
2024-06-19:08:05:55,427 INFO     [shm_ops.py:64:read_data] shm_read_data: read data from shared memory with shm_id: 65552
2024-06-19:08:05:55,427 INFO     [minion_rdma_ops.py:22:CreateCDIs] CreateCDIs(192.168.119.201:12345): Sending request
2024-06-19:08:05:55,460 INFO     [minion_rdma_ops.py:30:CreateCDIs] sending message of len: 5 to client
2024-06-19:08:05:55,473 INFO     [utils.py:118:write_string_to_file] String written to /tmp/sender_1 successfully.
2024-06-19:08:05:55,475 INFO     [client.py:26:start_client] start_client: sending string of size: 2554100
log: 2024-06-19 08:05:55.478 Connecting to Server at: 192.168.119.201 , port: 12345 
DEBUG: RDMA CM event channel created: 0xffff4800be80 
DEBUG: waiting for cm event: RDMA_CM_EVENT_ADDR_RESOLVED
DEBUG: RDMA_CM_EVENT_ADDR_RESOLVED event received 
DEBUG: RDMA_CM_EVENT_ROUTE_RESOLVED event received 
log: 2024-06-19 08:05:55.478 Trying to connect to server at : 192.168.119.201 port: 12345 
DEBUG: Protection Domain (PD) allocated: 0xffff40270f80 
DEBUG: Completion channel created: 0xffff402711d0 
DEBUG: CQ created: 0xffff402711f0 with 31 elements 
DEBUG: Client QP created: 0xffff40271380 
DEBUG: Registered: 0xffff402738f0 , len: 56 , stag: 0xc0012327 
DEBUG: Pre-posting Receive HELLO 
DEBUG: Allocated memory of size : 0DEBUG: Copied and going to registerDEBUG: Registered: 0xffff40273970 , len: 4194304 , stag: 0xc0012427 
DEBUG: Memory Map built: ADDR: 0xffff40273970
DEBUG: RDMA_CM_EVENT_CONNECT_ERROR event received 
library/rdma/lib_c/client.c : 305 : ERROR : Event not found RDMA_CM_EVENT_CONNECT_ERROR 
PERROR: Invalid argument
DEBUG: Freeing memory regionDEBUG: De-registering memory region mrDEBUG: Deregistered: 0xffff40273970 , len: 4194304 , stag : 0xc0012427 
DEBUG: Client resource clean up is complete 
2024-06-19:08:05:55,493 INFO     [minion_rdma_ops.py:46:CreateCDIs] Retrying sending 0

2024-06-19:08:05:55,494 INFO     [client.py:26:start_client] start_client: sending string of size: 2554100
log: 2024-06-19 08:05:55.495 Connecting to Server at: 192.168.119.201 , port: 12345 
DEBUG: RDMA CM event channel created: 0xffff40001170 
DEBUG: waiting for cm event: RDMA_CM_EVENT_ADDR_RESOLVED
DEBUG: RDMA_CM_EVENT_ADDR_RESOLVED event received 
DEBUG: RDMA_CM_EVENT_ROUTE_RESOLVED event received 
log: 2024-06-19 08:05:55.496 Trying to connect to server at : 192.168.119.201 port: 12345 
DEBUG: Protection Domain (PD) allocated: 0xffff404e35a0 
DEBUG: Completion channel created: 0xffff404e35c0 
DEBUG: CQ created: 0xffff404e35e0 with 31 elements 
DEBUG: Client QP created: 0xffff404e3770 
DEBUG: Registered: 0xffff40673980 , len: 56 , stag: 0xc8012427 
DEBUG: Pre-posting Receive HELLO 
DEBUG: Allocated memory of size : 0DEBUG: Copied and going to registerDEBUG: Registered: 0xffff406739c0 , len: 4194304 , stag: 0xc8012527 
DEBUG: Memory Map built: ADDR: 0xffff406739c0
DEBUG: RDMA_CM_EVENT_CONNECT_ERROR event received 
library/rdma/lib_c/client.c : 305 : ERROR : Event not found RDMA_CM_EVENT_CONNECT_ERROR 
PERROR: Invalid argument
DEBUG: Freeing memory regionDEBUG: De-registering memory region mrDEBUG: Deregistered: 0xffff406739c0 , len: 4194304 , stag : 0xc8012527 
DEBUG: Client resource clean up is complete 
2024-06-19:08:05:55,510 INFO     [minion_rdma_ops.py:46:CreateCDIs] Retrying sending 0

2024-06-19:08:05:55,512 INFO     [client.py:26:start_client] start_client: sending string of size: 2554100
log: 2024-06-19 08:05:55.513 Connecting to Server at: 192.168.119.201 , port: 12345 
DEBUG: RDMA CM event channel created: 0xffff404e3ca0 
DEBUG: waiting for cm event: RDMA_CM_EVENT_ADDR_RESOLVED
DEBUG: RDMA_CM_EVENT_ADDR_RESOLVED event received 
DEBUG: RDMA_CM_EVENT_ROUTE_RESOLVED event received 
log: 2024-06-19 08:05:55.513 Trying to connect to server at : 192.168.119.201 port: 12345 
DEBUG: Protection Domain (PD) allocated: 0xffff404e3ff0 
DEBUG: Completion channel created: 0xffff404e4010 
DEBUG: CQ created: 0xffff404e4030 with 31 elements 
DEBUG: Client QP created: 0xffff404e41c0 
DEBUG: Registered: 0xffff404e3c60 , len: 56 , stag: 0xd0012527 
DEBUG: Pre-posting Receive HELLO 
DEBUG: Allocated memory of size : 2554100DEBUG: Copied and going to registerDEBUG: Registered: 0xffff406739c0 , len: 4194304 , stag: 0xd0012627 
DEBUG: Memory Map built: ADDR: 0xffff406739c0
DEBUG: RDMA_CM_EVENT_CONNECT_ERROR event received 
library/rdma/lib_c/client.c : 305 : ERROR : Event not found RDMA_CM_EVENT_CONNECT_ERROR 
PERROR: Invalid argument
DEBUG: Freeing memory regionDEBUG: De-registering memory region mrDEBUG: Deregistered: 0xffff406739c0 , len: 4194304 , stag : 0xd0012627 
DEBUG: Client resource clean up is complete 
2024-06-19:08:05:55,526 INFO     [minion_rdma_ops.py:46:CreateCDIs] Retrying sending 0

2024-06-19:08:05:55,527 INFO     [client.py:26:start_client] start_client: sending string of size: 2554100
log: 2024-06-19 08:05:55.528 Connecting to Server at: 192.168.119.201 , port: 12345 
DEBUG: RDMA CM event channel created: 0xffff404e46f0 
DEBUG: waiting for cm event: RDMA_CM_EVENT_ADDR_RESOLVED
DEBUG: RDMA_CM_EVENT_ADDR_RESOLVED event received 
DEBUG: RDMA_CM_EVENT_ROUTE_RESOLVED event received 
log: 2024-06-19 08:05:55.528 Trying to connect to server at : 192.168.119.201 port: 12345 
DEBUG: Protection Domain (PD) allocated: 0xffff404e4a40 
DEBUG: Completion channel created: 0xffff404e4a60 
DEBUG: CQ created: 0xffff404e4a80 with 31 elements 
DEBUG: Client QP created: 0xffff404e4c10 
DEBUG: Registered: 0xffff404e46b0 , len: 56 , stag: 0xd8012627 
DEBUG: Pre-posting Receive HELLO 
DEBUG: Allocated memory of size : 2554100DEBUG: Copied and going to registerDEBUG: Registered: 0xffff406739c0 , len: 4194304 , stag: 0xd8012727 
DEBUG: Memory Map built: ADDR: 0xffff406739c0
DEBUG: RDMA_CM_EVENT_CONNECT_ERROR event received 
library/rdma/lib_c/client.c : 305 : ERROR : Event not found RDMA_CM_EVENT_CONNECT_ERROR 
PERROR: Invalid argument
DEBUG: Freeing memory regionDEBUG: De-registering memory region mrDEBUG: Deregistered: 0xffff406739c0 , len: 4194304 , stag : 0xd8012727 
DEBUG: Client resource clean up is complete 
2024-06-19:08:05:55,541 INFO     [minion_rdma_ops.py:46:CreateCDIs] Retrying sending 0

2024-06-19:08:05:55,543 INFO     [client.py:26:start_client] start_client: sending string of size: 2554100
log: 2024-06-19 08:05:55.544 Connecting to Server at: 192.168.119.201 , port: 12345 
DEBUG: RDMA CM event channel created: 0xffff404e5140 
DEBUG: waiting for cm event: RDMA_CM_EVENT_ADDR_RESOLVED
DEBUG: RDMA_CM_EVENT_ADDR_RESOLVED event received 
DEBUG: RDMA_CM_EVENT_ROUTE_RESOLVED event received 
log: 2024-06-19 08:05:55.544 Trying to connect to server at : 192.168.119.201 port: 12345 
DEBUG: Protection Domain (PD) allocated: 0xffff404e5490 
DEBUG: Completion channel created: 0xffff404e54b0 
DEBUG: CQ created: 0xffff404e54d0 with 31 elements 
DEBUG: Client QP created: 0xffff404e5660 
DEBUG: Registered: 0xffff404e5100 , len: 56 , stag: 0xe0012727 
DEBUG: Pre-posting Receive HELLO 
DEBUG: Allocated memory of size : 2554100DEBUG: Copied and going to registerDEBUG: Registered: 0xffff406739c0 , len: 4194304 , stag: 0xe0012827 
DEBUG: Memory Map built: ADDR: 0xffff406739c0
DEBUG: RDMA_CM_EVENT_CONNECT_ERROR event received 
library/rdma/lib_c/client.c : 305 : ERROR : Event not found RDMA_CM_EVENT_CONNECT_ERROR 
PERROR: Invalid argument
DEBUG: Freeing memory regionDEBUG: De-registering memory region mrDEBUG: Deregistered: 0xffff406739c0 , len: 4194304 , stag : 0xe0012827 
DEBUG: Client resource clean up is complete 
2024-06-19:08:05:55,558 INFO     [minion_rdma_ops.py:46:CreateCDIs] Retrying sending 0

2024-06-19:08:05:55,559 INFO     [client.py:26:start_client] start_client: sending string of size: 2554100
log: 2024-06-19 08:05:55.560 Connecting to Server at: 192.168.119.201 , port: 12345 
DEBUG: RDMA CM event channel created: 0xffff404e5b90 
DEBUG: waiting for cm event: RDMA_CM_EVENT_ADDR_RESOLVED
DEBUG: RDMA_CM_EVENT_ADDR_RESOLVED event received 
DEBUG: RDMA_CM_EVENT_ROUTE_RESOLVED event received 
log: 2024-06-19 08:05:55.560 Trying to connect to server at : 192.168.119.201 port: 12345 
DEBUG: Protection Domain (PD) allocated: 0xffff404e5ee0 
DEBUG: Completion channel created: 0xffff404e5f00 
DEBUG: CQ created: 0xffff404e5f20 with 31 elements 
DEBUG: Client QP created: 0xffff404e60b0 
DEBUG: Registered: 0xffff404e5b50 , len: 56 , stag: 0xe8012827 
DEBUG: Pre-posting Receive HELLO 
DEBUG: Allocated memory of size : 2554100DEBUG: Copied and going to registerDEBUG: Registered: 0xffff406739c0 , len: 4194304 , stag: 0xe8012927 
DEBUG: Memory Map built: ADDR: 0xffff406739c0
DEBUG: RDMA_CM_EVENT_CONNECT_ERROR event received 
library/rdma/lib_c/client.c : 305 : ERROR : Event not found RDMA_CM_EVENT_CONNECT_ERROR 
PERROR: Invalid argument
DEBUG: Freeing memory regionDEBUG: De-registering memory region mrDEBUG: Deregistered: 0xffff406739c0 , len: 4194304 , stag : 0xe8012927 
DEBUG: Client resource clean up is complete 
2024-06-19:08:05:55,573 INFO     [minion_rdma_ops.py:46:CreateCDIs] Retrying sending 0

2024-06-19:08:05:55,574 INFO     [client.py:26:start_client] start_client: sending string of size: 2554100
log: 2024-06-19 08:05:55.575 Connecting to Server at: 192.168.119.201 , port: 12345 
DEBUG: RDMA CM event channel created: 0xffff404e65e0 
DEBUG: waiting for cm event: RDMA_CM_EVENT_ADDR_RESOLVED
DEBUG: RDMA_CM_EVENT_ADDR_RESOLVED event received 
DEBUG: RDMA_CM_EVENT_ROUTE_RESOLVED event received 
log: 2024-06-19 08:05:55.575 Trying to connect to server at : 192.168.119.201 port: 12345 
DEBUG: Protection Domain (PD) allocated: 0xffff404e6930 
DEBUG: Completion channel created: 0xffff404e6950 
DEBUG: CQ created: 0xffff404e6970 with 31 elements 
DEBUG: Client QP created: 0xffff404e6b00 
DEBUG: Registered: 0xffff404e65a0 , len: 56 , stag: 0xf0012927 
DEBUG: Pre-posting Receive HELLO 
DEBUG: Allocated memory of size : 2554100DEBUG: Copied and going to registerDEBUG: Registered: 0xffff406739c0 , len: 4194304 , stag: 0xf0012a27 
DEBUG: Memory Map built: ADDR: 0xffff406739c0
DEBUG: RDMA_CM_EVENT_CONNECT_ERROR event received 
library/rdma/lib_c/client.c : 305 : ERROR : Event not found RDMA_CM_EVENT_CONNECT_ERROR 
PERROR: Invalid argument
DEBUG: Freeing memory regionDEBUG: De-registering memory region mrDEBUG: Deregistered: 0xffff406739c0 , len: 4194304 , stag : 0xf0012a27 
DEBUG: Client resource clean up is complete 
2024-06-19:08:05:55,589 INFO     [minion_rdma_ops.py:46:CreateCDIs] Retrying sending 0

2024-06-19:08:05:55,590 INFO     [client.py:26:start_client] start_client: sending string of size: 2554100
log: 2024-06-19 08:05:55.591 Connecting to Server at: 192.168.119.201 , port: 12345 
DEBUG: RDMA CM event channel created: 0xffff404e6ff0 
DEBUG: waiting for cm event: RDMA_CM_EVENT_ADDR_RESOLVED
DEBUG: RDMA_CM_EVENT_ADDR_RESOLVED event received 
DEBUG: RDMA_CM_EVENT_ROUTE_RESOLVED event received 
log: 2024-06-19 08:05:55.591 Trying to connect to server at : 192.168.119.201 port: 12345 
DEBUG: Protection Domain (PD) allocated: 0xffff404e7310 
DEBUG: Completion channel created: 0xffff404e7330 
DEBUG: CQ created: 0xffff404e7350 with 31 elements 
DEBUG: Client QP created: 0xffff404e74e0 
DEBUG: Registered: 0xffff404e68c0 , len: 56 , stag: 0xf8012a27 
DEBUG: Pre-posting Receive HELLO 
DEBUG: Allocated memory of size : 2554100DEBUG: Copied and going to registerDEBUG: Registered: 0xffff406739c0 , len: 4194304 , stag: 0xf8012b27 
DEBUG: Memory Map built: ADDR: 0xffff406739c0
DEBUG: RDMA_CM_EVENT_CONNECT_ERROR event received 
library/rdma/lib_c/client.c : 305 : ERROR : Event not found RDMA_CM_EVENT_CONNECT_ERROR 
PERROR: Invalid argument
DEBUG: Freeing memory regionDEBUG: De-registering memory region mrDEBUG: Deregistered: 0xffff406739c0 , len: 4194304 , stag : 0xf8012b27 
DEBUG: Client resource clean up is complete 
2024-06-19:08:05:55,606 INFO     [minion_rdma_ops.py:46:CreateCDIs] Retrying sending 0

2024-06-19:08:05:55,607 INFO     [client.py:26:start_client] start_client: sending string of size: 2554100
log: 2024-06-19 08:05:55.608 Connecting to Server at: 192.168.119.201 , port: 12345 
DEBUG: RDMA CM event channel created: 0xffff404e7030 
DEBUG: waiting for cm event: RDMA_CM_EVENT_ADDR_RESOLVED
DEBUG: RDMA_CM_EVENT_ADDR_RESOLVED event received 
DEBUG: RDMA_CM_EVENT_ROUTE_RESOLVED event received 
log: 2024-06-19 08:05:55.608 Trying to connect to server at : 192.168.119.201 port: 12345 
DEBUG: Protection Domain (PD) allocated: 0xffff404e7cb0 
DEBUG: Completion channel created: 0xffff404e7cd0 
DEBUG: CQ created: 0xffff404e7cf0 with 31 elements 
DEBUG: Client QP created: 0xffff404e7e80 
DEBUG: Registered: 0xffff404e72a0 , len: 56 , stag: 0x12b28 
DEBUG: Pre-posting Receive HELLO 
DEBUG: Allocated memory of size : 2554100DEBUG: Copied and going to registerDEBUG: Registered: 0xffff406739c0 , len: 4194304 , stag: 0x12c28 
DEBUG: Memory Map built: ADDR: 0xffff406739c0
DEBUG: RDMA_CM_EVENT_ESTABLISHED event received 
DEBUG: Registered: 0xffff404e7070 , len: 56 , stag: 0x12d28 
DEBUG: ---------------------------------------------------------
DEBUG: ------------EXCHANGE BUFFER------------
DEBUG: ---------------------------------------------------------
DEBUG: message 0xffff404e7070
DEBUG: message, type: 0
DEBUG: message: hello: 123 
DEBUG: ---------------------------------------------------------
DEBUG: 1 WC are completed 
DEBUG: Sending HELLO 
DEBUG: 1 WC are completed 
DEBUG: Registered: 0xffff404e70f0 , len: 56 , stag: 0x12e28 
DEBUG: Pre-posting Receive ACK 
DEBUG: Registered: 0xffff404e7170 , len: 56 , stag: 0x12f28 
DEBUG: Post Frame message 
DEBUG: ---------------------------------------------------------
DEBUG: ------------EXCHANGE BUFFER------------
DEBUG: ---------------------------------------------------------
DEBUG: message 0xffff404e7170
DEBUG: message, type: 1
DEBUG: message: data.mr.address: 0xffff406739c0 
DEBUG: ---------------------------------------------------------
DEBUG: 1 WC are completed 
DEBUG: POST MESSAGE TO SERVER 

DEBUG: 1 WC are completed 
DEBUG: ---------------------------------------------------------
DEBUG: ------------EXCHANGE BUFFER------------
DEBUG: ---------------------------------------------------------
DEBUG: message 0xffff404e70f0
DEBUG: message, type: 0
DEBUG: message: hello: 111 
DEBUG: ---------------------------------------------------------
DEBUG: Received ACK 
log: 2024-06-19 08:05:55.627 elapsed    4.09 ms (4092240 ns)
 DEBUG: Freeing memory regionDEBUG: De-registering memory region mrDEBUG: Deregistered: 0xffff406739c0 , len: 4194304 , stag : 0x12c28 
DEBUG: Client resource clean up is complete 
2024-06-19:08:05:55,628 INFO     [minion_rdma_ops.py:53:CreateCDIs] Complete retrying msg: 0...

2024-06-19:08:05:55,629 INFO     [minion_rdma_ops.py:59:CreateCDIs] Successful :)

2024-06-19:08:05:55,629 INFO     [minion_rdma_ops.py:30:CreateCDIs] sending message of len: 5 to client
2024-06-19:08:05:55,641 INFO     [utils.py:118:write_string_to_file] String written to /tmp/sender_2 successfully.
2024-06-19:08:05:55,642 INFO     [client.py:26:start_client] start_client: sending string of size: 2546649
log: 2024-06-19 08:05:55.643 Connecting to Server at: 192.168.119.201 , port: 12345 
DEBUG: RDMA CM event channel created: 0xffff404e71f0 
DEBUG: waiting for cm event: RDMA_CM_EVENT_ADDR_RESOLVED
DEBUG: RDMA_CM_EVENT_ADDR_RESOLVED event received 
DEBUG: RDMA_CM_EVENT_ROUTE_RESOLVED event received 
log: 2024-06-19 08:05:55.644 Trying to connect to server at : 192.168.119.201 port: 12345 
DEBUG: Protection Domain (PD) allocated: 0xffff4026ed80 
DEBUG: Completion channel created: 0xffff4026eda0 
DEBUG: CQ created: 0xffff4026edc0 with 31 elements 
DEBUG: Client QP created: 0xffff4026ef50 
DEBUG: Registered: 0xffff404e7c40 , len: 56 , stag: 0x8012c28 
DEBUG: Pre-posting Receive HELLO 
DEBUG: Allocated memory of size : 2554100DEBUG: Copied and going to registerDEBUG: Registered: 0xffff406739c0 , len: 4194304 , stag: 0x8013028 
DEBUG: Memory Map built: ADDR: 0xffff406739c0
DEBUG: RDMA_CM_EVENT_ESTABLISHED event received 
DEBUG: Registered: 0xffff4026f440 , len: 56 , stag: 0x8013128 
DEBUG: ---------------------------------------------------------
DEBUG: ------------EXCHANGE BUFFER------------
DEBUG: ---------------------------------------------------------
DEBUG: message 0xffff4026f440
DEBUG: message, type: 0
DEBUG: message: hello: 123 
DEBUG: ---------------------------------------------------------
DEBUG: 1 WC are completed 
DEBUG: Sending HELLO 
DEBUG: 1 WC are completed 
DEBUG: Registered: 0xffff4026f4c0 , len: 56 , stag: 0x8013228 
DEBUG: Pre-posting Receive ACK 
DEBUG: Registered: 0xffff4026f540 , len: 56 , stag: 0x8013328 
DEBUG: Post Frame message 
DEBUG: ---------------------------------------------------------
DEBUG: ------------EXCHANGE BUFFER------------
DEBUG: ---------------------------------------------------------
DEBUG: message 0xffff4026f540
DEBUG: message, type: 1
DEBUG: message: data.mr.address: 0xffff406739c0 
DEBUG: ---------------------------------------------------------
DEBUG: 1 WC are completed 
DEBUG: POST MESSAGE TO SERVER 

DEBUG: 1 WC are completed 
DEBUG: ---------------------------------------------------------
DEBUG: ------------EXCHANGE BUFFER------------
DEBUG: ---------------------------------------------------------
DEBUG: message 0xffff4026f4c0
DEBUG: message, type: 0
DEBUG: message: hello: 111 
DEBUG: ---------------------------------------------------------
DEBUG: Received ACK 
log: 2024-06-19 08:05:55.664 elapsed    4.55 ms (4552360 ns)
2024-06-19:08:05:55,666 INFO     [minion_rdma_ops.py:59:CreateCDIs] Successful :)

2024-06-19:08:05:55,667 INFO     [minion_rdma_ops.py:30:CreateCDIs] sending message of len: 5 to client
 DEBUG: Freeing memory regionDEBUG: De-registering memory region mrDEBUG: Deregistered: (nil) , len: 1078882864 , stag : 0x8013028 
DEBUG: Client resource clean up is complete 
2024-06-19:08:05:55,678 INFO     [utils.py:118:write_string_to_file] String written to /tmp/sender_3 successfully.
log: 2024-06-19 08:05:55.681 Connecting to Server at: 192.168.119.201 , port: 12345 
DEBUG: RDMA CM event channel created: 0xffff404e79d0 
DEBUG: waiting for cm event: RDMA_CM_EVENT_ADDR_RESOLVED
DEBUG: RDMA_CM_EVENT_ADDR_RESOLVED event received 
DEBUG: RDMA_CM_EVENT_ROUTE_RESOLVED event received 
log: 2024-06-19 08:05:55.681 Trying to connect to server at : 192.168.119.201 port: 12345 
DEBUG: Protection Domain (PD) allocated: 0xffff4026fc50 
DEBUG: Completion channel created: 0xffff4026fc70 
DEBUG: CQ created: 0xffff4026fc90 with 31 elements 
DEBUG: Client QP created: 0xffff4026fe20 
2024-06-19:08:05:55,680 INFO     [client.py:26:start_client] start_client: sending string of size: 2547950
DEBUG: Registered: 0xffff404e7230 , len: 56 , stag: 0x10013028 
DEBUG: Pre-posting Receive HELLO 
DEBUG: Allocated memory of size : 2546665DEBUG: Copied and going to registerDEBUG: Registered: 0xffff406739c0 , len: 4194304 , stag: 0x10013428 
DEBUG: Memory Map built: ADDR: 0xffff406739c0
DEBUG: RDMA_CM_EVENT_ESTABLISHED event received 
DEBUG: Registered: 0xffff404e7a10 , len: 56 , stag: 0x10013528 
DEBUG: ---------------------------------------------------------
DEBUG: ------------EXCHANGE BUFFER------------
DEBUG: ---------------------------------------------------------
DEBUG: message 0xffff404e7a10
DEBUG: message, type: 0
DEBUG: message: hello: 123 
DEBUG: ---------------------------------------------------------
DEBUG: 1 WC are completed 
DEBUG: Sending HELLO 
DEBUG: 1 WC are completed 
DEBUG: Registered: 0xffff404e7a90 , len: 56 , stag: 0x10013628 
DEBUG: Pre-posting Receive ACK 
DEBUG: Registered: 0xffff404e7b10 , len: 56 , stag: 0x10013728 
DEBUG: Post Frame message 
DEBUG: ---------------------------------------------------------
DEBUG: ------------EXCHANGE BUFFER------------
DEBUG: ---------------------------------------------------------
DEBUG: message 0xffff404e7b10
DEBUG: message, type: 1
DEBUG: message: data.mr.address: 0xffff406739c0 
DEBUG: ---------------------------------------------------------
DEBUG: 1 WC are completed 
DEBUG: POST MESSAGE TO SERVER 

DEBUG: 1 WC are completed 
DEBUG: ---------------------------------------------------------
DEBUG: ------------EXCHANGE BUFFER------------
DEBUG: ---------------------------------------------------------
DEBUG: message 0xffff404e7a90
DEBUG: message, type: 0
DEBUG: message: hello: 111 
DEBUG: ---------------------------------------------------------
DEBUG: Received ACK 
log: 2024-06-19 08:05:55.701 elapsed    3.96 ms (3962300 ns)
 DEBUG: Freeing memory regionDEBUG: De-registering memory region mrDEBUG: Deregistered: 0xffff406739c0 , len: 4194304 , stag : 0x10013428 
DEBUG: Client resource clean up is complete 
2024-06-19:08:05:55,703 INFO     [minion_rdma_ops.py:59:CreateCDIs] Successful :)

2024-06-19:08:05:55,703 INFO     [minion_rdma_ops.py:30:CreateCDIs] sending message of len: 5 to client
2024-06-19:08:05:55,717 INFO     [utils.py:118:write_string_to_file] String written to /tmp/sender_4 successfully.
2024-06-19:08:05:55,719 INFO     [client.py:26:start_client] start_client: sending string of size: 2548277
log: 2024-06-19 08:05:55.720 Connecting to Server at: 192.168.119.201 , port: 12345 
DEBUG: RDMA CM event channel created: 0xffff404e7b90 
DEBUG: waiting for cm event: RDMA_CM_EVENT_ADDR_RESOLVED
DEBUG: RDMA_CM_EVENT_ADDR_RESOLVED event received 
DEBUG: RDMA_CM_EVENT_ROUTE_RESOLVED event received 
log: 2024-06-19 08:05:55.720 Trying to connect to server at : 192.168.119.201 port: 12345 
DEBUG: Protection Domain (PD) allocated: 0xffff402706c0 
DEBUG: Completion channel created: 0xffff402706e0 
DEBUG: CQ created: 0xffff40270700 with 31 elements 
DEBUG: Client QP created: 0xffff404e1bb0 
DEBUG: Registered: 0xffff4026fbe0 , len: 56 , stag: 0x18013428 
DEBUG: Pre-posting Receive HELLO 
DEBUG: Allocated memory of size : 2547962DEBUG: Copied and going to registerDEBUG: Registered: 0xffff406739c0 , len: 4194304 , stag: 0x18013828 
DEBUG: Memory Map built: ADDR: 0xffff406739c0
DEBUG: RDMA_CM_EVENT_ESTABLISHED event received 
DEBUG: Registered: 0xffff40270890 , len: 56 , stag: 0x18013928 
DEBUG: ---------------------------------------------------------
DEBUG: ------------EXCHANGE BUFFER------------
DEBUG: ---------------------------------------------------------
DEBUG: message 0xffff40270890
DEBUG: message, type: 0
DEBUG: message: hello: 123 
DEBUG: ---------------------------------------------------------
DEBUG: 1 WC are completed 
DEBUG: Sending HELLO 
DEBUG: 1 WC are completed 
DEBUG: Registered: 0xffff40270910 , len: 56 , stag: 0x18013a28 
DEBUG: Pre-posting Receive ACK 
DEBUG: Registered: 0xffff40270990 , len: 56 , stag: 0x18013b28 
DEBUG: Post Frame message 
DEBUG: ---------------------------------------------------------
DEBUG: ------------EXCHANGE BUFFER------------
DEBUG: ---------------------------------------------------------
DEBUG: message 0xffff40270990
DEBUG: message, type: 1
DEBUG: message: data.mr.address: 0xffff406739c0 
DEBUG: ---------------------------------------------------------
DEBUG: 1 WC are completed 
DEBUG: POST MESSAGE TO SERVER 

DEBUG: 1 WC are completed 
DEBUG: ---------------------------------------------------------
DEBUG: ------------EXCHANGE BUFFER------------
DEBUG: ---------------------------------------------------------
DEBUG: message 0xffff40270910
DEBUG: message, type: 0
DEBUG: message: hello: 111 
DEBUG: ---------------------------------------------------------
DEBUG: Received ACK 
log: 2024-06-19 08:05:55.740 elapsed    4.04 ms (4040780 ns)
 DEBUG: Freeing memory regionDEBUG: De-registering memory region mrDEBUG: Deregistered: (nil) , len: 1078885328 , stag : 0x18013828 
DEBUG: Client resource clean up is complete 
2024-06-19:08:05:55,742 INFO     [minion_rdma_ops.py:59:CreateCDIs] Successful :)

2024-06-19:08:05:55,742 INFO     [minion_rdma_ops.py:30:CreateCDIs] sending message of len: 5 to client
2024-06-19:08:05:55,754 INFO     [utils.py:118:write_string_to_file] String written to /tmp/sender_5 successfully.
2024-06-19:08:05:55,755 INFO     [client.py:26:start_client] start_client: sending string of size: 2547683
log: 2024-06-19 08:05:55.756 Connecting to Server at: 192.168.119.201 , port: 12345 
DEBUG: RDMA CM event channel created: 0xffff40270a10 
DEBUG: waiting for cm event: RDMA_CM_EVENT_ADDR_RESOLVED
DEBUG: RDMA_CM_EVENT_ADDR_RESOLVED event received 
DEBUG: RDMA_CM_EVENT_ROUTE_RESOLVED event received 
log: 2024-06-19 08:05:55.757 Trying to connect to server at : 192.168.119.201 port: 12345 
DEBUG: Protection Domain (PD) allocated: 0xffff40270a50 
DEBUG: Completion channel created: 0xffff404e19d0 
DEBUG: CQ created: 0xffff404e19f0 with 31 elements 
DEBUG: Client QP created: 0xffff404e2450 
DEBUG: Registered: 0xffff404e7bd0 , len: 56 , stag: 0x20013828 
DEBUG: Pre-posting Receive HELLO 
DEBUG: Allocated memory of size : 2548282DEBUG: Copied and going to registerDEBUG: Registered: 0xffff406739c0 , len: 4194304 , stag: 0x20013c28 
DEBUG: Memory Map built: ADDR: 0xffff406739c0
DEBUG: RDMA_CM_EVENT_ESTABLISHED event received 
DEBUG: Registered: 0xffff404e2940 , len: 56 , stag: 0x20013d28 
DEBUG: ---------------------------------------------------------
DEBUG: ------------EXCHANGE BUFFER------------
DEBUG: ---------------------------------------------------------
DEBUG: message 0xffff404e2940
DEBUG: message, type: 0
DEBUG: message: hello: 123 
DEBUG: ---------------------------------------------------------
DEBUG: 1 WC are completed 
DEBUG: Sending HELLO 
DEBUG: 1 WC are completed 
DEBUG: Registered: 0xffff404e29c0 , len: 56 , stag: 0x20013e28 
DEBUG: Pre-posting Receive ACK 
DEBUG: Registered: 0xffff404e2a40 , len: 56 , stag: 0x20013f28 
DEBUG: Post Frame message 
DEBUG: ---------------------------------------------------------
DEBUG: ------------EXCHANGE BUFFER------------
DEBUG: ---------------------------------------------------------
DEBUG: message 0xffff404e2a40
DEBUG: message, type: 1
DEBUG: message: data.mr.address: 0xffff406739c0 
DEBUG: ---------------------------------------------------------
DEBUG: 1 WC are completed 
DEBUG: POST MESSAGE TO SERVER 

DEBUG: 1 WC are completed 
DEBUG: ---------------------------------------------------------
DEBUG: ------------EXCHANGE BUFFER------------
DEBUG: ---------------------------------------------------------
DEBUG: message 0xffff404e29c0
DEBUG: message, type: 0
DEBUG: message: hello: 111 
DEBUG: ---------------------------------------------------------
DEBUG: Received ACK 
log: 2024-06-19 08:05:55.776 elapsed    4.10 ms (4103200 ns)
 DEBUG: Freeing memory regionDEBUG: De-registering memory region mrDEBUG: Deregistered: 0xffff406739c0 , len: 4194304 , stag : 0x20013c28 
DEBUG: Client resource clean up is complete 
2024-06-19:08:05:55,778 INFO     [minion_rdma_ops.py:59:CreateCDIs] Successful :)

2024-06-19:08:05:55,779 INFO     [client.py:26:start_client] start_client: sending string of size: 4
log: 2024-06-19 08:05:55.779 Connecting to Server at: 192.168.119.201 , port: 12345 
DEBUG: RDMA CM event channel created: 0xffff404e2e70 
DEBUG: waiting for cm event: RDMA_CM_EVENT_ADDR_RESOLVED
DEBUG: RDMA_CM_EVENT_ADDR_RESOLVED event received 
DEBUG: RDMA_CM_EVENT_ROUTE_RESOLVED event received 
log: 2024-06-19 08:05:55.779 Trying to connect to server at : 192.168.119.201 port: 12345 
DEBUG: Protection Domain (PD) allocated: 0xffff404e2f20 
DEBUG: Completion channel created: 0xffff404e2f40 
DEBUG: CQ created: 0xffff404e2f60 with 31 elements 
DEBUG: Client QP created: 0xffff404e8bc0 
DEBUG: Registered: 0xffff404e1960 , len: 56 , stag: 0x28013c28 
DEBUG: Pre-posting Receive HELLO 
DEBUG: Allocated memory of size : 2547689DEBUG: Copied and going to registerDEBUG: Registered: 0xffff406739c0 , len: 4194304 , stag: 0x28014028 
DEBUG: Memory Map built: ADDR: 0xffff406739c0
DEBUG: RDMA_CM_EVENT_ESTABLISHED event received 
DEBUG: Registered: 0xffff404e30f0 , len: 56 , stag: 0x28014128 
DEBUG: ---------------------------------------------------------
DEBUG: ------------EXCHANGE BUFFER------------
DEBUG: ---------------------------------------------------------
DEBUG: message 0xffff404e30f0
DEBUG: message, type: 0
DEBUG: message: hello: 123 
DEBUG: ---------------------------------------------------------
DEBUG: 1 WC are completed 
DEBUG: Sending HELLO 
DEBUG: 1 WC are completed 
DEBUG: Registered: 0xffff404e3170 , len: 56 , stag: 0x28014228 
DEBUG: Pre-posting Receive ACK 
DEBUG: Registered: 0xffff404e31f0 , len: 56 , stag: 0x28014328 
DEBUG: Post Frame message 
DEBUG: ---------------------------------------------------------
DEBUG: ------------EXCHANGE BUFFER------------
DEBUG: ---------------------------------------------------------
DEBUG: message 0xffff404e31f0
DEBUG: message, type: 1
DEBUG: message: data.mr.address: 0xffff406739c0 
DEBUG: ---------------------------------------------------------
DEBUG: 1 WC are completed 
DEBUG: POST MESSAGE TO SERVER 

DEBUG: 1 WC are completed 
DEBUG: ---------------------------------------------------------
DEBUG: ------------EXCHANGE BUFFER------------
DEBUG: ---------------------------------------------------------
DEBUG: message 0xffff404e3170
DEBUG: message, type: 0
DEBUG: message: hello: 111 
DEBUG: ---------------------------------------------------------
DEBUG: Received ACK 
log: 2024-06-19 08:05:55.796 elapsed    0.70 ms (699440 ns)
 DEBUG: Freeing memory regionDEBUG: De-registering memory region mrDEBUG: Deregistered: (nil) , len: 1078865584 , stag : 0x28014028 
DEBUG: Client resource clean up is complete 
2024-06-19:08:05:56,348 INFO     [shm_lib.py:126:__populate_shm_id_if_empty] __populate_shm_id_if_empty: Attempting to attach to SHM with key: 5780
2024-06-19:08:05:56,352 INFO     [server_api_handlers.py:138:TransferAndDeleteCDIs] TransferAndDeleteCDIs: Successfully deleted cdi record with key: 880519e2-7221-4387-aa1a-49707fd70810
2024-06-19:08:05:56,352 INFO     [shm_lib.py:126:__populate_shm_id_if_empty] __populate_shm_id_if_empty: Attempting to attach to SHM with key: 5781
2024-06-19:08:05:56,356 INFO     [server_api_handlers.py:138:TransferAndDeleteCDIs] TransferAndDeleteCDIs: Successfully deleted cdi record with key: ce582af4-490d-4bdb-96b7-421522266b65
2024-06-19:08:05:56,356 INFO     [shm_lib.py:126:__populate_shm_id_if_empty] __populate_shm_id_if_empty: Attempting to attach to SHM with key: 5782
2024-06-19:08:05:56,359 INFO     [server_api_handlers.py:138:TransferAndDeleteCDIs] TransferAndDeleteCDIs: Successfully deleted cdi record with key: d20f1517-7ca8-4d69-9f0b-c2f52444d301
2024-06-19:08:05:56,359 INFO     [shm_lib.py:126:__populate_shm_id_if_empty] __populate_shm_id_if_empty: Attempting to attach to SHM with key: 5783
2024-06-19:08:05:56,362 INFO     [server_api_handlers.py:138:TransferAndDeleteCDIs] TransferAndDeleteCDIs: Successfully deleted cdi record with key: d31bc6b2-88bd-4712-8808-08590d8ae68e
2024-06-19:08:05:56,363 INFO     [shm_lib.py:126:__populate_shm_id_if_empty] __populate_shm_id_if_empty: Attempting to attach to SHM with key: 5784
2024-06-19:08:05:56,366 INFO     [server_api_handlers.py:138:TransferAndDeleteCDIs] TransferAndDeleteCDIs: Successfully deleted cdi record with key: 52597a08-fc2e-4a09-9c7d-88347a03e0af
DEBUG: RDMA_CM_EVENT_CONNECT_REQUEST event received 
DEBUG: Protection domain (PD) allocated: 0xffff700060e0 
DEBUG: I/O completion event channel created: 0xffff70006100 
DEBUG: Completion queue (CQ) created: 0xffff700051c0 with 31 elements 
DEBUG: Client QP created: 0xffff700061f0 
DEBUG: Registered: 0xffff73009a70 , len: 4194304 , stag: 0x30014028 
DEBUG: Memory Map built: ADDR: 0xffff73009a70 
DEBUG: Registered: 0xffff70005350 , len: 56 , stag: 0x30014428 
DEBUG: Pre-posting Receive HELLO 
DEBUG: Wait for : RDMA_CM_EVENT_ESTABLISHED event 
DEBUG: RDMA_CM_EVENT_ESTABLISHED event received 
DEBUG: 1 WC are completed 
DEBUG: Pre-posting Receive Buffer for Address 
DEBUG: Registered: 0xffff700066a0 , len: 56 , stag: 0x30014528 
DEBUG: Sending HELLO message: 
DEBUG: ---------------------------------------------------------
DEBUG: ------------EXCHANGE BUFFER------------
DEBUG: ---------------------------------------------------------
DEBUG: message 0xffff700066a0
DEBUG: message, type: 0
DEBUG: message: hello: 124 
DEBUG: ---------------------------------------------------------
DEBUG: 1 WC are completed 
DEBUG: Sending HELLO 
DEBUG: 1 WC are completed 
DEBUG: RDMA read the remote memory map. 
log: 2024-06-19 08:06:02.486 elapsed    0.08 ms (79460 ns)
 DEBUG: Sending ACK message: 
DEBUG: ---------------------------------------------------------
DEBUG: ------------EXCHANGE BUFFER------------
DEBUG: ---------------------------------------------------------
DEBUG: message 0xffff700066a0
DEBUG: message, type: 0
DEBUG: message: hello: 111 
DEBUG: ---------------------------------------------------------
DEBUG: Sending POST ACK 
DEBUG: RDMA_CM_EVENT_DISCONNECTED event received 
DEBUG: Server shut-down is complete 
DEBUG: Cleanup complete - starting over 
DEBUG: Message of size 2532137 sent in msq_id: 5 
log: 2024-06-19 08:06:02.497 SPINNING NEW THREAD
DEBUG: RDMA_CM_EVENT_CONNECT_REQUEST event received 
DEBUG: Protection domain (PD) allocated: 0xffff700064b0 
DEBUG: I/O completion event channel created: 0xffff700064d0 
DEBUG: Completion queue (CQ) created: 0xffff700064f0 with 31 elements 
DEBUG: Client QP created: 0xffff70006720 
DEBUG: Registered: 0xffff38000040 , len: 4194304 , stag: 0x30014628 
DEBUG: Memory Map built: ADDR: 0xffff38000040 
DEBUG: Registered: 0xffff73c09ae0 , len: 56 , stag: 0x30014728 
DEBUG: Pre-posting Receive HELLO 
DEBUG: Wait for : RDMA_CM_EVENT_ESTABLISHED event 
DEBUG: RDMA_CM_EVENT_REJECTED event received 
library/rdma/lib_c/server.c : 322 : ERROR : Event not found RDMA_CM_EVENT_REJECTED
PERROR: Success
DEBUG: Server shut-down is complete 
DEBUG: Cleanup complete - starting over 
log: 2024-06-19 08:06:02.517 SPINNING NEW THREAD
DEBUG: RDMA_CM_EVENT_CONNECT_REQUEST event received 
DEBUG: Protection domain (PD) allocated: 0xffff70006680 
DEBUG: I/O completion event channel created: 0xffff73c09e20 
DEBUG: Completion queue (CQ) created: 0xffff73c09e40 with 31 elements 
DEBUG: Client QP created: 0xffff70006720 
DEBUG: Registered: 0xffff38400050 , len: 4194304 , stag: 0x30014828 
DEBUG: Memory Map built: ADDR: 0xffff38400050 
DEBUG: Registered: 0xffff70006c10 , len: 56 , stag: 0x30014928 
DEBUG: Pre-posting Receive HELLO 
DEBUG: Wait for : RDMA_CM_EVENT_ESTABLISHED event 
DEBUG: RDMA_CM_EVENT_ESTABLISHED event received 
DEBUG: 1 WC are completed 
DEBUG: Pre-posting Receive Buffer for Address 
DEBUG: Registered: 0xffff70006c90 , len: 56 , stag: 0x30014a28 
DEBUG: Sending HELLO message: 
DEBUG: ---------------------------------------------------------
DEBUG: ------------EXCHANGE BUFFER------------
DEBUG: ---------------------------------------------------------
DEBUG: message 0xffff70006c90
DEBUG: message, type: 0
DEBUG: message: hello: 124 
DEBUG: ---------------------------------------------------------
DEBUG: 1 WC are completed 
DEBUG: Sending HELLO 
DEBUG: 1 WC are completed 
DEBUG: RDMA read the remote memory map. 
log: 2024-06-19 08:06:02.531 elapsed    0.07 ms (70400 ns)
 DEBUG: Sending ACK message: 
DEBUG: ---------------------------------------------------------
DEBUG: ------------EXCHANGE BUFFER------------
DEBUG: ---------------------------------------------------------
DEBUG: message 0xffff70006c90
DEBUG: message, type: 0
DEBUG: message: hello: 111 
DEBUG: ---------------------------------------------------------
DEBUG: Sending POST ACK 
DEBUG: RDMA_CM_EVENT_DISCONNECTED event received 
DEBUG: Server shut-down is complete 
DEBUG: Cleanup complete - starting over 
DEBUG: Message of size 2531833 sent in msq_id: 5 
log: 2024-06-19 08:06:02.542 SPINNING NEW THREAD
DEBUG: RDMA_CM_EVENT_CONNECT_REQUEST event received 
DEBUG: Protection domain (PD) allocated: 0xffff73c09fd0 
DEBUG: I/O completion event channel created: 0xffff700069e0 
DEBUG: Completion queue (CQ) created: 0xffff70006a00 with 31 elements 
DEBUG: Client QP created: 0xffff70006d10 
DEBUG: Registered: 0xffff39000080 , len: 4194304 , stag: 0x30014b28 
DEBUG: Memory Map built: ADDR: 0xffff39000080 
DEBUG: Registered: 0xffff700071c0 , len: 56 , stag: 0x30014c28 
DEBUG: Pre-posting Receive HELLO 
DEBUG: Wait for : RDMA_CM_EVENT_ESTABLISHED event 
library/rdma/lib_c/server.c : 322 : ERROR : Event not found RDMA_CM_EVENT_REJECTED
PERROR: Success
DEBUG: RDMA_CM_EVENT_REJECTED event received 
DEBUG: Server shut-down is complete 
DEBUG: Cleanup complete - starting over 
log: 2024-06-19 08:06:02.562 SPINNING NEW THREAD
DEBUG: RDMA_CM_EVENT_CONNECT_REQUEST event received 
DEBUG: Protection domain (PD) allocated: 0xffff70006fd0 
DEBUG: I/O completion event channel created: 0xffff70006ff0 
DEBUG: Completion queue (CQ) created: 0xffff70007010 with 31 elements 
DEBUG: Client QP created: 0xffff70007240 
DEBUG: Registered: 0xffff39400090 , len: 4194304 , stag: 0x30014d28 
DEBUG: Memory Map built: ADDR: 0xffff39400090 
DEBUG: Registered: 0xffff70007730 , len: 56 , stag: 0x30014e28 
DEBUG: Pre-posting Receive HELLO 
DEBUG: Wait for : RDMA_CM_EVENT_ESTABLISHED event 
DEBUG: RDMA_CM_EVENT_REJECTED event received 
library/rdma/lib_c/server.c : 322 : ERROR : Event not found RDMA_CM_EVENT_REJECTED
PERROR: Success
DEBUG: Server shut-down is complete 
DEBUG: Cleanup complete - starting over 
log: 2024-06-19 08:06:02.577 SPINNING NEW THREAD
DEBUG: RDMA_CM_EVENT_CONNECT_REQUEST event received 
DEBUG: Protection domain (PD) allocated: 0xffff700071a0 
DEBUG: I/O completion event channel created: 0xffff70007500 
DEBUG: Completion queue (CQ) created: 0xffff70007520 with 31 elements 
DEBUG: Client QP created: 0xffff71807a00 
DEBUG: Registered: 0xffff398000a0 , len: 4194304 , stag: 0x30014f28 
DEBUG: Memory Map built: ADDR: 0xffff398000a0 
DEBUG: Registered: 0xffff700077b0 , len: 56 , stag: 0x30015028 
DEBUG: Pre-posting Receive HELLO 
DEBUG: Wait for : RDMA_CM_EVENT_ESTABLISHED event 
library/rdma/lib_c/server.c : 322 : ERROR : Event not found RDMA_CM_EVENT_REJECTED
PERROR: Success
DEBUG: RDMA_CM_EVENT_REJECTED event received 
DEBUG: Server shut-down is complete 
DEBUG: Cleanup complete - starting over 
log: 2024-06-19 08:06:02.591 SPINNING NEW THREAD
DEBUG: RDMA_CM_EVENT_CONNECT_REQUEST event received 
DEBUG: Protection domain (PD) allocated: 0xffff71807cc0 
DEBUG: I/O completion event channel created: 0xffff71807ce0 
DEBUG: Completion queue (CQ) created: 0xffff71807d00 with 31 elements 
DEBUG: Client QP created: 0xffff71807e90 
DEBUG: Registered: 0xffff39c000b0 , len: 4194304 , stag: 0x30015128 
DEBUG: Memory Map built: ADDR: 0xffff39c000b0 
DEBUG: Registered: 0xffff71808380 , len: 56 , stag: 0x30015228 
DEBUG: Pre-posting Receive HELLO 
DEBUG: Wait for : RDMA_CM_EVENT_ESTABLISHED event 
DEBUG: RDMA_CM_EVENT_REJECTED event received 
library/rdma/lib_c/server.c : 322 : ERROR : Event not found RDMA_CM_EVENT_REJECTED
PERROR: Success
DEBUG: Server shut-down is complete 
DEBUG: Cleanup complete - starting over 
log: 2024-06-19 08:06:02.646 SPINNING NEW THREAD
DEBUG: RDMA_CM_EVENT_CONNECT_REQUEST event received 
DEBUG: Protection domain (PD) allocated: 0xffff71808150 
DEBUG: I/O completion event channel created: 0xffff71808170 
DEBUG: Completion queue (CQ) created: 0xffff71808190 with 31 elements 
DEBUG: Client QP created: 0xffff71808400 
DEBUG: Registered: 0xffff3a0000c0 , len: 4194304 , stag: 0x30015328 
DEBUG: Memory Map built: ADDR: 0xffff3a0000c0 
DEBUG: Registered: 0xffff718088f0 , len: 56 , stag: 0x30015428 
DEBUG: Pre-posting Receive HELLO 
DEBUG: Wait for : RDMA_CM_EVENT_ESTABLISHED event 
DEBUG: RDMA_CM_EVENT_REJECTED event received 
library/rdma/lib_c/server.c : 322 : ERROR : Event not found RDMA_CM_EVENT_REJECTED
PERROR: Success
DEBUG: Server shut-down is complete 
DEBUG: Cleanup complete - starting over 
log: 2024-06-19 08:06:02.661 SPINNING NEW THREAD
DEBUG: RDMA_CM_EVENT_CONNECT_REQUEST event received 
DEBUG: Protection domain (PD) allocated: 0xffff71808320 
DEBUG: I/O completion event channel created: 0xffff718086c0 
DEBUG: Completion queue (CQ) created: 0xffff718086e0 with 31 elements 
DEBUG: Client QP created: 0xffff71808970 
DEBUG: Registered: 0xffff3a4000d0 , len: 4194304 , stag: 0x30015528 
DEBUG: Memory Map built: ADDR: 0xffff3a4000d0 
DEBUG: Registered: 0xffff71808e20 , len: 56 , stag: 0x30015628 
DEBUG: Pre-posting Receive HELLO 
DEBUG: Wait for : RDMA_CM_EVENT_ESTABLISHED event 
DEBUG: RDMA_CM_EVENT_ESTABLISHED event received 
DEBUG: 1 WC are completed 
DEBUG: Pre-posting Receive Buffer for Address 
DEBUG: Registered: 0xffff71808ea0 , len: 56 , stag: 0x30015728 
DEBUG: Sending HELLO message: 
DEBUG: ---------------------------------------------------------
DEBUG: ------------EXCHANGE BUFFER------------
DEBUG: ---------------------------------------------------------
DEBUG: message 0xffff71808ea0
DEBUG: message, type: 0
DEBUG: message: hello: 124 
DEBUG: ---------------------------------------------------------
DEBUG: 1 WC are completed 
DEBUG: Sending HELLO 
DEBUG: 1 WC are completed 
DEBUG: RDMA read the remote memory map. 
log: 2024-06-19 08:06:02.675 elapsed    0.07 ms (69640 ns)
 DEBUG: Sending ACK message: 
DEBUG: ---------------------------------------------------------
DEBUG: ------------EXCHANGE BUFFER------------
DEBUG: ---------------------------------------------------------
DEBUG: message 0xffff71808ea0
DEBUG: message, type: 0
DEBUG: message: hello: 111 
DEBUG: ---------------------------------------------------------
DEBUG: Sending POST ACK 
DEBUG: RDMA_CM_EVENT_DISCONNECTED event received 
DEBUG: Server shut-down is complete 
DEBUG: Cleanup complete - starting over 
DEBUG: Message of size 2531001 sent in msq_id: 5 
log: 2024-06-19 08:06:02.687 SPINNING NEW THREAD
DEBUG: RDMA_CM_EVENT_CONNECT_REQUEST event received 
DEBUG: Protection domain (PD) allocated: 0xffff71808c30 
DEBUG: I/O completion event channel created: 0xffff71808c50 
DEBUG: Completion queue (CQ) created: 0xffff71808c70 with 31 elements 
DEBUG: Client QP created: 0xffff71808f20 
DEBUG: Registered: 0xffff3b000100 , len: 4194304 , stag: 0x30015828 
DEBUG: Memory Map built: ADDR: 0xffff3b000100 
DEBUG: Registered: 0xffff71809410 , len: 56 , stag: 0x30015928 
DEBUG: Pre-posting Receive HELLO 
DEBUG: Wait for : RDMA_CM_EVENT_ESTABLISHED event 
DEBUG: RDMA_CM_EVENT_ESTABLISHED event received 
DEBUG: 1 WC are completed 
DEBUG: Pre-posting Receive Buffer for Address 
DEBUG: Registered: 0xffff71809490 , len: 56 , stag: 0x30015a28 
DEBUG: Sending HELLO message: 
DEBUG: ---------------------------------------------------------
DEBUG: ------------EXCHANGE BUFFER------------
DEBUG: ---------------------------------------------------------
DEBUG: message 0xffff71809490
DEBUG: message, type: 0
DEBUG: message: hello: 124 
DEBUG: ---------------------------------------------------------
DEBUG: 1 WC are completed 
DEBUG: Sending HELLO 
DEBUG: 1 WC are completed 
DEBUG: RDMA read the remote memory map. 
log: 2024-06-19 08:06:02.710 elapsed    0.07 ms (71820 ns)
 DEBUG: Sending ACK message: 
DEBUG: ---------------------------------------------------------
DEBUG: ------------EXCHANGE BUFFER------------
DEBUG: ---------------------------------------------------------
DEBUG: message 0xffff71809490
DEBUG: message, type: 0
DEBUG: message: hello: 111 
DEBUG: ---------------------------------------------------------
DEBUG: Sending POST ACK 
DEBUG: RDMA_CM_EVENT_DISCONNECTED event received 
DEBUG: Server shut-down is complete 
DEBUG: Cleanup complete - starting over 
DEBUG: Message of size 2531321 sent in msq_id: 5 
log: 2024-06-19 08:06:02.722 SPINNING NEW THREAD
DEBUG: RDMA_CM_EVENT_CONNECT_REQUEST event received 
DEBUG: Protection domain (PD) allocated: 0xffff71808e00 
DEBUG: I/O completion event channel created: 0xffff718091e0 
DEBUG: Completion queue (CQ) created: 0xffff71809200 with 31 elements 
DEBUG: Client QP created: 0xffff71809510 
DEBUG: Registered: 0xffff30000040 , len: 4194304 , stag: 0x30015b28 
DEBUG: Memory Map built: ADDR: 0xffff30000040 
DEBUG: Registered: 0xffff718099c0 , len: 56 , stag: 0x30015c28 
DEBUG: Pre-posting Receive HELLO 
DEBUG: Wait for : RDMA_CM_EVENT_ESTABLISHED event 
DEBUG: RDMA_CM_EVENT_ESTABLISHED event received 
DEBUG: 1 WC are completed 
DEBUG: Pre-posting Receive Buffer for Address 
DEBUG: Registered: 0xffff3bc00170 , len: 56 , stag: 0x30015d28 
DEBUG: Sending HELLO message: 
DEBUG: ---------------------------------------------------------
DEBUG: ------------EXCHANGE BUFFER------------
DEBUG: ---------------------------------------------------------
DEBUG: message 0xffff3bc00170
DEBUG: message, type: 0
DEBUG: message: hello: 124 
DEBUG: ---------------------------------------------------------
DEBUG: 1 WC are completed 
DEBUG: Sending HELLO 
DEBUG: 1 WC are completed 
DEBUG: RDMA read the remote memory map. 
log: 2024-06-19 08:06:02.742 elapsed    0.08 ms (78740 ns)
 DEBUG: Sending ACK message: 
DEBUG: ---------------------------------------------------------
DEBUG: ------------EXCHANGE BUFFER------------
DEBUG: ---------------------------------------------------------
DEBUG: message 0xffff3bc00170
DEBUG: message, type: 0
DEBUG: message: hello: 111 
DEBUG: ---------------------------------------------------------
DEBUG: Sending POST ACK 
DEBUG: RDMA_CM_EVENT_DISCONNECTED event received 
DEBUG: Server shut-down is complete 
DEBUG: Cleanup complete - starting over 
DEBUG: Message of size 2530921 sent in msq_id: 5 
log: 2024-06-19 08:06:02.754 SPINNING NEW THREAD
DEBUG: RDMA_CM_EVENT_CONNECT_REQUEST event received 
DEBUG: Protection domain (PD) allocated: 0xffff718097d0 
DEBUG: I/O completion event channel created: 0xffff718097f0 
DEBUG: Completion queue (CQ) created: 0xffff71809810 with 31 elements 
DEBUG: Client QP created: 0xffff3bc001f0 
DEBUG: Registered: 0xffff30c00070 , len: 4194304 , stag: 0x30015e28 
DEBUG: Memory Map built: ADDR: 0xffff30c00070 
DEBUG: Registered: 0xffff3bc006e0 , len: 56 , stag: 0x30015f28 
DEBUG: Pre-posting Receive HELLO 
DEBUG: Wait for : RDMA_CM_EVENT_ESTABLISHED event 
DEBUG: RDMA_CM_EVENT_ESTABLISHED event received 
DEBUG: 1 WC are completed 
DEBUG: Pre-posting Receive Buffer for Address 
DEBUG: Registered: 0xffff3bc00760 , len: 56 , stag: 0x30016028 
DEBUG: Sending HELLO message: 
DEBUG: ---------------------------------------------------------
DEBUG: ------------EXCHANGE BUFFER------------
DEBUG: ---------------------------------------------------------
DEBUG: message 0xffff3bc00760
DEBUG: message, type: 0
DEBUG: message: hello: 124 
DEBUG: ---------------------------------------------------------
DEBUG: 1 WC are completed 
DEBUG: Sending HELLO 
DEBUG: 1 WC are completed 
DEBUG: RDMA read the remote memory map. 
log: 2024-06-19 08:06:02.762 elapsed    0.09 ms (87400 ns)
 DEBUG: Sending ACK message: 
DEBUG: ---------------------------------------------------------
DEBUG: ------------EXCHANGE BUFFER------------
DEBUG: ---------------------------------------------------------
DEBUG: message 0xffff3bc00760
DEBUG: message, type: 0
DEBUG: message: hello: 111 
DEBUG: ---------------------------------------------------------
DEBUG: Sending POST ACK 
DEBUG: RDMA_CM_EVENT_DISCONNECTED event received 
DEBUG: Server shut-down is complete 
DEBUG: Cleanup complete - starting over 
DEBUG: Message of size 4 sent in msq_id: 5 
2024-06-19:08:06:02,764 INFO     [minion_rdma_ops.py:71:handle_rdma_data] received the frame: 10
log: 2024-06-19 08:06:02.767 SPINNING NEW THREAD
2024-06-19:08:06:02,783 INFO     [utils.py:118:write_string_to_file] String written to /tmp/receiver_6 successfully.
2024-06-19:08:06:02,801 INFO     [utils.py:118:write_string_to_file] String written to /tmp/receiver_7 successfully.
2024-06-19:08:06:02,818 INFO     [utils.py:118:write_string_to_file] String written to /tmp/receiver_8 successfully.
2024-06-19:08:06:02,836 INFO     [utils.py:118:write_string_to_file] String written to /tmp/receiver_9 successfully.
2024-06-19:08:06:02,853 INFO     [utils.py:118:write_string_to_file] String written to /tmp/receiver_10 successfully.
2024-06-19:08:06:02,872 INFO     [utils.py:118:write_string_to_file] String written to /tmp/receiver_11 successfully.
2024-06-19:08:06:02,889 INFO     [utils.py:118:write_string_to_file] String written to /tmp/receiver_12 successfully.
2024-06-19:08:06:02,908 INFO     [utils.py:118:write_string_to_file] String written to /tmp/receiver_13 successfully.
2024-06-19:08:06:02,928 INFO     [utils.py:118:write_string_to_file] String written to /tmp/receiver_14 successfully.
2024-06-19:08:06:02,946 INFO     [utils.py:118:write_string_to_file] String written to /tmp/receiver_15 successfully.
2024-06-19:08:06:02,987 INFO     [minion_rdma_ops.py:94:handle_rdma_data] converted!
2024-06-19:08:06:02,987 INFO     [cdi_ops_handlers.py:9:create_cdis] create_cdis: Processing request
2024-06-19:08:06:02,987 INFO     [cdi_ops_handlers.py:13:create_cdis] create_cdis: Fetching cdi record with key: 880519e2-7221-4387-aa1a-49707fd70810
2024-06-19:08:06:03,052 ERROR    [cdi_ops_handlers.py:18:create_cdis] create_cdis: Processing cdi record with key: 880519e2-7221-4387-aa1a-49707fd70810
2024-06-19:08:06:03,053 INFO     [cdi_ops_handlers.py:24:create_cdis] Minion-create_cdis: Accessing SharedMemory for App: , CDI: 880519e2-7221-4387-aa1a-49707fd70810
2024-06-19:08:06:03,053 INFO     [shm_lib.py:123:__populate_shm_id_if_empty] __populate_shm_id_if_empty: Creating new SHM for key: 5780
2024-06-19:08:06:03,053 INFO     [shm_lib.py:142:print_stat] 

2024-06-19:08:06:03,054 INFO     [shm_lib.py:143:print_stat] Key: 5780
2024-06-19:08:06:03,054 INFO     [shm_lib.py:144:print_stat] SHMID: 65558
2024-06-19:08:06:03,054 INFO     [shm_lib.py:145:print_stat] Access UID: 0
2024-06-19:08:06:03,054 INFO     [shm_lib.py:146:print_stat] Access GID: 0
2024-06-19:08:06:03,055 INFO     [shm_lib.py:147:print_stat] Creator UID: 0
2024-06-19:08:06:03,055 INFO     [shm_lib.py:148:print_stat] Creator GID: 0
2024-06-19:08:06:03,055 INFO     [shm_lib.py:149:print_stat] Access Mode: 666
2024-06-19:08:06:03,055 INFO     [shm_lib.py:150:print_stat] Size (Bytes): 10000000
2024-06-19:08:06:03,055 INFO     [shm_lib.py:151:print_stat] Last Operator PID: 0
2024-06-19:08:06:03,056 INFO     [shm_lib.py:152:print_stat] Creator PID: 7
2024-06-19:08:06:03,056 INFO     [shm_lib.py:153:print_stat] Number of attached Processes: 0
2024-06-19:08:06:03,056 INFO     [shm_lib.py:154:print_stat] Last attach time: 0
2024-06-19:08:06:03,056 INFO     [shm_lib.py:155:print_stat] Last detach time: 0
2024-06-19:08:06:03,056 INFO     [shm_lib.py:156:print_stat] Last change time: 1718784363
2024-06-19:08:06:03,056 INFO     [shm_lib.py:157:print_stat] 

2024-06-19:08:06:03,057 ERROR    [cdi_ops_handlers.py:49:create_cdis] create_cdis: Updating cdi record with key: 880519e2-7221-4387-aa1a-49707fd70810
2024-06-19:08:06:03,065 INFO     [shm_ops.py:54:write_data] shm_write_data: wrote data to shared memory with shm_id: 65558
2024-06-19:08:06:03,101 INFO     [cdi_ops_handlers.py:56:create_cdis] create_cdis: Successfully created cdi record for key: 880519e2-7221-4387-aa1a-49707fd70810
2024-06-19:08:06:03,101 INFO     [cdi_ops_handlers.py:13:create_cdis] create_cdis: Fetching cdi record with key: ce582af4-490d-4bdb-96b7-421522266b65
2024-06-19:08:06:03,129 ERROR    [cdi_ops_handlers.py:18:create_cdis] create_cdis: Processing cdi record with key: ce582af4-490d-4bdb-96b7-421522266b65
2024-06-19:08:06:03,130 INFO     [cdi_ops_handlers.py:24:create_cdis] Minion-create_cdis: Accessing SharedMemory for App: , CDI: ce582af4-490d-4bdb-96b7-421522266b65
2024-06-19:08:06:03,130 INFO     [shm_lib.py:123:__populate_shm_id_if_empty] __populate_shm_id_if_empty: Creating new SHM for key: 5781
2024-06-19:08:06:03,131 INFO     [shm_lib.py:142:print_stat] 

2024-06-19:08:06:03,131 INFO     [shm_lib.py:143:print_stat] Key: 5781
2024-06-19:08:06:03,131 INFO     [shm_lib.py:144:print_stat] SHMID: 65559
2024-06-19:08:06:03,131 INFO     [shm_lib.py:145:print_stat] Access UID: 0
2024-06-19:08:06:03,131 INFO     [shm_lib.py:146:print_stat] Access GID: 0
2024-06-19:08:06:03,132 INFO     [shm_lib.py:147:print_stat] Creator UID: 0
2024-06-19:08:06:03,132 INFO     [shm_lib.py:148:print_stat] Creator GID: 0
2024-06-19:08:06:03,132 INFO     [shm_lib.py:149:print_stat] Access Mode: 666
2024-06-19:08:06:03,132 INFO     [shm_lib.py:150:print_stat] Size (Bytes): 10000000
2024-06-19:08:06:03,132 INFO     [shm_lib.py:151:print_stat] Last Operator PID: 0
2024-06-19:08:06:03,133 INFO     [shm_lib.py:152:print_stat] Creator PID: 7
2024-06-19:08:06:03,133 INFO     [shm_lib.py:153:print_stat] Number of attached Processes: 0
2024-06-19:08:06:03,133 INFO     [shm_lib.py:154:print_stat] Last attach time: 0
2024-06-19:08:06:03,133 INFO     [shm_lib.py:155:print_stat] Last detach time: 0
2024-06-19:08:06:03,133 INFO     [shm_lib.py:156:print_stat] Last change time: 1718784363
2024-06-19:08:06:03,134 INFO     [shm_lib.py:157:print_stat] 

2024-06-19:08:06:03,134 ERROR    [cdi_ops_handlers.py:49:create_cdis] create_cdis: Updating cdi record with key: ce582af4-490d-4bdb-96b7-421522266b65
2024-06-19:08:06:03,141 INFO     [shm_ops.py:54:write_data] shm_write_data: wrote data to shared memory with shm_id: 65559
2024-06-19:08:06:03,176 INFO     [cdi_ops_handlers.py:56:create_cdis] create_cdis: Successfully created cdi record for key: ce582af4-490d-4bdb-96b7-421522266b65
2024-06-19:08:06:03,176 INFO     [cdi_ops_handlers.py:13:create_cdis] create_cdis: Fetching cdi record with key: d20f1517-7ca8-4d69-9f0b-c2f52444d301
2024-06-19:08:06:03,203 ERROR    [cdi_ops_handlers.py:18:create_cdis] create_cdis: Processing cdi record with key: d20f1517-7ca8-4d69-9f0b-c2f52444d301
2024-06-19:08:06:03,204 INFO     [cdi_ops_handlers.py:24:create_cdis] Minion-create_cdis: Accessing SharedMemory for App: , CDI: d20f1517-7ca8-4d69-9f0b-c2f52444d301
2024-06-19:08:06:03,204 INFO     [shm_lib.py:123:__populate_shm_id_if_empty] __populate_shm_id_if_empty: Creating new SHM for key: 5782
2024-06-19:08:06:03,204 INFO     [shm_lib.py:142:print_stat] 

2024-06-19:08:06:03,205 INFO     [shm_lib.py:143:print_stat] Key: 5782
2024-06-19:08:06:03,205 INFO     [shm_lib.py:144:print_stat] SHMID: 65560
2024-06-19:08:06:03,205 INFO     [shm_lib.py:145:print_stat] Access UID: 0
2024-06-19:08:06:03,205 INFO     [shm_lib.py:146:print_stat] Access GID: 0
2024-06-19:08:06:03,206 INFO     [shm_lib.py:147:print_stat] Creator UID: 0
2024-06-19:08:06:03,206 INFO     [shm_lib.py:148:print_stat] Creator GID: 0
2024-06-19:08:06:03,206 INFO     [shm_lib.py:149:print_stat] Access Mode: 666
2024-06-19:08:06:03,206 INFO     [shm_lib.py:150:print_stat] Size (Bytes): 10000000
2024-06-19:08:06:03,206 INFO     [shm_lib.py:151:print_stat] Last Operator PID: 0
2024-06-19:08:06:03,206 INFO     [shm_lib.py:152:print_stat] Creator PID: 7
2024-06-19:08:06:03,207 INFO     [shm_lib.py:153:print_stat] Number of attached Processes: 0
2024-06-19:08:06:03,207 INFO     [shm_lib.py:154:print_stat] Last attach time: 0
2024-06-19:08:06:03,207 INFO     [shm_lib.py:155:print_stat] Last detach time: 0
2024-06-19:08:06:03,207 INFO     [shm_lib.py:156:print_stat] Last change time: 1718784363
2024-06-19:08:06:03,207 INFO     [shm_lib.py:157:print_stat] 

2024-06-19:08:06:03,208 ERROR    [cdi_ops_handlers.py:49:create_cdis] create_cdis: Updating cdi record with key: d20f1517-7ca8-4d69-9f0b-c2f52444d301
2024-06-19:08:06:03,215 INFO     [shm_ops.py:54:write_data] shm_write_data: wrote data to shared memory with shm_id: 65560
2024-06-19:08:06:03,249 INFO     [cdi_ops_handlers.py:56:create_cdis] create_cdis: Successfully created cdi record for key: d20f1517-7ca8-4d69-9f0b-c2f52444d301
2024-06-19:08:06:03,249 INFO     [cdi_ops_handlers.py:13:create_cdis] create_cdis: Fetching cdi record with key: d31bc6b2-88bd-4712-8808-08590d8ae68e
2024-06-19:08:06:03,277 ERROR    [cdi_ops_handlers.py:18:create_cdis] create_cdis: Processing cdi record with key: d31bc6b2-88bd-4712-8808-08590d8ae68e
2024-06-19:08:06:03,277 INFO     [cdi_ops_handlers.py:24:create_cdis] Minion-create_cdis: Accessing SharedMemory for App: , CDI: d31bc6b2-88bd-4712-8808-08590d8ae68e
2024-06-19:08:06:03,277 INFO     [shm_lib.py:123:__populate_shm_id_if_empty] __populate_shm_id_if_empty: Creating new SHM for key: 5783
2024-06-19:08:06:03,278 INFO     [shm_lib.py:142:print_stat] 

2024-06-19:08:06:03,278 INFO     [shm_lib.py:143:print_stat] Key: 5783
2024-06-19:08:06:03,278 INFO     [shm_lib.py:144:print_stat] SHMID: 65561
2024-06-19:08:06:03,278 INFO     [shm_lib.py:145:print_stat] Access UID: 0
2024-06-19:08:06:03,279 INFO     [shm_lib.py:146:print_stat] Access GID: 0
2024-06-19:08:06:03,279 INFO     [shm_lib.py:147:print_stat] Creator UID: 0
2024-06-19:08:06:03,279 INFO     [shm_lib.py:148:print_stat] Creator GID: 0
2024-06-19:08:06:03,279 INFO     [shm_lib.py:149:print_stat] Access Mode: 666
2024-06-19:08:06:03,280 INFO     [shm_lib.py:150:print_stat] Size (Bytes): 10000000
2024-06-19:08:06:03,280 INFO     [shm_lib.py:151:print_stat] Last Operator PID: 0
2024-06-19:08:06:03,280 INFO     [shm_lib.py:152:print_stat] Creator PID: 7
2024-06-19:08:06:03,280 INFO     [shm_lib.py:153:print_stat] Number of attached Processes: 0
2024-06-19:08:06:03,280 INFO     [shm_lib.py:154:print_stat] Last attach time: 0
2024-06-19:08:06:03,281 INFO     [shm_lib.py:155:print_stat] Last detach time: 0
2024-06-19:08:06:03,281 INFO     [shm_lib.py:156:print_stat] Last change time: 1718784363
2024-06-19:08:06:03,281 INFO     [shm_lib.py:157:print_stat] 

2024-06-19:08:06:03,281 ERROR    [cdi_ops_handlers.py:49:create_cdis] create_cdis: Updating cdi record with key: d31bc6b2-88bd-4712-8808-08590d8ae68e
2024-06-19:08:06:03,289 INFO     [shm_ops.py:54:write_data] shm_write_data: wrote data to shared memory with shm_id: 65561
2024-06-19:08:06:03,323 INFO     [cdi_ops_handlers.py:56:create_cdis] create_cdis: Successfully created cdi record for key: d31bc6b2-88bd-4712-8808-08590d8ae68e
2024-06-19:08:06:03,323 INFO     [cdi_ops_handlers.py:13:create_cdis] create_cdis: Fetching cdi record with key: 52597a08-fc2e-4a09-9c7d-88347a03e0af
2024-06-19:08:06:03,350 ERROR    [cdi_ops_handlers.py:18:create_cdis] create_cdis: Processing cdi record with key: 52597a08-fc2e-4a09-9c7d-88347a03e0af
2024-06-19:08:06:03,351 INFO     [cdi_ops_handlers.py:24:create_cdis] Minion-create_cdis: Accessing SharedMemory for App: , CDI: 52597a08-fc2e-4a09-9c7d-88347a03e0af
2024-06-19:08:06:03,351 INFO     [shm_lib.py:123:__populate_shm_id_if_empty] __populate_shm_id_if_empty: Creating new SHM for key: 5784
2024-06-19:08:06:03,351 INFO     [shm_lib.py:142:print_stat] 

2024-06-19:08:06:03,351 INFO     [shm_lib.py:143:print_stat] Key: 5784
2024-06-19:08:06:03,352 INFO     [shm_lib.py:144:print_stat] SHMID: 65562
2024-06-19:08:06:03,352 INFO     [shm_lib.py:145:print_stat] Access UID: 0
2024-06-19:08:06:03,352 INFO     [shm_lib.py:146:print_stat] Access GID: 0
2024-06-19:08:06:03,352 INFO     [shm_lib.py:147:print_stat] Creator UID: 0
2024-06-19:08:06:03,353 INFO     [shm_lib.py:148:print_stat] Creator GID: 0
2024-06-19:08:06:03,353 INFO     [shm_lib.py:149:print_stat] Access Mode: 666
2024-06-19:08:06:03,353 INFO     [shm_lib.py:150:print_stat] Size (Bytes): 10000000
2024-06-19:08:06:03,353 INFO     [shm_lib.py:151:print_stat] Last Operator PID: 0
2024-06-19:08:06:03,353 INFO     [shm_lib.py:152:print_stat] Creator PID: 7
2024-06-19:08:06:03,353 INFO     [shm_lib.py:153:print_stat] Number of attached Processes: 0
2024-06-19:08:06:03,354 INFO     [shm_lib.py:154:print_stat] Last attach time: 0
2024-06-19:08:06:03,354 INFO     [shm_lib.py:155:print_stat] Last detach time: 0
2024-06-19:08:06:03,354 INFO     [shm_lib.py:156:print_stat] Last change time: 1718784363
2024-06-19:08:06:03,354 INFO     [shm_lib.py:157:print_stat] 

2024-06-19:08:06:03,354 ERROR    [cdi_ops_handlers.py:49:create_cdis] create_cdis: Updating cdi record with key: 52597a08-fc2e-4a09-9c7d-88347a03e0af
2024-06-19:08:06:03,361 INFO     [shm_ops.py:54:write_data] shm_write_data: wrote data to shared memory with shm_id: 65562
2024-06-19:08:06:03,397 INFO     [cdi_ops_handlers.py:56:create_cdis] create_cdis: Successfully created cdi record for key: 52597a08-fc2e-4a09-9c7d-88347a03e0af
2024-06-19:08:06:03,397 INFO     [cdi_ops_handlers.py:13:create_cdis] create_cdis: Fetching cdi record with key: 880519e2-7221-4387-aa1a-49707fd70810
2024-06-19:08:06:03,426 ERROR    [cdi_ops_handlers.py:18:create_cdis] create_cdis: Processing cdi record with key: 880519e2-7221-4387-aa1a-49707fd70810
2024-06-19:08:06:03,426 INFO     [cdi_ops_handlers.py:24:create_cdis] Minion-create_cdis: Accessing SharedMemory for App: , CDI: 880519e2-7221-4387-aa1a-49707fd70810
2024-06-19:08:06:03,426 INFO     [shm_lib.py:123:__populate_shm_id_if_empty] __populate_shm_id_if_empty: Creating new SHM for key: 5780
2024-06-19:08:06:03,426 INFO     [shm_lib.py:142:print_stat] 

2024-06-19:08:06:03,427 INFO     [shm_lib.py:143:print_stat] Key: 5780
2024-06-19:08:06:03,427 INFO     [shm_lib.py:144:print_stat] SHMID: 65558
2024-06-19:08:06:03,427 INFO     [shm_lib.py:145:print_stat] Access UID: 996
2024-06-19:08:06:03,427 INFO     [shm_lib.py:146:print_stat] Access GID: 24
2024-06-19:08:06:03,428 INFO     [shm_lib.py:147:print_stat] Creator UID: 0
2024-06-19:08:06:03,428 INFO     [shm_lib.py:148:print_stat] Creator GID: 0
2024-06-19:08:06:03,428 INFO     [shm_lib.py:149:print_stat] Access Mode: 666
2024-06-19:08:06:03,428 INFO     [shm_lib.py:150:print_stat] Size (Bytes): 10000000
2024-06-19:08:06:03,428 INFO     [shm_lib.py:151:print_stat] Last Operator PID: 7
2024-06-19:08:06:03,429 INFO     [shm_lib.py:152:print_stat] Creator PID: 7
2024-06-19:08:06:03,429 INFO     [shm_lib.py:153:print_stat] Number of attached Processes: 0
2024-06-19:08:06:03,429 INFO     [shm_lib.py:154:print_stat] Last attach time: 1718784363
2024-06-19:08:06:03,429 INFO     [shm_lib.py:155:print_stat] Last detach time: 1718784363
2024-06-19:08:06:03,429 INFO     [shm_lib.py:156:print_stat] Last change time: 1718784363
2024-06-19:08:06:03,429 INFO     [shm_lib.py:157:print_stat] 

2024-06-19:08:06:03,430 ERROR    [cdi_ops_handlers.py:49:create_cdis] create_cdis: Updating cdi record with key: 880519e2-7221-4387-aa1a-49707fd70810
2024-06-19:08:06:03,436 INFO     [shm_ops.py:54:write_data] shm_write_data: wrote data to shared memory with shm_id: 65558
2024-06-19:08:06:03,477 INFO     [cdi_ops_handlers.py:56:create_cdis] create_cdis: Successfully created cdi record for key: 880519e2-7221-4387-aa1a-49707fd70810
2024-06-19:08:06:03,478 INFO     [cdi_ops_handlers.py:13:create_cdis] create_cdis: Fetching cdi record with key: ce582af4-490d-4bdb-96b7-421522266b65
2024-06-19:08:06:03,512 ERROR    [cdi_ops_handlers.py:18:create_cdis] create_cdis: Processing cdi record with key: ce582af4-490d-4bdb-96b7-421522266b65
2024-06-19:08:06:03,512 INFO     [cdi_ops_handlers.py:24:create_cdis] Minion-create_cdis: Accessing SharedMemory for App: , CDI: ce582af4-490d-4bdb-96b7-421522266b65
2024-06-19:08:06:03,513 INFO     [shm_lib.py:123:__populate_shm_id_if_empty] __populate_shm_id_if_empty: Creating new SHM for key: 5781
2024-06-19:08:06:03,513 INFO     [shm_lib.py:142:print_stat] 

2024-06-19:08:06:03,513 INFO     [shm_lib.py:143:print_stat] Key: 5781
2024-06-19:08:06:03,513 INFO     [shm_lib.py:144:print_stat] SHMID: 65559
2024-06-19:08:06:03,514 INFO     [shm_lib.py:145:print_stat] Access UID: 996
2024-06-19:08:06:03,514 INFO     [shm_lib.py:146:print_stat] Access GID: 24
2024-06-19:08:06:03,514 INFO     [shm_lib.py:147:print_stat] Creator UID: 0
2024-06-19:08:06:03,514 INFO     [shm_lib.py:148:print_stat] Creator GID: 0
2024-06-19:08:06:03,514 INFO     [shm_lib.py:149:print_stat] Access Mode: 666
2024-06-19:08:06:03,515 INFO     [shm_lib.py:150:print_stat] Size (Bytes): 10000000
2024-06-19:08:06:03,515 INFO     [shm_lib.py:151:print_stat] Last Operator PID: 7
2024-06-19:08:06:03,515 INFO     [shm_lib.py:152:print_stat] Creator PID: 7
2024-06-19:08:06:03,515 INFO     [shm_lib.py:153:print_stat] Number of attached Processes: 0
2024-06-19:08:06:03,515 INFO     [shm_lib.py:154:print_stat] Last attach time: 1718784363
2024-06-19:08:06:03,516 INFO     [shm_lib.py:155:print_stat] Last detach time: 1718784363
2024-06-19:08:06:03,516 INFO     [shm_lib.py:156:print_stat] Last change time: 1718784363
2024-06-19:08:06:03,516 INFO     [shm_lib.py:157:print_stat] 

2024-06-19:08:06:03,517 ERROR    [cdi_ops_handlers.py:49:create_cdis] create_cdis: Updating cdi record with key: ce582af4-490d-4bdb-96b7-421522266b65
2024-06-19:08:06:03,523 INFO     [shm_ops.py:54:write_data] shm_write_data: wrote data to shared memory with shm_id: 65559
2024-06-19:08:06:03,577 INFO     [cdi_ops_handlers.py:56:create_cdis] create_cdis: Successfully created cdi record for key: ce582af4-490d-4bdb-96b7-421522266b65
2024-06-19:08:06:03,577 INFO     [cdi_ops_handlers.py:13:create_cdis] create_cdis: Fetching cdi record with key: d20f1517-7ca8-4d69-9f0b-c2f52444d301
2024-06-19:08:06:03,608 ERROR    [cdi_ops_handlers.py:18:create_cdis] create_cdis: Processing cdi record with key: d20f1517-7ca8-4d69-9f0b-c2f52444d301
2024-06-19:08:06:03,609 INFO     [cdi_ops_handlers.py:24:create_cdis] Minion-create_cdis: Accessing SharedMemory for App: , CDI: d20f1517-7ca8-4d69-9f0b-c2f52444d301
2024-06-19:08:06:03,609 INFO     [shm_lib.py:123:__populate_shm_id_if_empty] __populate_shm_id_if_empty: Creating new SHM for key: 5782
2024-06-19:08:06:03,609 INFO     [shm_lib.py:142:print_stat] 

2024-06-19:08:06:03,609 INFO     [shm_lib.py:143:print_stat] Key: 5782
2024-06-19:08:06:03,610 INFO     [shm_lib.py:144:print_stat] SHMID: 65560
2024-06-19:08:06:03,610 INFO     [shm_lib.py:145:print_stat] Access UID: 996
2024-06-19:08:06:03,610 INFO     [shm_lib.py:146:print_stat] Access GID: 24
2024-06-19:08:06:03,610 INFO     [shm_lib.py:147:print_stat] Creator UID: 0
2024-06-19:08:06:03,610 INFO     [shm_lib.py:148:print_stat] Creator GID: 0
2024-06-19:08:06:03,611 INFO     [shm_lib.py:149:print_stat] Access Mode: 666
2024-06-19:08:06:03,611 INFO     [shm_lib.py:150:print_stat] Size (Bytes): 10000000
2024-06-19:08:06:03,611 INFO     [shm_lib.py:151:print_stat] Last Operator PID: 7
2024-06-19:08:06:03,611 INFO     [shm_lib.py:152:print_stat] Creator PID: 7
2024-06-19:08:06:03,611 INFO     [shm_lib.py:153:print_stat] Number of attached Processes: 0
2024-06-19:08:06:03,612 INFO     [shm_lib.py:154:print_stat] Last attach time: 1718784363
2024-06-19:08:06:03,612 INFO     [shm_lib.py:155:print_stat] Last detach time: 1718784363
2024-06-19:08:06:03,612 INFO     [shm_lib.py:156:print_stat] Last change time: 1718784363
2024-06-19:08:06:03,613 INFO     [shm_lib.py:157:print_stat] 

2024-06-19:08:06:03,613 ERROR    [cdi_ops_handlers.py:49:create_cdis] create_cdis: Updating cdi record with key: d20f1517-7ca8-4d69-9f0b-c2f52444d301
2024-06-19:08:06:03,619 INFO     [shm_ops.py:54:write_data] shm_write_data: wrote data to shared memory with shm_id: 65560
2024-06-19:08:06:03,658 INFO     [cdi_ops_handlers.py:56:create_cdis] create_cdis: Successfully created cdi record for key: d20f1517-7ca8-4d69-9f0b-c2f52444d301
2024-06-19:08:06:03,658 INFO     [cdi_ops_handlers.py:13:create_cdis] create_cdis: Fetching cdi record with key: d31bc6b2-88bd-4712-8808-08590d8ae68e
2024-06-19:08:06:03,689 ERROR    [cdi_ops_handlers.py:18:create_cdis] create_cdis: Processing cdi record with key: d31bc6b2-88bd-4712-8808-08590d8ae68e
2024-06-19:08:06:03,689 INFO     [cdi_ops_handlers.py:24:create_cdis] Minion-create_cdis: Accessing SharedMemory for App: , CDI: d31bc6b2-88bd-4712-8808-08590d8ae68e
2024-06-19:08:06:03,690 INFO     [shm_lib.py:123:__populate_shm_id_if_empty] __populate_shm_id_if_empty: Creating new SHM for key: 5783
2024-06-19:08:06:03,690 INFO     [shm_lib.py:142:print_stat] 

2024-06-19:08:06:03,690 INFO     [shm_lib.py:143:print_stat] Key: 5783
2024-06-19:08:06:03,690 INFO     [shm_lib.py:144:print_stat] SHMID: 65561
2024-06-19:08:06:03,691 INFO     [shm_lib.py:145:print_stat] Access UID: 996
2024-06-19:08:06:03,691 INFO     [shm_lib.py:146:print_stat] Access GID: 24
2024-06-19:08:06:03,691 INFO     [shm_lib.py:147:print_stat] Creator UID: 0
2024-06-19:08:06:03,691 INFO     [shm_lib.py:148:print_stat] Creator GID: 0
2024-06-19:08:06:03,691 INFO     [shm_lib.py:149:print_stat] Access Mode: 666
2024-06-19:08:06:03,692 INFO     [shm_lib.py:150:print_stat] Size (Bytes): 10000000
2024-06-19:08:06:03,692 INFO     [shm_lib.py:151:print_stat] Last Operator PID: 7
2024-06-19:08:06:03,692 INFO     [shm_lib.py:152:print_stat] Creator PID: 7
2024-06-19:08:06:03,692 INFO     [shm_lib.py:153:print_stat] Number of attached Processes: 0
2024-06-19:08:06:03,693 INFO     [shm_lib.py:154:print_stat] Last attach time: 1718784363
2024-06-19:08:06:03,693 INFO     [shm_lib.py:155:print_stat] Last detach time: 1718784363
2024-06-19:08:06:03,693 INFO     [shm_lib.py:156:print_stat] Last change time: 1718784363
2024-06-19:08:06:03,693 INFO     [shm_lib.py:157:print_stat] 

2024-06-19:08:06:03,693 ERROR    [cdi_ops_handlers.py:49:create_cdis] create_cdis: Updating cdi record with key: d31bc6b2-88bd-4712-8808-08590d8ae68e
2024-06-19:08:06:03,700 INFO     [shm_ops.py:54:write_data] shm_write_data: wrote data to shared memory with shm_id: 65561
2024-06-19:08:06:03,738 INFO     [cdi_ops_handlers.py:56:create_cdis] create_cdis: Successfully created cdi record for key: d31bc6b2-88bd-4712-8808-08590d8ae68e
2024-06-19:08:06:03,738 INFO     [cdi_ops_handlers.py:13:create_cdis] create_cdis: Fetching cdi record with key: 52597a08-fc2e-4a09-9c7d-88347a03e0af
2024-06-19:08:06:03,766 ERROR    [cdi_ops_handlers.py:18:create_cdis] create_cdis: Processing cdi record with key: 52597a08-fc2e-4a09-9c7d-88347a03e0af
2024-06-19:08:06:03,767 INFO     [cdi_ops_handlers.py:24:create_cdis] Minion-create_cdis: Accessing SharedMemory for App: , CDI: 52597a08-fc2e-4a09-9c7d-88347a03e0af
2024-06-19:08:06:03,767 INFO     [shm_lib.py:123:__populate_shm_id_if_empty] __populate_shm_id_if_empty: Creating new SHM for key: 5784
2024-06-19:08:06:03,767 INFO     [shm_lib.py:142:print_stat] 

2024-06-19:08:06:03,767 INFO     [shm_lib.py:143:print_stat] Key: 5784
2024-06-19:08:06:03,768 INFO     [shm_lib.py:144:print_stat] SHMID: 65562
2024-06-19:08:06:03,768 INFO     [shm_lib.py:145:print_stat] Access UID: 996
2024-06-19:08:06:03,768 INFO     [shm_lib.py:146:print_stat] Access GID: 24
2024-06-19:08:06:03,768 INFO     [shm_lib.py:147:print_stat] Creator UID: 0
2024-06-19:08:06:03,768 INFO     [shm_lib.py:148:print_stat] Creator GID: 0
2024-06-19:08:06:03,768 INFO     [shm_lib.py:149:print_stat] Access Mode: 666
2024-06-19:08:06:03,769 INFO     [shm_lib.py:150:print_stat] Size (Bytes): 10000000
2024-06-19:08:06:03,769 INFO     [shm_lib.py:151:print_stat] Last Operator PID: 7
2024-06-19:08:06:03,769 INFO     [shm_lib.py:152:print_stat] Creator PID: 7
2024-06-19:08:06:03,769 INFO     [shm_lib.py:153:print_stat] Number of attached Processes: 0
2024-06-19:08:06:03,769 INFO     [shm_lib.py:154:print_stat] Last attach time: 1718784363
2024-06-19:08:06:03,769 INFO     [shm_lib.py:155:print_stat] Last detach time: 1718784363
2024-06-19:08:06:03,770 INFO     [shm_lib.py:156:print_stat] Last change time: 1718784363
2024-06-19:08:06:03,770 INFO     [shm_lib.py:157:print_stat] 

2024-06-19:08:06:03,770 ERROR    [cdi_ops_handlers.py:49:create_cdis] create_cdis: Updating cdi record with key: 52597a08-fc2e-4a09-9c7d-88347a03e0af
2024-06-19:08:06:03,775 INFO     [shm_ops.py:54:write_data] shm_write_data: wrote data to shared memory with shm_id: 65562
2024-06-19:08:06:03,811 INFO     [cdi_ops_handlers.py:56:create_cdis] create_cdis: Successfully created cdi record for key: 52597a08-fc2e-4a09-9c7d-88347a03e0af
2024-06-19:08:06:35,862 INFO     [server_api_handlers.py:74:TransferAndDeleteCDIs] TransferAndDeleteCDIs: Processing request
2024-06-19:08:06:35,863 INFO     [server_api_handlers.py:79:TransferAndDeleteCDIs] TransferAndDeleteCDIs: Fetching cdi record with key: 880519e2-7221-4387-aa1a-49707fd70810
2024-06-19:08:06:35,889 INFO     [shm_lib.py:126:__populate_shm_id_if_empty] __populate_shm_id_if_empty: Attempting to attach to SHM with key: 5780
2024-06-19:08:06:35,890 INFO     [server_api_handlers.py:103:TransferAndDeleteCDIs] Minion-TransferAndDeleteCDIs: Fetching payload of SharedMemory for App: , CDI: 880519e2-7221-4387-aa1a-49707fd70810
2024-06-19:08:06:36,338 INFO     [shm_ops.py:64:read_data] shm_read_data: read data from shared memory with shm_id: 65558
2024-06-19:08:06:36,338 INFO     [server_api_handlers.py:79:TransferAndDeleteCDIs] TransferAndDeleteCDIs: Fetching cdi record with key: ce582af4-490d-4bdb-96b7-421522266b65
2024-06-19:08:06:36,366 INFO     [shm_lib.py:126:__populate_shm_id_if_empty] __populate_shm_id_if_empty: Attempting to attach to SHM with key: 5781
2024-06-19:08:06:36,366 INFO     [server_api_handlers.py:103:TransferAndDeleteCDIs] Minion-TransferAndDeleteCDIs: Fetching payload of SharedMemory for App: , CDI: ce582af4-490d-4bdb-96b7-421522266b65
2024-06-19:08:06:36,813 INFO     [shm_ops.py:64:read_data] shm_read_data: read data from shared memory with shm_id: 65559
2024-06-19:08:06:36,814 INFO     [server_api_handlers.py:79:TransferAndDeleteCDIs] TransferAndDeleteCDIs: Fetching cdi record with key: d20f1517-7ca8-4d69-9f0b-c2f52444d301
2024-06-19:08:06:36,841 INFO     [shm_lib.py:126:__populate_shm_id_if_empty] __populate_shm_id_if_empty: Attempting to attach to SHM with key: 5782
2024-06-19:08:06:36,841 INFO     [server_api_handlers.py:103:TransferAndDeleteCDIs] Minion-TransferAndDeleteCDIs: Fetching payload of SharedMemory for App: , CDI: d20f1517-7ca8-4d69-9f0b-c2f52444d301
2024-06-19:08:06:37,288 INFO     [shm_ops.py:64:read_data] shm_read_data: read data from shared memory with shm_id: 65560
2024-06-19:08:06:37,288 INFO     [server_api_handlers.py:79:TransferAndDeleteCDIs] TransferAndDeleteCDIs: Fetching cdi record with key: d31bc6b2-88bd-4712-8808-08590d8ae68e
2024-06-19:08:06:37,316 INFO     [shm_lib.py:126:__populate_shm_id_if_empty] __populate_shm_id_if_empty: Attempting to attach to SHM with key: 5783
2024-06-19:08:06:37,316 INFO     [server_api_handlers.py:103:TransferAndDeleteCDIs] Minion-TransferAndDeleteCDIs: Fetching payload of SharedMemory for App: , CDI: d31bc6b2-88bd-4712-8808-08590d8ae68e
2024-06-19:08:06:37,765 INFO     [shm_ops.py:64:read_data] shm_read_data: read data from shared memory with shm_id: 65561
2024-06-19:08:06:37,765 INFO     [server_api_handlers.py:79:TransferAndDeleteCDIs] TransferAndDeleteCDIs: Fetching cdi record with key: 52597a08-fc2e-4a09-9c7d-88347a03e0af
2024-06-19:08:06:37,792 INFO     [shm_lib.py:126:__populate_shm_id_if_empty] __populate_shm_id_if_empty: Attempting to attach to SHM with key: 5784
2024-06-19:08:06:37,793 INFO     [server_api_handlers.py:103:TransferAndDeleteCDIs] Minion-TransferAndDeleteCDIs: Fetching payload of SharedMemory for App: , CDI: 52597a08-fc2e-4a09-9c7d-88347a03e0af
2024-06-19:08:06:38,247 INFO     [shm_ops.py:64:read_data] shm_read_data: read data from shared memory with shm_id: 65562
2024-06-19:08:06:38,248 INFO     [minion_rdma_ops.py:22:CreateCDIs] CreateCDIs(192.168.119.201:12345): Sending request
2024-06-19:08:06:38,288 INFO     [minion_rdma_ops.py:30:CreateCDIs] sending message of len: 5 to client
2024-06-19:08:06:38,307 INFO     [utils.py:118:write_string_to_file] String written to /tmp/sender_6 successfully.
2024-06-19:08:06:38,309 INFO     [client.py:26:start_client] start_client: sending string of size: 2548599
log: 2024-06-19 08:06:38.310 Connecting to Server at: 192.168.119.201 , port: 12345 
DEBUG: RDMA CM event channel created: 0xffff4c008ea0 
DEBUG: waiting for cm event: RDMA_CM_EVENT_ADDR_RESOLVED
DEBUG: RDMA_CM_EVENT_ADDR_RESOLVED event received 
DEBUG: RDMA_CM_EVENT_ROUTE_RESOLVED event received 
log: 2024-06-19 08:06:38.311 Trying to connect to server at : 192.168.119.201 port: 12345 
DEBUG: Protection Domain (PD) allocated: 0xffff40271180 
DEBUG: Completion channel created: 0xffff40270f30 
DEBUG: CQ created: 0xffff404e32c0 with 31 elements 
DEBUG: Client QP created: 0xffff404e3d10 
DEBUG: Registered: 0xffff404e2eb0 , len: 56 , stag: 0x30016128 
DEBUG: Pre-posting Receive HELLO 
DEBUG: Allocated memory of size : 5492DEBUG: Copied and going to registerDEBUG: Registered: 0xffff408e1d40 , len: 4194304 , stag: 0x30016228 
DEBUG: Memory Map built: ADDR: 0xffff408e1d40
DEBUG: RDMA_CM_EVENT_ESTABLISHED event received 
DEBUG: Registered: 0xffff404e3f60 , len: 56 , stag: 0x30016328 
DEBUG: ---------------------------------------------------------
DEBUG: ------------EXCHANGE BUFFER------------
DEBUG: ---------------------------------------------------------
DEBUG: message 0xffff404e3f60
DEBUG: message, type: 0
DEBUG: message: hello: 123 
DEBUG: ---------------------------------------------------------
DEBUG: 1 WC are completed 
DEBUG: Sending HELLO 
DEBUG: 1 WC are completed 
DEBUG: Registered: 0xffff404e3450 , len: 56 , stag: 0x30016428 
DEBUG: Pre-posting Receive ACK 
DEBUG: Registered: 0xffff404e34d0 , len: 56 , stag: 0x30016528 
DEBUG: Post Frame message 
DEBUG: ---------------------------------------------------------
DEBUG: ------------EXCHANGE BUFFER------------
DEBUG: ---------------------------------------------------------
DEBUG: message 0xffff404e34d0
DEBUG: message, type: 1
DEBUG: message: data.mr.address: 0xffff408e1d40 
DEBUG: ---------------------------------------------------------
DEBUG: 1 WC are completed 
DEBUG: POST MESSAGE TO SERVER 

DEBUG: 1 WC are completed 
DEBUG: ---------------------------------------------------------
DEBUG: ------------EXCHANGE BUFFER------------
DEBUG: ---------------------------------------------------------
DEBUG: message 0xffff404e3450
DEBUG: message, type: 0
DEBUG: message: hello: 111 
DEBUG: ---------------------------------------------------------
DEBUG: Received ACK 
log: 2024-06-19 08:06:38.331 elapsed    4.00 ms (3997060 ns)
 DEBUG: Freeing memory regionDEBUG: De-registering memory region mrDEBUG: Deregistered: 0xffff408e1d40 , len: 4194304 , stag : 0x30016228 
DEBUG: Client resource clean up is complete 
2024-06-19:08:06:38,333 INFO     [minion_rdma_ops.py:59:CreateCDIs] Successful :)

2024-06-19:08:06:38,333 INFO     [minion_rdma_ops.py:30:CreateCDIs] sending message of len: 5 to client
2024-06-19:08:06:38,347 INFO     [utils.py:118:write_string_to_file] String written to /tmp/sender_7 successfully.
2024-06-19:08:06:38,348 INFO     [client.py:26:start_client] start_client: sending string of size: 2548457
log: 2024-06-19 08:06:38.350 Connecting to Server at: 192.168.119.201 , port: 12345 
DEBUG: RDMA CM event channel created: 0xffff404e3550 
DEBUG: waiting for cm event: RDMA_CM_EVENT_ADDR_RESOLVED
DEBUG: RDMA_CM_EVENT_ADDR_RESOLVED event received 
DEBUG: RDMA_CM_EVENT_ROUTE_RESOLVED event received 
log: 2024-06-19 08:06:38.350 Trying to connect to server at : 192.168.119.201 port: 12345 
DEBUG: Protection Domain (PD) allocated: 0xffff404e5c70 
DEBUG: Completion channel created: 0xffff404e5c90 
DEBUG: CQ created: 0xffff404e5cb0 with 31 elements 
DEBUG: Client QP created: 0xffff404e9d20 
DEBUG: Registered: 0xffff404e3f20 , len: 56 , stag: 0x38016228 
DEBUG: Pre-posting Receive HELLO 
DEBUG: Allocated memory of size : 123DEBUG: Copied and going to registerDEBUG: Registered: 0xffff408e1cc0 , len: 4194304 , stag: 0x38016628 
DEBUG: Memory Map built: ADDR: 0xffff408e1cc0
library/rdma/lib_c/client.c : 305 : ERROR : Event not found RDMA_CM_EVENT_CONNECT_ERROR 
PERROR: Invalid argument
DEBUG: RDMA_CM_EVENT_CONNECT_ERROR event received 
DEBUG: Freeing memory regionDEBUG: De-registering memory region mrDEBUG: Deregistered: 0xffff408e1cc0 , len: 4194304 , stag : 0x38016628 
DEBUG: Client resource clean up is complete 
2024-06-19:08:06:38,362 INFO     [minion_rdma_ops.py:46:CreateCDIs] Retrying sending 1

2024-06-19:08:06:38,363 INFO     [client.py:26:start_client] start_client: sending string of size: 2548457
log: 2024-06-19 08:06:38.364 Connecting to Server at: 192.168.119.201 , port: 12345 
DEBUG: RDMA CM event channel created: 0xffff404e5e40 
DEBUG: waiting for cm event: RDMA_CM_EVENT_ADDR_RESOLVED
DEBUG: RDMA_CM_EVENT_ADDR_RESOLVED event received 
DEBUG: RDMA_CM_EVENT_ROUTE_RESOLVED event received 
log: 2024-06-19 08:06:38.365 Trying to connect to server at : 192.168.119.201 port: 12345 
DEBUG: Protection Domain (PD) allocated: 0xffff404ea4f0 
DEBUG: Completion channel created: 0xffff404ea510 
DEBUG: CQ created: 0xffff404ea530 with 31 elements 
DEBUG: Client QP created: 0xffff404ea6c0 
DEBUG: Registered: 0xffff404eab70 , len: 56 , stag: 0x40016628 
DEBUG: Pre-posting Receive HELLO 
DEBUG: Allocated memory of size : 2548473DEBUG: Copied and going to registerDEBUG: Registered: 0xffff408e1cc0 , len: 4194304 , stag: 0x40016728 
DEBUG: Memory Map built: ADDR: 0xffff408e1cc0
DEBUG: RDMA_CM_EVENT_ESTABLISHED event received 
DEBUG: Registered: 0xffff404eabf0 , len: 56 , stag: 0x40016828 
DEBUG: ---------------------------------------------------------
DEBUG: ------------EXCHANGE BUFFER------------
DEBUG: ---------------------------------------------------------
DEBUG: message 0xffff404eabf0
DEBUG: message, type: 0
DEBUG: message: hello: 123 
DEBUG: ---------------------------------------------------------
DEBUG: 1 WC are completed 
DEBUG: Sending HELLO 
DEBUG: 1 WC are completed 
DEBUG: Registered: 0xffff404eac70 , len: 56 , stag: 0x40016928 
DEBUG: Pre-posting Receive ACK 
DEBUG: Registered: 0xffff404eacf0 , len: 56 , stag: 0x40016a28 
DEBUG: Post Frame message 
DEBUG: ---------------------------------------------------------
DEBUG: ------------EXCHANGE BUFFER------------
DEBUG: ---------------------------------------------------------
DEBUG: message 0xffff404eacf0
DEBUG: message, type: 1
DEBUG: message: data.mr.address: 0xffff408e1cc0 
DEBUG: ---------------------------------------------------------
DEBUG: 1 WC are completed 
DEBUG: POST MESSAGE TO SERVER 

DEBUG: 1 WC are completed 
DEBUG: ---------------------------------------------------------
DEBUG: ------------EXCHANGE BUFFER------------
DEBUG: ---------------------------------------------------------
DEBUG: message 0xffff404eac70
DEBUG: message, type: 0
DEBUG: message: hello: 111 
DEBUG: ---------------------------------------------------------
DEBUG: Received ACK 
log: 2024-06-19 08:06:38.381 elapsed    3.95 ms (3954080 ns)
2024-06-19:08:06:38,383 INFO     [minion_rdma_ops.py:53:CreateCDIs] Complete retrying msg: 1...

2024-06-19:08:06:38,383 INFO     [minion_rdma_ops.py:59:CreateCDIs] Successful :)

2024-06-19:08:06:38,383 INFO     [minion_rdma_ops.py:30:CreateCDIs] sending message of len: 5 to client
 DEBUG: Freeing memory regionDEBUG: De-registering memory region mrDEBUG: Deregistered: (nil) , len: 1078877824 , stag : 0x40016728 
DEBUG: Client resource clean up is complete 
2024-06-19:08:06:38,396 INFO     [utils.py:118:write_string_to_file] String written to /tmp/sender_8 successfully.
2024-06-19:08:06:38,398 INFO     [client.py:26:start_client] start_client: sending string of size: 2547573
log: 2024-06-19 08:06:38.399 Connecting to Server at: 192.168.119.201 , port: 12345 
DEBUG: RDMA CM event channel created: 0xffff404e5ec0 
DEBUG: waiting for cm event: RDMA_CM_EVENT_ADDR_RESOLVED
DEBUG: RDMA_CM_EVENT_ADDR_RESOLVED event received 
DEBUG: RDMA_CM_EVENT_ROUTE_RESOLVED event received 
log: 2024-06-19 08:06:38.399 Trying to connect to server at : 192.168.119.201 port: 12345 
DEBUG: Protection Domain (PD) allocated: 0xffff404eb400 
DEBUG: Completion channel created: 0xffff404eb420 
DEBUG: CQ created: 0xffff404eb440 with 31 elements 
DEBUG: Client QP created: 0xffff404eb5d0 
DEBUG: Registered: 0xffff404e5e80 , len: 56 , stag: 0x48016728 
DEBUG: Pre-posting Receive HELLO 
DEBUG: Allocated memory of size : 2548475DEBUG: Copied and going to registerDEBUG: Registered: 0xffff406739c0 , len: 4194304 , stag: 0x48016b28 
DEBUG: Memory Map built: ADDR: 0xffff406739c0
DEBUG: RDMA_CM_EVENT_ESTABLISHED event received 
DEBUG: Registered: 0xffff404ebac0 , len: 56 , stag: 0x48016c28 
DEBUG: ---------------------------------------------------------
DEBUG: ------------EXCHANGE BUFFER------------
DEBUG: ---------------------------------------------------------
DEBUG: message 0xffff404ebac0
DEBUG: message, type: 0
DEBUG: message: hello: 123 
DEBUG: ---------------------------------------------------------
DEBUG: 1 WC are completed 
DEBUG: Sending HELLO 
DEBUG: 1 WC are completed 
DEBUG: Registered: 0xffff404ebb40 , len: 56 , stag: 0x48016d28 
DEBUG: Pre-posting Receive ACK 
DEBUG: Registered: 0xffff404ebbc0 , len: 56 , stag: 0x48016e28 
DEBUG: Post Frame message 
DEBUG: ---------------------------------------------------------
DEBUG: ------------EXCHANGE BUFFER------------
DEBUG: ---------------------------------------------------------
DEBUG: message 0xffff404ebbc0
DEBUG: message, type: 1
DEBUG: message: data.mr.address: 0xffff406739c0 
DEBUG: ---------------------------------------------------------
DEBUG: 1 WC are completed 
DEBUG: POST MESSAGE TO SERVER 

DEBUG: 1 WC are completed 
DEBUG: ---------------------------------------------------------
DEBUG: ------------EXCHANGE BUFFER------------
DEBUG: ---------------------------------------------------------
DEBUG: message 0xffff404ebb40
DEBUG: message, type: 0
DEBUG: message: hello: 111 
DEBUG: ---------------------------------------------------------
DEBUG: Received ACK 
log: 2024-06-19 08:06:38.416 elapsed    4.14 ms (4139160 ns)
 DEBUG: Freeing memory regionDEBUG: De-registering memory region mrDEBUG: Deregistered: (nil) , len: 1078860048 , stag : 0x48016b28 
DEBUG: Client resource clean up is complete 
2024-06-19:08:06:38,418 INFO     [minion_rdma_ops.py:59:CreateCDIs] Successful :)

2024-06-19:08:06:38,418 INFO     [minion_rdma_ops.py:30:CreateCDIs] sending message of len: 5 to client
2024-06-19:08:06:38,431 INFO     [utils.py:118:write_string_to_file] String written to /tmp/sender_9 successfully.
2024-06-19:08:06:38,432 INFO     [client.py:26:start_client] start_client: sending string of size: 2548170
log: 2024-06-19 08:06:38.433 Connecting to Server at: 192.168.119.201 , port: 12345 
DEBUG: RDMA CM event channel created: 0xffff404ebc40 
DEBUG: waiting for cm event: RDMA_CM_EVENT_ADDR_RESOLVED
DEBUG: RDMA_CM_EVENT_ADDR_RESOLVED event received 
DEBUG: RDMA_CM_EVENT_ROUTE_RESOLVED event received 
log: 2024-06-19 08:06:38.433 Trying to connect to server at : 192.168.119.201 port: 12345 
DEBUG: Protection Domain (PD) allocated: 0xffff404ec340 
DEBUG: Completion channel created: 0xffff404ec360 
DEBUG: CQ created: 0xffff404ec380 with 31 elements 
DEBUG: Client QP created: 0xffff404ec510 
DEBUG: Registered: 0xffff404ec9c0 , len: 56 , stag: 0x50016b28 
DEBUG: Pre-posting Receive HELLO 
DEBUG: Allocated memory of size : 283DEBUG: Copied and going to registerDEBUG: Registered: 0xffff408e1ba0 , len: 4194304 , stag: 0x50016f28 
DEBUG: Memory Map built: ADDR: 0xffff408e1ba0
DEBUG: RDMA_CM_EVENT_CONNECT_ERROR event received 
library/rdma/lib_c/client.c : 305 : ERROR : Event not found RDMA_CM_EVENT_CONNECT_ERROR 
PERROR: Invalid argument
DEBUG: Freeing memory regionDEBUG: De-registering memory region mrDEBUG: Deregistered: 0xffff408e1ba0 , len: 4194304 , stag : 0x50016f28 
DEBUG: Client resource clean up is complete 
2024-06-19:08:06:38,444 INFO     [minion_rdma_ops.py:46:CreateCDIs] Retrying sending 3

2024-06-19:08:06:38,445 INFO     [client.py:26:start_client] start_client: sending string of size: 2548170
log: 2024-06-19 08:06:38.446 Connecting to Server at: 192.168.119.201 , port: 12345 
DEBUG: RDMA CM event channel created: 0xffff404eca80 
DEBUG: waiting for cm event: RDMA_CM_EVENT_ADDR_RESOLVED
DEBUG: RDMA_CM_EVENT_ADDR_RESOLVED event received 
DEBUG: RDMA_CM_EVENT_ROUTE_RESOLVED event received 
log: 2024-06-19 08:06:38.446 Trying to connect to server at : 192.168.119.201 port: 12345 
DEBUG: Protection Domain (PD) allocated: 0xffff404ecdd0 
DEBUG: Completion channel created: 0xffff404ecdf0 
DEBUG: CQ created: 0xffff404ece10 with 31 elements 
DEBUG: Client QP created: 0xffff404ecfa0 
DEBUG: Registered: 0xffff404eca40 , len: 56 , stag: 0x58016f28 
DEBUG: Pre-posting Receive HELLO 
DEBUG: Allocated memory of size : 2548185DEBUG: Copied and going to registerDEBUG: Registered: 0xffff408e1ba0 , len: 4194304 , stag: 0x58017028 
DEBUG: Memory Map built: ADDR: 0xffff408e1ba0
library/rdma/lib_c/client.c : 305 : ERROR : Event not found RDMA_CM_EVENT_CONNECT_ERROR 
PERROR: Invalid argument
DEBUG: RDMA_CM_EVENT_CONNECT_ERROR event received 
DEBUG: Freeing memory regionDEBUG: De-registering memory region mrDEBUG: Deregistered: 0xffff408e1ba0 , len: 4194304 , stag : 0x58017028 
DEBUG: Client resource clean up is complete 
2024-06-19:08:06:38,458 INFO     [minion_rdma_ops.py:46:CreateCDIs] Retrying sending 3

2024-06-19:08:06:38,459 INFO     [client.py:26:start_client] start_client: sending string of size: 2548170
log: 2024-06-19 08:06:38.460 Connecting to Server at: 192.168.119.201 , port: 12345 
DEBUG: RDMA CM event channel created: 0xffff404ed4d0 
DEBUG: waiting for cm event: RDMA_CM_EVENT_ADDR_RESOLVED
DEBUG: RDMA_CM_EVENT_ADDR_RESOLVED event received 
DEBUG: RDMA_CM_EVENT_ROUTE_RESOLVED event received 
log: 2024-06-19 08:06:38.460 Trying to connect to server at : 192.168.119.201 port: 12345 
DEBUG: Protection Domain (PD) allocated: 0xffff404ed820 
DEBUG: Completion channel created: 0xffff404ed840 
DEBUG: CQ created: 0xffff404ed860 with 31 elements 
DEBUG: Client QP created: 0xffff404ed9f0 
DEBUG: Registered: 0xffff404ed490 , len: 56 , stag: 0x60017028 
DEBUG: Pre-posting Receive HELLO 
DEBUG: Allocated memory of size : 2548185DEBUG: Copied and going to registerDEBUG: Registered: 0xffff408e1ba0 , len: 4194304 , stag: 0x60017128 
DEBUG: Memory Map built: ADDR: 0xffff408e1ba0
DEBUG: RDMA_CM_EVENT_CONNECT_ERROR event received 
library/rdma/lib_c/client.c : 305 : ERROR : Event not found RDMA_CM_EVENT_CONNECT_ERROR 
PERROR: Invalid argument
DEBUG: Freeing memory regionDEBUG: De-registering memory region mrDEBUG: Deregistered: 0xffff408e1ba0 , len: 4194304 , stag : 0x60017128 
DEBUG: Client resource clean up is complete 
2024-06-19:08:06:38,472 INFO     [minion_rdma_ops.py:46:CreateCDIs] Retrying sending 3

2024-06-19:08:06:38,473 INFO     [client.py:26:start_client] start_client: sending string of size: 2548170
log: 2024-06-19 08:06:38.474 Connecting to Server at: 192.168.119.201 , port: 12345 
DEBUG: RDMA CM event channel created: 0xffff404edee0 
DEBUG: waiting for cm event: RDMA_CM_EVENT_ADDR_RESOLVED
DEBUG: RDMA_CM_EVENT_ADDR_RESOLVED event received 
DEBUG: RDMA_CM_EVENT_ROUTE_RESOLVED event received 
log: 2024-06-19 08:06:38.474 Trying to connect to server at : 192.168.119.201 port: 12345 
DEBUG: Protection Domain (PD) allocated: 0xffff404ee200 
DEBUG: Completion channel created: 0xffff404ee220 
DEBUG: CQ created: 0xffff404ee240 with 31 elements 
DEBUG: Client QP created: 0xffff404ee3d0 
DEBUG: Registered: 0xffff404ed7b0 , len: 56 , stag: 0x68017128 
DEBUG: Pre-posting Receive HELLO 
DEBUG: Allocated memory of size : 2548185DEBUG: Copied and going to registerDEBUG: Registered: 0xffff408e1ba0 , len: 4194304 , stag: 0x68017228 
DEBUG: Memory Map built: ADDR: 0xffff408e1ba0
DEBUG: RDMA_CM_EVENT_CONNECT_ERROR event received 
library/rdma/lib_c/client.c : 305 : ERROR : Event not found RDMA_CM_EVENT_CONNECT_ERROR 
PERROR: Invalid argument
DEBUG: Freeing memory regionDEBUG: De-registering memory region mrDEBUG: Deregistered: 0xffff408e1ba0 , len: 4194304 , stag : 0x68017228 
DEBUG: Client resource clean up is complete 
2024-06-19:08:06:38,486 INFO     [minion_rdma_ops.py:46:CreateCDIs] Retrying sending 3

2024-06-19:08:06:38,487 INFO     [client.py:26:start_client] start_client: sending string of size: 2548170
log: 2024-06-19 08:06:38.488 Connecting to Server at: 192.168.119.201 , port: 12345 
DEBUG: RDMA CM event channel created: 0xffff404edf20 
DEBUG: waiting for cm event: RDMA_CM_EVENT_ADDR_RESOLVED
DEBUG: RDMA_CM_EVENT_ADDR_RESOLVED event received 
DEBUG: RDMA_CM_EVENT_ROUTE_RESOLVED event received 
log: 2024-06-19 08:06:38.488 Trying to connect to server at : 192.168.119.201 port: 12345 
DEBUG: Protection Domain (PD) allocated: 0xffff404eeba0 
DEBUG: Completion channel created: 0xffff404eebc0 
DEBUG: CQ created: 0xffff404eebe0 with 31 elements 
DEBUG: Client QP created: 0xffff404eed70 
DEBUG: Registered: 0xffff404ee190 , len: 56 , stag: 0x70017228 
DEBUG: Pre-posting Receive HELLO 
DEBUG: Allocated memory of size : 2548185DEBUG: Copied and going to registerDEBUG: Registered: 0xffff408e1ba0 , len: 4194304 , stag: 0x70017328 
DEBUG: Memory Map built: ADDR: 0xffff408e1ba0
DEBUG: RDMA_CM_EVENT_ESTABLISHED event received 
DEBUG: Registered: 0xffff404edf60 , len: 56 , stag: 0x70017428 
DEBUG: ---------------------------------------------------------
DEBUG: ------------EXCHANGE BUFFER------------
DEBUG: ---------------------------------------------------------
DEBUG: message 0xffff404edf60
DEBUG: message, type: 0
DEBUG: message: hello: 123 
DEBUG: ---------------------------------------------------------
DEBUG: 1 WC are completed 
DEBUG: Sending HELLO 
DEBUG: 1 WC are completed 
DEBUG: Registered: 0xffff404edfe0 , len: 56 , stag: 0x70017528 
DEBUG: Pre-posting Receive ACK 
DEBUG: Registered: 0xffff404ee060 , len: 56 , stag: 0x70017628 
DEBUG: Post Frame message 
DEBUG: ---------------------------------------------------------
DEBUG: ------------EXCHANGE BUFFER------------
DEBUG: ---------------------------------------------------------
DEBUG: message 0xffff404ee060
DEBUG: message, type: 1
DEBUG: message: data.mr.address: 0xffff408e1ba0 
DEBUG: ---------------------------------------------------------
DEBUG: 1 WC are completed 
DEBUG: POST MESSAGE TO SERVER 

DEBUG: 1 WC are completed 
DEBUG: ---------------------------------------------------------
DEBUG: ------------EXCHANGE BUFFER------------
DEBUG: ---------------------------------------------------------
DEBUG: message 0xffff404edfe0
DEBUG: message, type: 0
DEBUG: message: hello: 111 
DEBUG: ---------------------------------------------------------
DEBUG: Received ACK 
log: 2024-06-19 08:06:38.505 elapsed    3.85 ms (3847500 ns)
 DEBUG: Freeing memory regionDEBUG: De-registering memory region mrDEBUG: Deregistered: 0xffff408e1ba0 , len: 4194304 , stag : 0x70017328 
DEBUG: Client resource clean up is complete 
2024-06-19:08:06:38,506 INFO     [minion_rdma_ops.py:53:CreateCDIs] Complete retrying msg: 3...

2024-06-19:08:06:38,506 INFO     [minion_rdma_ops.py:59:CreateCDIs] Successful :)

2024-06-19:08:06:38,506 INFO     [minion_rdma_ops.py:30:CreateCDIs] sending message of len: 5 to client
2024-06-19:08:06:38,518 INFO     [utils.py:118:write_string_to_file] String written to /tmp/sender_10 successfully.
2024-06-19:08:06:38,519 INFO     [client.py:26:start_client] start_client: sending string of size: 2547786
log: 2024-06-19 08:06:38.520 Connecting to Server at: 192.168.119.201 , port: 12345 
DEBUG: RDMA CM event channel created: 0xffff404ee0e0 
DEBUG: waiting for cm event: RDMA_CM_EVENT_ADDR_RESOLVED
DEBUG: RDMA_CM_EVENT_ADDR_RESOLVED event received 
DEBUG: RDMA_CM_EVENT_ROUTE_RESOLVED event received 
log: 2024-06-19 08:06:38.521 Trying to connect to server at : 192.168.119.201 port: 12345 
DEBUG: Protection Domain (PD) allocated: 0xffff404ef610 
DEBUG: Completion channel created: 0xffff404ef630 
DEBUG: CQ created: 0xffff404ef650 with 31 elements 
DEBUG: Client QP created: 0xffff404ef7e0 
DEBUG: Registered: 0xffff404eeb30 , len: 56 , stag: 0x78017328 
DEBUG: Pre-posting Receive HELLO 
DEBUG: Allocated memory of size : 379DEBUG: Copied and going to registerDEBUG: Registered: 0xffff408e1a20 , len: 4194304 , stag: 0x78017728 
DEBUG: Memory Map built: ADDR: 0xffff408e1a20
DEBUG: RDMA_CM_EVENT_ESTABLISHED event received 
DEBUG: Registered: 0xffff404efcd0 , len: 56 , stag: 0x78017828 
DEBUG: ---------------------------------------------------------
DEBUG: ------------EXCHANGE BUFFER------------
DEBUG: ---------------------------------------------------------
DEBUG: message 0xffff404efcd0
DEBUG: message, type: 0
DEBUG: message: hello: 123 
DEBUG: ---------------------------------------------------------
DEBUG: 1 WC are completed 
DEBUG: Sending HELLO 
DEBUG: 1 WC are completed 
DEBUG: Registered: 0xffff404efd50 , len: 56 , stag: 0x78017928 
DEBUG: Pre-posting Receive ACK 
DEBUG: Registered: 0xffff404efdd0 , len: 56 , stag: 0x78017a28 
DEBUG: Post Frame message 
DEBUG: ---------------------------------------------------------
DEBUG: ------------EXCHANGE BUFFER------------
DEBUG: ---------------------------------------------------------
DEBUG: message 0xffff404efdd0
DEBUG: message, type: 1
DEBUG: message: data.mr.address: 0xffff408e1a20 
DEBUG: ---------------------------------------------------------
DEBUG: 1 WC are completed 
DEBUG: POST MESSAGE TO SERVER 

DEBUG: 1 WC are completed 
DEBUG: ---------------------------------------------------------
DEBUG: ------------EXCHANGE BUFFER------------
DEBUG: ---------------------------------------------------------
DEBUG: message 0xffff404efd50
DEBUG: message, type: 0
DEBUG: message: hello: 111 
DEBUG: ---------------------------------------------------------
DEBUG: Received ACK 
log: 2024-06-19 08:06:38.537 elapsed    3.92 ms (3915880 ns)
 DEBUG: Freeing memory regionDEBUG: De-registering memory region mrDEBUG: Deregistered: (nil) , len: 1078911264 , stag : 0x78017728 
DEBUG: Client resource clean up is complete 
2024-06-19:08:06:38,538 INFO     [minion_rdma_ops.py:59:CreateCDIs] Successful :)

2024-06-19:08:06:38,539 INFO     [client.py:26:start_client] start_client: sending string of size: 4
log: 2024-06-19 08:06:38.539 Connecting to Server at: 192.168.119.201 , port: 12345 
DEBUG: RDMA CM event channel created: 0xffff404efe50 
DEBUG: waiting for cm event: RDMA_CM_EVENT_ADDR_RESOLVED
DEBUG: RDMA_CM_EVENT_ADDR_RESOLVED event received 
DEBUG: RDMA_CM_EVENT_ROUTE_RESOLVED event received 
log: 2024-06-19 08:06:38.539 Trying to connect to server at : 192.168.119.201 port: 12345 
DEBUG: Protection Domain (PD) allocated: 0xffff404eff00 
DEBUG: Completion channel created: 0xffff404eff20 
DEBUG: CQ created: 0xffff404eff40 with 31 elements 
DEBUG: Client QP created: 0xffff404f00d0 
DEBUG: Registered: 0xffff404ee120 , len: 56 , stag: 0x80017728 
DEBUG: Pre-posting Receive HELLO 
DEBUG: Allocated memory of size : 2547803DEBUG: Copied and going to registerDEBUG: Registered: 0xffff406739c0 , len: 4194304 , stag: 0x80017b28 
DEBUG: Memory Map built: ADDR: 0xffff406739c0
DEBUG: RDMA_CM_EVENT_ESTABLISHED event received 
DEBUG: Registered: 0xffff404f05c0 , len: 56 , stag: 0x80017c28 
DEBUG: ---------------------------------------------------------
DEBUG: ------------EXCHANGE BUFFER------------
DEBUG: ---------------------------------------------------------
DEBUG: message 0xffff404f05c0
DEBUG: message, type: 0
DEBUG: message: hello: 123 
DEBUG: ---------------------------------------------------------
DEBUG: 1 WC are completed 
DEBUG: Sending HELLO 
DEBUG: 1 WC are completed 
DEBUG: Registered: 0xffff404f0640 , len: 56 , stag: 0x80017d28 
DEBUG: Pre-posting Receive ACK 
DEBUG: Registered: 0xffff404f06c0 , len: 56 , stag: 0x80017e28 
DEBUG: Post Frame message 
DEBUG: ---------------------------------------------------------
DEBUG: ------------EXCHANGE BUFFER------------
DEBUG: ---------------------------------------------------------
DEBUG: message 0xffff404f06c0
DEBUG: message, type: 1
DEBUG: message: data.mr.address: 0xffff406739c0 
DEBUG: ---------------------------------------------------------
DEBUG: 1 WC are completed 
DEBUG: POST MESSAGE TO SERVER 

DEBUG: 1 WC are completed 
DEBUG: ---------------------------------------------------------
DEBUG: ------------EXCHANGE BUFFER------------
DEBUG: ---------------------------------------------------------
DEBUG: message 0xffff404f0640
DEBUG: message, type: 0
DEBUG: message: hello: 111 
DEBUG: ---------------------------------------------------------
DEBUG: Received ACK 
log: 2024-06-19 08:06:38.553 elapsed    0.59 ms (588640 ns)
 DEBUG: Freeing memory regionDEBUG: De-registering memory region mrDEBUG: Deregistered: (nil) , len: 1078918800 , stag : 0x80017b28 
DEBUG: Client resource clean up is complete 
2024-06-19:08:06:39,235 INFO     [shm_lib.py:126:__populate_shm_id_if_empty] __populate_shm_id_if_empty: Attempting to attach to SHM with key: 5780
2024-06-19:08:06:39,238 INFO     [server_api_handlers.py:138:TransferAndDeleteCDIs] TransferAndDeleteCDIs: Successfully deleted cdi record with key: 880519e2-7221-4387-aa1a-49707fd70810
2024-06-19:08:06:39,239 INFO     [shm_lib.py:126:__populate_shm_id_if_empty] __populate_shm_id_if_empty: Attempting to attach to SHM with key: 5781
2024-06-19:08:06:39,242 INFO     [server_api_handlers.py:138:TransferAndDeleteCDIs] TransferAndDeleteCDIs: Successfully deleted cdi record with key: ce582af4-490d-4bdb-96b7-421522266b65
2024-06-19:08:06:39,242 INFO     [shm_lib.py:126:__populate_shm_id_if_empty] __populate_shm_id_if_empty: Attempting to attach to SHM with key: 5782
2024-06-19:08:06:39,246 INFO     [server_api_handlers.py:138:TransferAndDeleteCDIs] TransferAndDeleteCDIs: Successfully deleted cdi record with key: d20f1517-7ca8-4d69-9f0b-c2f52444d301
2024-06-19:08:06:39,246 INFO     [shm_lib.py:126:__populate_shm_id_if_empty] __populate_shm_id_if_empty: Attempting to attach to SHM with key: 5783
2024-06-19:08:06:39,249 INFO     [server_api_handlers.py:138:TransferAndDeleteCDIs] TransferAndDeleteCDIs: Successfully deleted cdi record with key: d31bc6b2-88bd-4712-8808-08590d8ae68e
2024-06-19:08:06:39,250 INFO     [shm_lib.py:126:__populate_shm_id_if_empty] __populate_shm_id_if_empty: Attempting to attach to SHM with key: 5784
2024-06-19:08:06:39,253 INFO     [server_api_handlers.py:138:TransferAndDeleteCDIs] TransferAndDeleteCDIs: Successfully deleted cdi record with key: 52597a08-fc2e-4a09-9c7d-88347a03e0af
DEBUG: RDMA_CM_EVENT_CONNECT_REQUEST event received 
DEBUG: Protection domain (PD) allocated: 0xffff718099a0 
DEBUG: I/O completion event channel created: 0xffff3bc004b0 
DEBUG: Completion queue (CQ) created: 0xffff3bc004d0 with 31 elements 
DEBUG: Client QP created: 0xffff3bc007e0 
DEBUG: Registered: 0xffff318000a0 , len: 4194304 , stag: 0x88017b28 
DEBUG: Memory Map built: ADDR: 0xffff318000a0 
DEBUG: Registered: 0xffff3bc00c90 , len: 56 , stag: 0x88017f28 
DEBUG: Pre-posting Receive HELLO 
DEBUG: Wait for : RDMA_CM_EVENT_ESTABLISHED event 
DEBUG: RDMA_CM_EVENT_ESTABLISHED event received 
DEBUG: 1 WC are completed 
DEBUG: Pre-posting Receive Buffer for Address 
DEBUG: Registered: 0xffff3bc00d10 , len: 56 , stag: 0x88018028 
DEBUG: Sending HELLO message: 
DEBUG: ---------------------------------------------------------
DEBUG: ------------EXCHANGE BUFFER------------
DEBUG: ---------------------------------------------------------
DEBUG: message 0xffff3bc00d10
DEBUG: message, type: 0
DEBUG: message: hello: 124 
DEBUG: ---------------------------------------------------------
DEBUG: 1 WC are completed 
DEBUG: Sending HELLO 
DEBUG: 1 WC are completed 
DEBUG: RDMA read the remote memory map. 
log: 2024-06-19 08:06:45.453 elapsed    0.09 ms (88580 ns)
 DEBUG: Sending ACK message: 
DEBUG: ---------------------------------------------------------
DEBUG: ------------EXCHANGE BUFFER------------
DEBUG: ---------------------------------------------------------
DEBUG: message 0xffff3bc00d10
DEBUG: message, type: 0
DEBUG: message: hello: 111 
DEBUG: ---------------------------------------------------------
DEBUG: Sending POST ACK 
DEBUG: RDMA_CM_EVENT_DISCONNECTED event received 
DEBUG: Server shut-down is complete 
DEBUG: Cleanup complete - starting over 
DEBUG: Message of size 2529785 sent in msq_id: 5 
log: 2024-06-19 08:06:45.464 SPINNING NEW THREAD
DEBUG: RDMA_CM_EVENT_CONNECT_REQUEST event received 
DEBUG: Protection domain (PD) allocated: 0xffff3bc00aa0 
DEBUG: I/O completion event channel created: 0xffff3bc00ac0 
DEBUG: Completion queue (CQ) created: 0xffff3bc00ae0 with 31 elements 
DEBUG: Client QP created: 0xffff3bc00d90 
DEBUG: Registered: 0xffff32400370 , len: 4194304 , stag: 0x88018128 
DEBUG: Memory Map built: ADDR: 0xffff32400370 
DEBUG: Registered: 0xffff32800380 , len: 56 , stag: 0x88018228 
DEBUG: Pre-posting Receive HELLO 
DEBUG: Wait for : RDMA_CM_EVENT_ESTABLISHED event 
DEBUG: RDMA_CM_EVENT_ESTABLISHED event received 
DEBUG: 1 WC are completed 
DEBUG: Pre-posting Receive Buffer for Address 
DEBUG: Registered: 0xffff32800400 , len: 56 , stag: 0x88018328 
DEBUG: Sending HELLO message: 
DEBUG: ---------------------------------------------------------
DEBUG: ------------EXCHANGE BUFFER------------
DEBUG: ---------------------------------------------------------
DEBUG: message 0xffff32800400
DEBUG: message, type: 0
DEBUG: message: hello: 124 
DEBUG: ---------------------------------------------------------
DEBUG: 1 WC are completed 
DEBUG: Sending HELLO 
DEBUG: 1 WC are completed 
DEBUG: RDMA read the remote memory map. 
log: 2024-06-19 08:06:45.486 elapsed    0.07 ms (68360 ns)
 DEBUG: Sending ACK message: 
DEBUG: ---------------------------------------------------------
DEBUG: ------------EXCHANGE BUFFER------------
DEBUG: ---------------------------------------------------------
DEBUG: message 0xffff32800400
DEBUG: message, type: 0
DEBUG: message: hello: 111 
DEBUG: ---------------------------------------------------------
DEBUG: Sending POST ACK 
DEBUG: RDMA_CM_EVENT_DISCONNECTED event received 
DEBUG: Server shut-down is complete 
DEBUG: Cleanup complete - starting over 
DEBUG: Message of size 2531001 sent in msq_id: 5 
log: 2024-06-19 08:06:45.498 SPINNING NEW THREAD
DEBUG: RDMA_CM_EVENT_CONNECT_REQUEST event received 
DEBUG: Protection domain (PD) allocated: 0xffff3bc00c70 
DEBUG: I/O completion event channel created: 0xffff3bc00de0 
DEBUG: Completion queue (CQ) created: 0xffff3bc00e00 with 31 elements 
DEBUG: Client QP created: 0xffff330004a0 
DEBUG: Registered: 0xffff33000950 , len: 4194304 , stag: 0x88018428 
DEBUG: Memory Map built: ADDR: 0xffff33000950 
DEBUG: Registered: 0xffff334009a0 , len: 56 , stag: 0x88018528 
DEBUG: Pre-posting Receive HELLO 
DEBUG: Wait for : RDMA_CM_EVENT_ESTABLISHED event 
DEBUG: RDMA_CM_EVENT_ESTABLISHED event received 
DEBUG: 1 WC are completed 
DEBUG: Pre-posting Receive Buffer for Address 
DEBUG: Registered: 0xffff33400a20 , len: 56 , stag: 0x88018628 
DEBUG: Sending HELLO message: 
DEBUG: ---------------------------------------------------------
DEBUG: ------------EXCHANGE BUFFER------------
DEBUG: ---------------------------------------------------------
DEBUG: message 0xffff33400a20
DEBUG: message, type: 0
DEBUG: message: hello: 124 
DEBUG: ---------------------------------------------------------
DEBUG: 1 WC are completed 
DEBUG: Sending HELLO 
DEBUG: 1 WC are completed 
DEBUG: RDMA read the remote memory map. 
log: 2024-06-19 08:06:45.517 elapsed    0.04 ms (37720 ns)
 DEBUG: Sending ACK message: 
DEBUG: ---------------------------------------------------------
DEBUG: ------------EXCHANGE BUFFER------------
DEBUG: ---------------------------------------------------------
DEBUG: message 0xffff33400a20
DEBUG: message, type: 0
DEBUG: message: hello: 111 
DEBUG: ---------------------------------------------------------
DEBUG: Sending POST ACK 
DEBUG: RDMA_CM_EVENT_DISCONNECTED event received 
DEBUG: Server shut-down is complete 
DEBUG: Cleanup complete - starting over 
DEBUG: Message of size 2530505 sent in msq_id: 5 
log: 2024-06-19 08:06:45.528 SPINNING NEW THREAD
DEBUG: RDMA_CM_EVENT_CONNECT_REQUEST event received 
DEBUG: Protection domain (PD) allocated: 0xffff33000760 
DEBUG: I/O completion event channel created: 0xffff33000780 
DEBUG: Completion queue (CQ) created: 0xffff330007a0 with 31 elements 
DEBUG: Client QP created: 0xffff33c00ac0 
DEBUG: Registered: 0xffff28000040 , len: 4194304 , stag: 0x88018728 
DEBUG: Memory Map built: ADDR: 0xffff28000040 
DEBUG: Registered: 0xffff28400090 , len: 56 , stag: 0x88018828 
DEBUG: Pre-posting Receive HELLO 
DEBUG: Wait for : RDMA_CM_EVENT_ESTABLISHED event 
library/rdma/lib_c/server.c : 322 : ERROR : Event not found RDMA_CM_EVENT_REJECTED
PERROR: Success
DEBUG: RDMA_CM_EVENT_REJECTED event received 
DEBUG: Server shut-down is complete 
DEBUG: Cleanup complete - starting over 
log: 2024-06-19 08:06:45.549 SPINNING NEW THREAD
DEBUG: RDMA_CM_EVENT_CONNECT_REQUEST event received 
DEBUG: Protection domain (PD) allocated: 0xffff33000930 
DEBUG: I/O completion event channel created: 0xffff33c00d80 
DEBUG: Completion queue (CQ) created: 0xffff33c00da0 with 31 elements 
DEBUG: Client QP created: 0xffff28400110 
DEBUG: Registered: 0xffff284005c0 , len: 4194304 , stag: 0x88018928 
DEBUG: Memory Map built: ADDR: 0xffff284005c0 
DEBUG: Registered: 0xffff33c00f70 , len: 56 , stag: 0x88018a28 
DEBUG: Pre-posting Receive HELLO 
DEBUG: Wait for : RDMA_CM_EVENT_ESTABLISHED event 
DEBUG: RDMA_CM_EVENT_REJECTED event received 
library/rdma/lib_c/server.c : 322 : ERROR : Event not found RDMA_CM_EVENT_REJECTED
PERROR: Success
DEBUG: Server shut-down is complete 
DEBUG: Cleanup complete - starting over 
log: 2024-06-19 08:06:45.562 SPINNING NEW THREAD
DEBUG: RDMA_CM_EVENT_CONNECT_REQUEST event received 
DEBUG: Protection domain (PD) allocated: 0xffff284003d0 
DEBUG: I/O completion event channel created: 0xffff284003f0 
DEBUG: Completion queue (CQ) created: 0xffff28400410 with 31 elements 
DEBUG: Client QP created: 0xffff288005d0 
DEBUG: Registered: 0xffff28800a80 , len: 4194304 , stag: 0x88018b28 
DEBUG: Memory Map built: ADDR: 0xffff28800a80 
DEBUG: Registered: 0xffff28c00ad0 , len: 56 , stag: 0x88018c28 
DEBUG: Pre-posting Receive HELLO 
DEBUG: Wait for : RDMA_CM_EVENT_ESTABLISHED event 
DEBUG: RDMA_CM_EVENT_REJECTED event received 
library/rdma/lib_c/server.c : 322 : ERROR : Event not found RDMA_CM_EVENT_REJECTED
PERROR: Success
DEBUG: Server shut-down is complete 
DEBUG: Cleanup complete - starting over 
log: 2024-06-19 08:06:45.577 SPINNING NEW THREAD
DEBUG: RDMA_CM_EVENT_CONNECT_REQUEST event received 
DEBUG: Protection domain (PD) allocated: 0xffff284005a0 
DEBUG: I/O completion event channel created: 0xffff28800890 
DEBUG: Completion queue (CQ) created: 0xffff288008b0 with 31 elements 
DEBUG: Client QP created: 0xffff28c00b50 
DEBUG: Registered: 0xffff28c01000 , len: 4194304 , stag: 0x88018d28 
DEBUG: Memory Map built: ADDR: 0xffff28c01000 
DEBUG: Registered: 0xffff29001010 , len: 56 , stag: 0x88018e28 
DEBUG: Pre-posting Receive HELLO 
DEBUG: Wait for : RDMA_CM_EVENT_ESTABLISHED event 
DEBUG: RDMA_CM_EVENT_REJECTED event received 
library/rdma/lib_c/server.c : 322 : ERROR : Event not found RDMA_CM_EVENT_REJECTED
PERROR: Success
DEBUG: Server shut-down is complete 
DEBUG: Cleanup complete - starting over 
log: 2024-06-19 08:06:45.592 SPINNING NEW THREAD
DEBUG: RDMA_CM_EVENT_CONNECT_REQUEST event received 
DEBUG: Protection domain (PD) allocated: 0xffff28c00e10 
DEBUG: I/O completion event channel created: 0xffff28c00e30 
DEBUG: Completion queue (CQ) created: 0xffff28c00e50 with 31 elements 
DEBUG: Client QP created: 0xffff29001090 
DEBUG: Registered: 0xffff29001540 , len: 4194304 , stag: 0x88018f28 
DEBUG: Memory Map built: ADDR: 0xffff29001540 
DEBUG: Registered: 0xffff29401590 , len: 56 , stag: 0x88019028 
DEBUG: Pre-posting Receive HELLO 
DEBUG: Wait for : RDMA_CM_EVENT_ESTABLISHED event 
DEBUG: RDMA_CM_EVENT_ESTABLISHED event received 
DEBUG: 1 WC are completed 
DEBUG: Pre-posting Receive Buffer for Address 
DEBUG: Registered: 0xffff29401610 , len: 56 , stag: 0x88019128 
DEBUG: Sending HELLO message: 
DEBUG: ---------------------------------------------------------
DEBUG: ------------EXCHANGE BUFFER------------
DEBUG: ---------------------------------------------------------
DEBUG: message 0xffff29401610
DEBUG: message, type: 0
DEBUG: message: hello: 124 
DEBUG: ---------------------------------------------------------
DEBUG: 1 WC are completed 
DEBUG: Sending HELLO 
DEBUG: 1 WC are completed 
DEBUG: RDMA read the remote memory map. 
log: 2024-06-19 08:06:45.605 elapsed    0.08 ms (76120 ns)
 DEBUG: Sending ACK message: 
DEBUG: ---------------------------------------------------------
DEBUG: ------------EXCHANGE BUFFER------------
DEBUG: ---------------------------------------------------------
DEBUG: message 0xffff29401610
DEBUG: message, type: 0
DEBUG: message: hello: 111 
DEBUG: ---------------------------------------------------------
DEBUG: Sending POST ACK 
DEBUG: RDMA_CM_EVENT_DISCONNECTED event received 
DEBUG: Server shut-down is complete 
DEBUG: Cleanup complete - starting over 
DEBUG: Message of size 2531401 sent in msq_id: 5 
log: 2024-06-19 08:06:45.616 SPINNING NEW THREAD
DEBUG: RDMA_CM_EVENT_CONNECT_REQUEST event received 
DEBUG: Protection domain (PD) allocated: 0xffff28c00fe0 
DEBUG: I/O completion event channel created: 0xffff29001350 
DEBUG: Completion queue (CQ) created: 0xffff29001370 with 31 elements 
DEBUG: Client QP created: 0xffff29c016b0 
DEBUG: Registered: 0xffff29c01b60 , len: 4194304 , stag: 0x88019228 
DEBUG: Memory Map built: ADDR: 0xffff29c01b60 
DEBUG: Registered: 0xffff2a001b70 , len: 56 , stag: 0x88019328 
DEBUG: Pre-posting Receive HELLO 
DEBUG: Wait for : RDMA_CM_EVENT_ESTABLISHED event 
DEBUG: RDMA_CM_EVENT_ESTABLISHED event received 
DEBUG: 1 WC are completed 
DEBUG: Pre-posting Receive Buffer for Address 
DEBUG: Registered: 0xffff2a001bf0 , len: 56 , stag: 0x88019428 
DEBUG: Sending HELLO message: 
DEBUG: ---------------------------------------------------------
DEBUG: ------------EXCHANGE BUFFER------------
DEBUG: ---------------------------------------------------------
DEBUG: message 0xffff2a001bf0
DEBUG: message, type: 0
DEBUG: message: hello: 124 
DEBUG: ---------------------------------------------------------
DEBUG: 1 WC are completed 
DEBUG: Sending HELLO 
DEBUG: 1 WC are completed 
DEBUG: RDMA read the remote memory map. 
log: 2024-06-19 08:06:45.637 elapsed    0.07 ms (69540 ns)
 DEBUG: Sending ACK message: 
DEBUG: ---------------------------------------------------------
DEBUG: ------------EXCHANGE BUFFER------------
DEBUG: ---------------------------------------------------------
DEBUG: message 0xffff2a001bf0
DEBUG: message, type: 0
DEBUG: message: hello: 111 
DEBUG: ---------------------------------------------------------
DEBUG: Sending POST ACK 
DEBUG: RDMA_CM_EVENT_DISCONNECTED event received 
DEBUG: Server shut-down is complete 
DEBUG: Cleanup complete - starting over 
DEBUG: Message of size 2531673 sent in msq_id: 5 
log: 2024-06-19 08:06:45.648 SPINNING NEW THREAD
DEBUG: RDMA_CM_EVENT_CONNECT_REQUEST event received 
DEBUG: Protection domain (PD) allocated: 0xffff29c01970 
DEBUG: I/O completion event channel created: 0xffff29c01990 
DEBUG: Completion queue (CQ) created: 0xffff29c019b0 with 31 elements 
DEBUG: Client QP created: 0xffff2a801c90 
DEBUG: Registered: 0xffff2a802140 , len: 4194304 , stag: 0x88019528 
DEBUG: Memory Map built: ADDR: 0xffff2a802140 
DEBUG: Registered: 0xffff2ac02190 , len: 56 , stag: 0x88019628 
DEBUG: Pre-posting Receive HELLO 
DEBUG: Wait for : RDMA_CM_EVENT_ESTABLISHED event 
DEBUG: RDMA_CM_EVENT_ESTABLISHED event received 
DEBUG: 1 WC are completed 
DEBUG: Pre-posting Receive Buffer for Address 
DEBUG: Registered: 0xffff2ac02210 , len: 56 , stag: 0x88019728 
DEBUG: Sending HELLO message: 
DEBUG: ---------------------------------------------------------
DEBUG: ------------EXCHANGE BUFFER------------
DEBUG: ---------------------------------------------------------
DEBUG: message 0xffff2ac02210
DEBUG: message, type: 0
DEBUG: message: hello: 124 
DEBUG: ---------------------------------------------------------
DEBUG: 1 WC are completed 
DEBUG: Sending HELLO 
DEBUG: 1 WC are completed 
DEBUG: RDMA read the remote memory map. 
log: 2024-06-19 08:06:45.657 elapsed    0.08 ms (78380 ns)
 DEBUG: Sending ACK message: 
DEBUG: ---------------------------------------------------------
DEBUG: ------------EXCHANGE BUFFER------------
DEBUG: ---------------------------------------------------------
DEBUG: message 0xffff2ac02210
DEBUG: message, type: 0
DEBUG: message: hello: 111 
DEBUG: ---------------------------------------------------------
DEBUG: Sending POST ACK 
DEBUG: RDMA_CM_EVENT_DISCONNECTED event received 
DEBUG: Server shut-down is complete 
DEBUG: Cleanup complete - starting over 
DEBUG: Message of size 4 sent in msq_id: 5 
2024-06-19:08:06:45,659 INFO     [minion_rdma_ops.py:71:handle_rdma_data] received the frame: 15
log: 2024-06-19 08:06:45.661 SPINNING NEW THREAD
2024-06-19:08:06:45,676 INFO     [utils.py:118:write_string_to_file] String written to /tmp/receiver_16 successfully.
2024-06-19:08:06:45,692 INFO     [utils.py:118:write_string_to_file] String written to /tmp/receiver_17 successfully.
2024-06-19:08:06:45,709 INFO     [utils.py:118:write_string_to_file] String written to /tmp/receiver_18 successfully.
2024-06-19:08:06:45,726 INFO     [utils.py:118:write_string_to_file] String written to /tmp/receiver_19 successfully.
2024-06-19:08:06:45,743 INFO     [utils.py:118:write_string_to_file] String written to /tmp/receiver_20 successfully.
2024-06-19:08:06:45,759 INFO     [utils.py:118:write_string_to_file] String written to /tmp/receiver_21 successfully.
2024-06-19:08:06:45,776 INFO     [utils.py:118:write_string_to_file] String written to /tmp/receiver_22 successfully.
2024-06-19:08:06:45,794 INFO     [utils.py:118:write_string_to_file] String written to /tmp/receiver_23 successfully.
2024-06-19:08:06:45,811 INFO     [utils.py:118:write_string_to_file] String written to /tmp/receiver_24 successfully.
2024-06-19:08:06:45,830 INFO     [utils.py:118:write_string_to_file] String written to /tmp/receiver_25 successfully.
2024-06-19:08:06:45,848 INFO     [utils.py:118:write_string_to_file] String written to /tmp/receiver_26 successfully.
2024-06-19:08:06:45,867 INFO     [utils.py:118:write_string_to_file] String written to /tmp/receiver_27 successfully.
2024-06-19:08:06:45,887 INFO     [utils.py:118:write_string_to_file] String written to /tmp/receiver_28 successfully.
2024-06-19:08:06:45,906 INFO     [utils.py:118:write_string_to_file] String written to /tmp/receiver_29 successfully.
2024-06-19:08:06:45,928 INFO     [utils.py:118:write_string_to_file] String written to /tmp/receiver_30 successfully.
2024-06-19:08:06:45,992 INFO     [minion_rdma_ops.py:94:handle_rdma_data] converted!
2024-06-19:08:06:45,993 INFO     [cdi_ops_handlers.py:9:create_cdis] create_cdis: Processing request
2024-06-19:08:06:45,993 INFO     [cdi_ops_handlers.py:13:create_cdis] create_cdis: Fetching cdi record with key: 880519e2-7221-4387-aa1a-49707fd70810
2024-06-19:08:06:46,026 ERROR    [cdi_ops_handlers.py:18:create_cdis] create_cdis: Processing cdi record with key: 880519e2-7221-4387-aa1a-49707fd70810
2024-06-19:08:06:46,027 INFO     [cdi_ops_handlers.py:24:create_cdis] Minion-create_cdis: Accessing SharedMemory for App: , CDI: 880519e2-7221-4387-aa1a-49707fd70810
2024-06-19:08:06:46,027 INFO     [shm_lib.py:123:__populate_shm_id_if_empty] __populate_shm_id_if_empty: Creating new SHM for key: 5780
2024-06-19:08:06:46,028 INFO     [shm_lib.py:142:print_stat] 

2024-06-19:08:06:46,028 INFO     [shm_lib.py:143:print_stat] Key: 5780
2024-06-19:08:06:46,029 INFO     [shm_lib.py:144:print_stat] SHMID: 65563
2024-06-19:08:06:46,029 INFO     [shm_lib.py:145:print_stat] Access UID: 0
2024-06-19:08:06:46,029 INFO     [shm_lib.py:146:print_stat] Access GID: 0
2024-06-19:08:06:46,030 INFO     [shm_lib.py:147:print_stat] Creator UID: 0
2024-06-19:08:06:46,030 INFO     [shm_lib.py:148:print_stat] Creator GID: 0
2024-06-19:08:06:46,030 INFO     [shm_lib.py:149:print_stat] Access Mode: 666
2024-06-19:08:06:46,030 INFO     [shm_lib.py:150:print_stat] Size (Bytes): 10000000
2024-06-19:08:06:46,030 INFO     [shm_lib.py:151:print_stat] Last Operator PID: 0
2024-06-19:08:06:46,030 INFO     [shm_lib.py:152:print_stat] Creator PID: 7
2024-06-19:08:06:46,031 INFO     [shm_lib.py:153:print_stat] Number of attached Processes: 0
2024-06-19:08:06:46,031 INFO     [shm_lib.py:154:print_stat] Last attach time: 0
2024-06-19:08:06:46,031 INFO     [shm_lib.py:155:print_stat] Last detach time: 0
2024-06-19:08:06:46,031 INFO     [shm_lib.py:156:print_stat] Last change time: 1718784406
2024-06-19:08:06:46,031 INFO     [shm_lib.py:157:print_stat] 

2024-06-19:08:06:46,032 ERROR    [cdi_ops_handlers.py:49:create_cdis] create_cdis: Updating cdi record with key: 880519e2-7221-4387-aa1a-49707fd70810
2024-06-19:08:06:46,039 INFO     [shm_ops.py:54:write_data] shm_write_data: wrote data to shared memory with shm_id: 65563
2024-06-19:08:06:46,078 INFO     [cdi_ops_handlers.py:56:create_cdis] create_cdis: Successfully created cdi record for key: 880519e2-7221-4387-aa1a-49707fd70810
2024-06-19:08:06:46,078 INFO     [cdi_ops_handlers.py:13:create_cdis] create_cdis: Fetching cdi record with key: ce582af4-490d-4bdb-96b7-421522266b65
2024-06-19:08:06:46,111 ERROR    [cdi_ops_handlers.py:18:create_cdis] create_cdis: Processing cdi record with key: ce582af4-490d-4bdb-96b7-421522266b65
2024-06-19:08:06:46,112 INFO     [cdi_ops_handlers.py:24:create_cdis] Minion-create_cdis: Accessing SharedMemory for App: , CDI: ce582af4-490d-4bdb-96b7-421522266b65
2024-06-19:08:06:46,112 INFO     [shm_lib.py:123:__populate_shm_id_if_empty] __populate_shm_id_if_empty: Creating new SHM for key: 5781
2024-06-19:08:06:46,112 INFO     [shm_lib.py:142:print_stat] 

2024-06-19:08:06:46,112 INFO     [shm_lib.py:143:print_stat] Key: 5781
2024-06-19:08:06:46,113 INFO     [shm_lib.py:144:print_stat] SHMID: 65564
2024-06-19:08:06:46,113 INFO     [shm_lib.py:145:print_stat] Access UID: 0
2024-06-19:08:06:46,113 INFO     [shm_lib.py:146:print_stat] Access GID: 0
2024-06-19:08:06:46,113 INFO     [shm_lib.py:147:print_stat] Creator UID: 0
2024-06-19:08:06:46,113 INFO     [shm_lib.py:148:print_stat] Creator GID: 0
2024-06-19:08:06:46,114 INFO     [shm_lib.py:149:print_stat] Access Mode: 666
2024-06-19:08:06:46,114 INFO     [shm_lib.py:150:print_stat] Size (Bytes): 10000000
2024-06-19:08:06:46,114 INFO     [shm_lib.py:151:print_stat] Last Operator PID: 0
2024-06-19:08:06:46,114 INFO     [shm_lib.py:152:print_stat] Creator PID: 7
2024-06-19:08:06:46,114 INFO     [shm_lib.py:153:print_stat] Number of attached Processes: 0
2024-06-19:08:06:46,115 INFO     [shm_lib.py:154:print_stat] Last attach time: 0
2024-06-19:08:06:46,115 INFO     [shm_lib.py:155:print_stat] Last detach time: 0
2024-06-19:08:06:46,115 INFO     [shm_lib.py:156:print_stat] Last change time: 1718784406
2024-06-19:08:06:46,115 INFO     [shm_lib.py:157:print_stat] 

2024-06-19:08:06:46,115 ERROR    [cdi_ops_handlers.py:49:create_cdis] create_cdis: Updating cdi record with key: ce582af4-490d-4bdb-96b7-421522266b65
2024-06-19:08:06:46,123 INFO     [shm_ops.py:54:write_data] shm_write_data: wrote data to shared memory with shm_id: 65564
2024-06-19:08:06:46,158 INFO     [cdi_ops_handlers.py:56:create_cdis] create_cdis: Successfully created cdi record for key: ce582af4-490d-4bdb-96b7-421522266b65
2024-06-19:08:06:46,158 INFO     [cdi_ops_handlers.py:13:create_cdis] create_cdis: Fetching cdi record with key: d20f1517-7ca8-4d69-9f0b-c2f52444d301
2024-06-19:08:06:46,187 ERROR    [cdi_ops_handlers.py:18:create_cdis] create_cdis: Processing cdi record with key: d20f1517-7ca8-4d69-9f0b-c2f52444d301
2024-06-19:08:06:46,187 INFO     [cdi_ops_handlers.py:24:create_cdis] Minion-create_cdis: Accessing SharedMemory for App: , CDI: d20f1517-7ca8-4d69-9f0b-c2f52444d301
2024-06-19:08:06:46,187 INFO     [shm_lib.py:123:__populate_shm_id_if_empty] __populate_shm_id_if_empty: Creating new SHM for key: 5782
2024-06-19:08:06:46,188 INFO     [shm_lib.py:142:print_stat] 

2024-06-19:08:06:46,188 INFO     [shm_lib.py:143:print_stat] Key: 5782
2024-06-19:08:06:46,188 INFO     [shm_lib.py:144:print_stat] SHMID: 65565
2024-06-19:08:06:46,188 INFO     [shm_lib.py:145:print_stat] Access UID: 0
2024-06-19:08:06:46,188 INFO     [shm_lib.py:146:print_stat] Access GID: 0
2024-06-19:08:06:46,189 INFO     [shm_lib.py:147:print_stat] Creator UID: 0
2024-06-19:08:06:46,189 INFO     [shm_lib.py:148:print_stat] Creator GID: 0
2024-06-19:08:06:46,189 INFO     [shm_lib.py:149:print_stat] Access Mode: 666
2024-06-19:08:06:46,189 INFO     [shm_lib.py:150:print_stat] Size (Bytes): 10000000
2024-06-19:08:06:46,189 INFO     [shm_lib.py:151:print_stat] Last Operator PID: 0
2024-06-19:08:06:46,189 INFO     [shm_lib.py:152:print_stat] Creator PID: 7
2024-06-19:08:06:46,190 INFO     [shm_lib.py:153:print_stat] Number of attached Processes: 0
2024-06-19:08:06:46,190 INFO     [shm_lib.py:154:print_stat] Last attach time: 0
2024-06-19:08:06:46,190 INFO     [shm_lib.py:155:print_stat] Last detach time: 0
2024-06-19:08:06:46,190 INFO     [shm_lib.py:156:print_stat] Last change time: 1718784406
2024-06-19:08:06:46,191 INFO     [shm_lib.py:157:print_stat] 

2024-06-19:08:06:46,191 ERROR    [cdi_ops_handlers.py:49:create_cdis] create_cdis: Updating cdi record with key: d20f1517-7ca8-4d69-9f0b-c2f52444d301
2024-06-19:08:06:46,198 INFO     [shm_ops.py:54:write_data] shm_write_data: wrote data to shared memory with shm_id: 65565
2024-06-19:08:06:46,233 INFO     [cdi_ops_handlers.py:56:create_cdis] create_cdis: Successfully created cdi record for key: d20f1517-7ca8-4d69-9f0b-c2f52444d301
2024-06-19:08:06:46,234 INFO     [cdi_ops_handlers.py:13:create_cdis] create_cdis: Fetching cdi record with key: d31bc6b2-88bd-4712-8808-08590d8ae68e
2024-06-19:08:06:46,262 ERROR    [cdi_ops_handlers.py:18:create_cdis] create_cdis: Processing cdi record with key: d31bc6b2-88bd-4712-8808-08590d8ae68e
2024-06-19:08:06:46,262 INFO     [cdi_ops_handlers.py:24:create_cdis] Minion-create_cdis: Accessing SharedMemory for App: , CDI: d31bc6b2-88bd-4712-8808-08590d8ae68e
2024-06-19:08:06:46,262 INFO     [shm_lib.py:123:__populate_shm_id_if_empty] __populate_shm_id_if_empty: Creating new SHM for key: 5783
2024-06-19:08:06:46,263 INFO     [shm_lib.py:142:print_stat] 

2024-06-19:08:06:46,263 INFO     [shm_lib.py:143:print_stat] Key: 5783
2024-06-19:08:06:46,263 INFO     [shm_lib.py:144:print_stat] SHMID: 65566
2024-06-19:08:06:46,263 INFO     [shm_lib.py:145:print_stat] Access UID: 0
2024-06-19:08:06:46,264 INFO     [shm_lib.py:146:print_stat] Access GID: 0
2024-06-19:08:06:46,264 INFO     [shm_lib.py:147:print_stat] Creator UID: 0
2024-06-19:08:06:46,264 INFO     [shm_lib.py:148:print_stat] Creator GID: 0
2024-06-19:08:06:46,264 INFO     [shm_lib.py:149:print_stat] Access Mode: 666
2024-06-19:08:06:46,265 INFO     [shm_lib.py:150:print_stat] Size (Bytes): 10000000
2024-06-19:08:06:46,265 INFO     [shm_lib.py:151:print_stat] Last Operator PID: 0
2024-06-19:08:06:46,265 INFO     [shm_lib.py:152:print_stat] Creator PID: 7
2024-06-19:08:06:46,265 INFO     [shm_lib.py:153:print_stat] Number of attached Processes: 0
2024-06-19:08:06:46,265 INFO     [shm_lib.py:154:print_stat] Last attach time: 0
2024-06-19:08:06:46,266 INFO     [shm_lib.py:155:print_stat] Last detach time: 0
2024-06-19:08:06:46,266 INFO     [shm_lib.py:156:print_stat] Last change time: 1718784406
2024-06-19:08:06:46,266 INFO     [shm_lib.py:157:print_stat] 

2024-06-19:08:06:46,266 ERROR    [cdi_ops_handlers.py:49:create_cdis] create_cdis: Updating cdi record with key: d31bc6b2-88bd-4712-8808-08590d8ae68e
2024-06-19:08:06:46,273 INFO     [shm_ops.py:54:write_data] shm_write_data: wrote data to shared memory with shm_id: 65566
2024-06-19:08:06:46,307 INFO     [cdi_ops_handlers.py:56:create_cdis] create_cdis: Successfully created cdi record for key: d31bc6b2-88bd-4712-8808-08590d8ae68e
2024-06-19:08:06:46,308 INFO     [cdi_ops_handlers.py:13:create_cdis] create_cdis: Fetching cdi record with key: 52597a08-fc2e-4a09-9c7d-88347a03e0af
2024-06-19:08:06:46,335 ERROR    [cdi_ops_handlers.py:18:create_cdis] create_cdis: Processing cdi record with key: 52597a08-fc2e-4a09-9c7d-88347a03e0af
2024-06-19:08:06:46,335 INFO     [cdi_ops_handlers.py:24:create_cdis] Minion-create_cdis: Accessing SharedMemory for App: , CDI: 52597a08-fc2e-4a09-9c7d-88347a03e0af
2024-06-19:08:06:46,335 INFO     [shm_lib.py:123:__populate_shm_id_if_empty] __populate_shm_id_if_empty: Creating new SHM for key: 5784
2024-06-19:08:06:46,335 INFO     [shm_lib.py:142:print_stat] 

2024-06-19:08:06:46,336 INFO     [shm_lib.py:143:print_stat] Key: 5784
2024-06-19:08:06:46,336 INFO     [shm_lib.py:144:print_stat] SHMID: 65567
2024-06-19:08:06:46,336 INFO     [shm_lib.py:145:print_stat] Access UID: 0
2024-06-19:08:06:46,336 INFO     [shm_lib.py:146:print_stat] Access GID: 0
2024-06-19:08:06:46,336 INFO     [shm_lib.py:147:print_stat] Creator UID: 0
2024-06-19:08:06:46,337 INFO     [shm_lib.py:148:print_stat] Creator GID: 0
2024-06-19:08:06:46,337 INFO     [shm_lib.py:149:print_stat] Access Mode: 666
2024-06-19:08:06:46,337 INFO     [shm_lib.py:150:print_stat] Size (Bytes): 10000000
2024-06-19:08:06:46,337 INFO     [shm_lib.py:151:print_stat] Last Operator PID: 0
2024-06-19:08:06:46,337 INFO     [shm_lib.py:152:print_stat] Creator PID: 7
2024-06-19:08:06:46,338 INFO     [shm_lib.py:153:print_stat] Number of attached Processes: 0
2024-06-19:08:06:46,338 INFO     [shm_lib.py:154:print_stat] Last attach time: 0
2024-06-19:08:06:46,338 INFO     [shm_lib.py:155:print_stat] Last detach time: 0
2024-06-19:08:06:46,338 INFO     [shm_lib.py:156:print_stat] Last change time: 1718784406
2024-06-19:08:06:46,338 INFO     [shm_lib.py:157:print_stat] 

2024-06-19:08:06:46,339 ERROR    [cdi_ops_handlers.py:49:create_cdis] create_cdis: Updating cdi record with key: 52597a08-fc2e-4a09-9c7d-88347a03e0af
2024-06-19:08:06:46,345 INFO     [shm_ops.py:54:write_data] shm_write_data: wrote data to shared memory with shm_id: 65567
2024-06-19:08:06:46,381 INFO     [cdi_ops_handlers.py:56:create_cdis] create_cdis: Successfully created cdi record for key: 52597a08-fc2e-4a09-9c7d-88347a03e0af
2024-06-19:08:06:46,382 INFO     [cdi_ops_handlers.py:13:create_cdis] create_cdis: Fetching cdi record with key: 880519e2-7221-4387-aa1a-49707fd70810
2024-06-19:08:06:46,409 ERROR    [cdi_ops_handlers.py:18:create_cdis] create_cdis: Processing cdi record with key: 880519e2-7221-4387-aa1a-49707fd70810
2024-06-19:08:06:46,410 INFO     [cdi_ops_handlers.py:24:create_cdis] Minion-create_cdis: Accessing SharedMemory for App: , CDI: 880519e2-7221-4387-aa1a-49707fd70810
2024-06-19:08:06:46,410 INFO     [shm_lib.py:123:__populate_shm_id_if_empty] __populate_shm_id_if_empty: Creating new SHM for key: 5780
2024-06-19:08:06:46,410 INFO     [shm_lib.py:142:print_stat] 

2024-06-19:08:06:46,410 INFO     [shm_lib.py:143:print_stat] Key: 5780
2024-06-19:08:06:46,410 INFO     [shm_lib.py:144:print_stat] SHMID: 65563
2024-06-19:08:06:46,411 INFO     [shm_lib.py:145:print_stat] Access UID: 996
2024-06-19:08:06:46,411 INFO     [shm_lib.py:146:print_stat] Access GID: 24
2024-06-19:08:06:46,411 INFO     [shm_lib.py:147:print_stat] Creator UID: 0
2024-06-19:08:06:46,411 INFO     [shm_lib.py:148:print_stat] Creator GID: 0
2024-06-19:08:06:46,411 INFO     [shm_lib.py:149:print_stat] Access Mode: 666
2024-06-19:08:06:46,412 INFO     [shm_lib.py:150:print_stat] Size (Bytes): 10000000
2024-06-19:08:06:46,412 INFO     [shm_lib.py:151:print_stat] Last Operator PID: 7
2024-06-19:08:06:46,412 INFO     [shm_lib.py:152:print_stat] Creator PID: 7
2024-06-19:08:06:46,412 INFO     [shm_lib.py:153:print_stat] Number of attached Processes: 0
2024-06-19:08:06:46,412 INFO     [shm_lib.py:154:print_stat] Last attach time: 1718784406
2024-06-19:08:06:46,413 INFO     [shm_lib.py:155:print_stat] Last detach time: 1718784406
2024-06-19:08:06:46,413 INFO     [shm_lib.py:156:print_stat] Last change time: 1718784406
2024-06-19:08:06:46,413 INFO     [shm_lib.py:157:print_stat] 

2024-06-19:08:06:46,413 ERROR    [cdi_ops_handlers.py:49:create_cdis] create_cdis: Updating cdi record with key: 880519e2-7221-4387-aa1a-49707fd70810
2024-06-19:08:06:46,419 INFO     [shm_ops.py:54:write_data] shm_write_data: wrote data to shared memory with shm_id: 65563
2024-06-19:08:06:46,454 INFO     [cdi_ops_handlers.py:56:create_cdis] create_cdis: Successfully created cdi record for key: 880519e2-7221-4387-aa1a-49707fd70810
2024-06-19:08:06:46,455 INFO     [cdi_ops_handlers.py:13:create_cdis] create_cdis: Fetching cdi record with key: ce582af4-490d-4bdb-96b7-421522266b65
2024-06-19:08:06:46,487 ERROR    [cdi_ops_handlers.py:18:create_cdis] create_cdis: Processing cdi record with key: ce582af4-490d-4bdb-96b7-421522266b65
2024-06-19:08:06:46,487 INFO     [cdi_ops_handlers.py:24:create_cdis] Minion-create_cdis: Accessing SharedMemory for App: , CDI: ce582af4-490d-4bdb-96b7-421522266b65
2024-06-19:08:06:46,488 INFO     [shm_lib.py:123:__populate_shm_id_if_empty] __populate_shm_id_if_empty: Creating new SHM for key: 5781
2024-06-19:08:06:46,488 INFO     [shm_lib.py:142:print_stat] 

2024-06-19:08:06:46,488 INFO     [shm_lib.py:143:print_stat] Key: 5781
2024-06-19:08:06:46,488 INFO     [shm_lib.py:144:print_stat] SHMID: 65564
2024-06-19:08:06:46,489 INFO     [shm_lib.py:145:print_stat] Access UID: 996
2024-06-19:08:06:46,489 INFO     [shm_lib.py:146:print_stat] Access GID: 24
2024-06-19:08:06:46,489 INFO     [shm_lib.py:147:print_stat] Creator UID: 0
2024-06-19:08:06:46,489 INFO     [shm_lib.py:148:print_stat] Creator GID: 0
2024-06-19:08:06:46,489 INFO     [shm_lib.py:149:print_stat] Access Mode: 666
2024-06-19:08:06:46,490 INFO     [shm_lib.py:150:print_stat] Size (Bytes): 10000000
2024-06-19:08:06:46,490 INFO     [shm_lib.py:151:print_stat] Last Operator PID: 7
2024-06-19:08:06:46,490 INFO     [shm_lib.py:152:print_stat] Creator PID: 7
2024-06-19:08:06:46,491 INFO     [shm_lib.py:153:print_stat] Number of attached Processes: 0
2024-06-19:08:06:46,492 INFO     [shm_lib.py:154:print_stat] Last attach time: 1718784406
2024-06-19:08:06:46,492 INFO     [shm_lib.py:155:print_stat] Last detach time: 1718784406
2024-06-19:08:06:46,492 INFO     [shm_lib.py:156:print_stat] Last change time: 1718784406
2024-06-19:08:06:46,493 INFO     [shm_lib.py:157:print_stat] 

2024-06-19:08:06:46,493 ERROR    [cdi_ops_handlers.py:49:create_cdis] create_cdis: Updating cdi record with key: ce582af4-490d-4bdb-96b7-421522266b65
2024-06-19:08:06:46,499 INFO     [shm_ops.py:54:write_data] shm_write_data: wrote data to shared memory with shm_id: 65564
2024-06-19:08:06:46,536 INFO     [cdi_ops_handlers.py:56:create_cdis] create_cdis: Successfully created cdi record for key: ce582af4-490d-4bdb-96b7-421522266b65
2024-06-19:08:06:46,536 INFO     [cdi_ops_handlers.py:13:create_cdis] create_cdis: Fetching cdi record with key: d20f1517-7ca8-4d69-9f0b-c2f52444d301
2024-06-19:08:06:46,566 ERROR    [cdi_ops_handlers.py:18:create_cdis] create_cdis: Processing cdi record with key: d20f1517-7ca8-4d69-9f0b-c2f52444d301
2024-06-19:08:06:46,566 INFO     [cdi_ops_handlers.py:24:create_cdis] Minion-create_cdis: Accessing SharedMemory for App: , CDI: d20f1517-7ca8-4d69-9f0b-c2f52444d301
2024-06-19:08:06:46,566 INFO     [shm_lib.py:123:__populate_shm_id_if_empty] __populate_shm_id_if_empty: Creating new SHM for key: 5782
2024-06-19:08:06:46,567 INFO     [shm_lib.py:142:print_stat] 

2024-06-19:08:06:46,567 INFO     [shm_lib.py:143:print_stat] Key: 5782
2024-06-19:08:06:46,567 INFO     [shm_lib.py:144:print_stat] SHMID: 65565
2024-06-19:08:06:46,567 INFO     [shm_lib.py:145:print_stat] Access UID: 996
2024-06-19:08:06:46,568 INFO     [shm_lib.py:146:print_stat] Access GID: 24
2024-06-19:08:06:46,568 INFO     [shm_lib.py:147:print_stat] Creator UID: 0
2024-06-19:08:06:46,568 INFO     [shm_lib.py:148:print_stat] Creator GID: 0
2024-06-19:08:06:46,568 INFO     [shm_lib.py:149:print_stat] Access Mode: 666
2024-06-19:08:06:46,568 INFO     [shm_lib.py:150:print_stat] Size (Bytes): 10000000
2024-06-19:08:06:46,569 INFO     [shm_lib.py:151:print_stat] Last Operator PID: 7
2024-06-19:08:06:46,569 INFO     [shm_lib.py:152:print_stat] Creator PID: 7
2024-06-19:08:06:46,569 INFO     [shm_lib.py:153:print_stat] Number of attached Processes: 0
2024-06-19:08:06:46,569 INFO     [shm_lib.py:154:print_stat] Last attach time: 1718784406
2024-06-19:08:06:46,569 INFO     [shm_lib.py:155:print_stat] Last detach time: 1718784406
2024-06-19:08:06:46,569 INFO     [shm_lib.py:156:print_stat] Last change time: 1718784406
2024-06-19:08:06:46,569 INFO     [shm_lib.py:157:print_stat] 

2024-06-19:08:06:46,570 ERROR    [cdi_ops_handlers.py:49:create_cdis] create_cdis: Updating cdi record with key: d20f1517-7ca8-4d69-9f0b-c2f52444d301
2024-06-19:08:06:46,576 INFO     [shm_ops.py:54:write_data] shm_write_data: wrote data to shared memory with shm_id: 65565
2024-06-19:08:06:46,617 INFO     [cdi_ops_handlers.py:56:create_cdis] create_cdis: Successfully created cdi record for key: d20f1517-7ca8-4d69-9f0b-c2f52444d301
2024-06-19:08:06:46,617 INFO     [cdi_ops_handlers.py:13:create_cdis] create_cdis: Fetching cdi record with key: d31bc6b2-88bd-4712-8808-08590d8ae68e
2024-06-19:08:06:46,654 ERROR    [cdi_ops_handlers.py:18:create_cdis] create_cdis: Processing cdi record with key: d31bc6b2-88bd-4712-8808-08590d8ae68e
2024-06-19:08:06:46,654 INFO     [cdi_ops_handlers.py:24:create_cdis] Minion-create_cdis: Accessing SharedMemory for App: , CDI: d31bc6b2-88bd-4712-8808-08590d8ae68e
2024-06-19:08:06:46,655 INFO     [shm_lib.py:123:__populate_shm_id_if_empty] __populate_shm_id_if_empty: Creating new SHM for key: 5783
2024-06-19:08:06:46,655 INFO     [shm_lib.py:142:print_stat] 

2024-06-19:08:06:46,655 INFO     [shm_lib.py:143:print_stat] Key: 5783
2024-06-19:08:06:46,656 INFO     [shm_lib.py:144:print_stat] SHMID: 65566
2024-06-19:08:06:46,656 INFO     [shm_lib.py:145:print_stat] Access UID: 996
2024-06-19:08:06:46,656 INFO     [shm_lib.py:146:print_stat] Access GID: 24
2024-06-19:08:06:46,656 INFO     [shm_lib.py:147:print_stat] Creator UID: 0
2024-06-19:08:06:46,657 INFO     [shm_lib.py:148:print_stat] Creator GID: 0
2024-06-19:08:06:46,657 INFO     [shm_lib.py:149:print_stat] Access Mode: 666
2024-06-19:08:06:46,657 INFO     [shm_lib.py:150:print_stat] Size (Bytes): 10000000
2024-06-19:08:06:46,657 INFO     [shm_lib.py:151:print_stat] Last Operator PID: 7
2024-06-19:08:06:46,657 INFO     [shm_lib.py:152:print_stat] Creator PID: 7
2024-06-19:08:06:46,658 INFO     [shm_lib.py:153:print_stat] Number of attached Processes: 0
2024-06-19:08:06:46,658 INFO     [shm_lib.py:154:print_stat] Last attach time: 1718784406
2024-06-19:08:06:46,658 INFO     [shm_lib.py:155:print_stat] Last detach time: 1718784406
2024-06-19:08:06:46,658 INFO     [shm_lib.py:156:print_stat] Last change time: 1718784406
2024-06-19:08:06:46,658 INFO     [shm_lib.py:157:print_stat] 

2024-06-19:08:06:46,659 ERROR    [cdi_ops_handlers.py:49:create_cdis] create_cdis: Updating cdi record with key: d31bc6b2-88bd-4712-8808-08590d8ae68e
2024-06-19:08:06:46,665 INFO     [shm_ops.py:54:write_data] shm_write_data: wrote data to shared memory with shm_id: 65566
2024-06-19:08:06:46,705 INFO     [cdi_ops_handlers.py:56:create_cdis] create_cdis: Successfully created cdi record for key: d31bc6b2-88bd-4712-8808-08590d8ae68e
2024-06-19:08:06:46,705 INFO     [cdi_ops_handlers.py:13:create_cdis] create_cdis: Fetching cdi record with key: 52597a08-fc2e-4a09-9c7d-88347a03e0af
2024-06-19:08:06:46,736 ERROR    [cdi_ops_handlers.py:18:create_cdis] create_cdis: Processing cdi record with key: 52597a08-fc2e-4a09-9c7d-88347a03e0af
2024-06-19:08:06:46,736 INFO     [cdi_ops_handlers.py:24:create_cdis] Minion-create_cdis: Accessing SharedMemory for App: , CDI: 52597a08-fc2e-4a09-9c7d-88347a03e0af
2024-06-19:08:06:46,736 INFO     [shm_lib.py:123:__populate_shm_id_if_empty] __populate_shm_id_if_empty: Creating new SHM for key: 5784
2024-06-19:08:06:46,737 INFO     [shm_lib.py:142:print_stat] 

2024-06-19:08:06:46,737 INFO     [shm_lib.py:143:print_stat] Key: 5784
2024-06-19:08:06:46,737 INFO     [shm_lib.py:144:print_stat] SHMID: 65567
2024-06-19:08:06:46,737 INFO     [shm_lib.py:145:print_stat] Access UID: 996
2024-06-19:08:06:46,737 INFO     [shm_lib.py:146:print_stat] Access GID: 24
2024-06-19:08:06:46,738 INFO     [shm_lib.py:147:print_stat] Creator UID: 0
2024-06-19:08:06:46,738 INFO     [shm_lib.py:148:print_stat] Creator GID: 0
2024-06-19:08:06:46,738 INFO     [shm_lib.py:149:print_stat] Access Mode: 666
2024-06-19:08:06:46,738 INFO     [shm_lib.py:150:print_stat] Size (Bytes): 10000000
2024-06-19:08:06:46,738 INFO     [shm_lib.py:151:print_stat] Last Operator PID: 7
2024-06-19:08:06:46,739 INFO     [shm_lib.py:152:print_stat] Creator PID: 7
2024-06-19:08:06:46,739 INFO     [shm_lib.py:153:print_stat] Number of attached Processes: 0
2024-06-19:08:06:46,739 INFO     [shm_lib.py:154:print_stat] Last attach time: 1718784406
2024-06-19:08:06:46,739 INFO     [shm_lib.py:155:print_stat] Last detach time: 1718784406
2024-06-19:08:06:46,739 INFO     [shm_lib.py:156:print_stat] Last change time: 1718784406
2024-06-19:08:06:46,739 INFO     [shm_lib.py:157:print_stat] 

2024-06-19:08:06:46,740 ERROR    [cdi_ops_handlers.py:49:create_cdis] create_cdis: Updating cdi record with key: 52597a08-fc2e-4a09-9c7d-88347a03e0af
2024-06-19:08:06:46,745 INFO     [shm_ops.py:54:write_data] shm_write_data: wrote data to shared memory with shm_id: 65567
2024-06-19:08:06:46,780 INFO     [cdi_ops_handlers.py:56:create_cdis] create_cdis: Successfully created cdi record for key: 52597a08-fc2e-4a09-9c7d-88347a03e0af
2024-06-19:08:06:46,781 INFO     [cdi_ops_handlers.py:13:create_cdis] create_cdis: Fetching cdi record with key: 880519e2-7221-4387-aa1a-49707fd70810
2024-06-19:08:06:46,809 ERROR    [cdi_ops_handlers.py:18:create_cdis] create_cdis: Processing cdi record with key: 880519e2-7221-4387-aa1a-49707fd70810
2024-06-19:08:06:46,810 INFO     [cdi_ops_handlers.py:24:create_cdis] Minion-create_cdis: Accessing SharedMemory for App: , CDI: 880519e2-7221-4387-aa1a-49707fd70810
2024-06-19:08:06:46,810 INFO     [shm_lib.py:123:__populate_shm_id_if_empty] __populate_shm_id_if_empty: Creating new SHM for key: 5780
2024-06-19:08:06:46,810 INFO     [shm_lib.py:142:print_stat] 

2024-06-19:08:06:46,811 INFO     [shm_lib.py:143:print_stat] Key: 5780
2024-06-19:08:06:46,811 INFO     [shm_lib.py:144:print_stat] SHMID: 65563
2024-06-19:08:06:46,811 INFO     [shm_lib.py:145:print_stat] Access UID: 996
2024-06-19:08:06:46,811 INFO     [shm_lib.py:146:print_stat] Access GID: 24
2024-06-19:08:06:46,812 INFO     [shm_lib.py:147:print_stat] Creator UID: 0
2024-06-19:08:06:46,812 INFO     [shm_lib.py:148:print_stat] Creator GID: 0
2024-06-19:08:06:46,812 INFO     [shm_lib.py:149:print_stat] Access Mode: 666
2024-06-19:08:06:46,812 INFO     [shm_lib.py:150:print_stat] Size (Bytes): 10000000
2024-06-19:08:06:46,812 INFO     [shm_lib.py:151:print_stat] Last Operator PID: 0
2024-06-19:08:06:46,813 INFO     [shm_lib.py:152:print_stat] Creator PID: 7
2024-06-19:08:06:46,813 INFO     [shm_lib.py:153:print_stat] Number of attached Processes: 1
2024-06-19:08:06:46,813 INFO     [shm_lib.py:154:print_stat] Last attach time: 1718784406
2024-06-19:08:06:46,813 INFO     [shm_lib.py:155:print_stat] Last detach time: 1718784406
2024-06-19:08:06:46,813 INFO     [shm_lib.py:156:print_stat] Last change time: 1718784406
2024-06-19:08:06:46,814 INFO     [shm_lib.py:157:print_stat] 

2024-06-19:08:06:46,814 ERROR    [cdi_ops_handlers.py:49:create_cdis] create_cdis: Updating cdi record with key: 880519e2-7221-4387-aa1a-49707fd70810
2024-06-19:08:06:46,819 INFO     [shm_ops.py:54:write_data] shm_write_data: wrote data to shared memory with shm_id: 65563
2024-06-19:08:06:46,855 INFO     [cdi_ops_handlers.py:56:create_cdis] create_cdis: Successfully created cdi record for key: 880519e2-7221-4387-aa1a-49707fd70810
2024-06-19:08:06:46,855 INFO     [cdi_ops_handlers.py:13:create_cdis] create_cdis: Fetching cdi record with key: ce582af4-490d-4bdb-96b7-421522266b65
2024-06-19:08:06:46,885 ERROR    [cdi_ops_handlers.py:18:create_cdis] create_cdis: Processing cdi record with key: ce582af4-490d-4bdb-96b7-421522266b65
2024-06-19:08:06:46,885 INFO     [cdi_ops_handlers.py:24:create_cdis] Minion-create_cdis: Accessing SharedMemory for App: , CDI: ce582af4-490d-4bdb-96b7-421522266b65
2024-06-19:08:06:46,886 INFO     [shm_lib.py:123:__populate_shm_id_if_empty] __populate_shm_id_if_empty: Creating new SHM for key: 5781
2024-06-19:08:06:46,886 INFO     [shm_lib.py:142:print_stat] 

2024-06-19:08:06:46,886 INFO     [shm_lib.py:143:print_stat] Key: 5781
2024-06-19:08:06:46,887 INFO     [shm_lib.py:144:print_stat] SHMID: 65564
2024-06-19:08:06:46,887 INFO     [shm_lib.py:145:print_stat] Access UID: 996
2024-06-19:08:06:46,887 INFO     [shm_lib.py:146:print_stat] Access GID: 24
2024-06-19:08:06:46,887 INFO     [shm_lib.py:147:print_stat] Creator UID: 0
2024-06-19:08:06:46,887 INFO     [shm_lib.py:148:print_stat] Creator GID: 0
2024-06-19:08:06:46,888 INFO     [shm_lib.py:149:print_stat] Access Mode: 666
2024-06-19:08:06:46,888 INFO     [shm_lib.py:150:print_stat] Size (Bytes): 10000000
2024-06-19:08:06:46,888 INFO     [shm_lib.py:151:print_stat] Last Operator PID: 7
2024-06-19:08:06:46,888 INFO     [shm_lib.py:152:print_stat] Creator PID: 7
2024-06-19:08:06:46,889 INFO     [shm_lib.py:153:print_stat] Number of attached Processes: 0
2024-06-19:08:06:46,889 INFO     [shm_lib.py:154:print_stat] Last attach time: 1718784406
2024-06-19:08:06:46,889 INFO     [shm_lib.py:155:print_stat] Last detach time: 1718784406
2024-06-19:08:06:46,889 INFO     [shm_lib.py:156:print_stat] Last change time: 1718784406
2024-06-19:08:06:46,890 INFO     [shm_lib.py:157:print_stat] 

2024-06-19:08:06:46,890 ERROR    [cdi_ops_handlers.py:49:create_cdis] create_cdis: Updating cdi record with key: ce582af4-490d-4bdb-96b7-421522266b65
2024-06-19:08:06:46,895 INFO     [shm_ops.py:54:write_data] shm_write_data: wrote data to shared memory with shm_id: 65564
2024-06-19:08:06:46,931 INFO     [cdi_ops_handlers.py:56:create_cdis] create_cdis: Successfully created cdi record for key: ce582af4-490d-4bdb-96b7-421522266b65
2024-06-19:08:06:46,932 INFO     [cdi_ops_handlers.py:13:create_cdis] create_cdis: Fetching cdi record with key: d20f1517-7ca8-4d69-9f0b-c2f52444d301
2024-06-19:08:06:46,961 ERROR    [cdi_ops_handlers.py:18:create_cdis] create_cdis: Processing cdi record with key: d20f1517-7ca8-4d69-9f0b-c2f52444d301
2024-06-19:08:06:46,961 INFO     [cdi_ops_handlers.py:24:create_cdis] Minion-create_cdis: Accessing SharedMemory for App: , CDI: d20f1517-7ca8-4d69-9f0b-c2f52444d301
2024-06-19:08:06:46,962 INFO     [shm_lib.py:123:__populate_shm_id_if_empty] __populate_shm_id_if_empty: Creating new SHM for key: 5782
2024-06-19:08:06:46,962 INFO     [shm_lib.py:142:print_stat] 

2024-06-19:08:06:46,962 INFO     [shm_lib.py:143:print_stat] Key: 5782
2024-06-19:08:06:46,963 INFO     [shm_lib.py:144:print_stat] SHMID: 65565
2024-06-19:08:06:46,963 INFO     [shm_lib.py:145:print_stat] Access UID: 996
2024-06-19:08:06:46,963 INFO     [shm_lib.py:146:print_stat] Access GID: 24
2024-06-19:08:06:46,963 INFO     [shm_lib.py:147:print_stat] Creator UID: 0
2024-06-19:08:06:46,963 INFO     [shm_lib.py:148:print_stat] Creator GID: 0
2024-06-19:08:06:46,964 INFO     [shm_lib.py:149:print_stat] Access Mode: 666
2024-06-19:08:06:46,964 INFO     [shm_lib.py:150:print_stat] Size (Bytes): 10000000
2024-06-19:08:06:46,964 INFO     [shm_lib.py:151:print_stat] Last Operator PID: 7
2024-06-19:08:06:46,964 INFO     [shm_lib.py:152:print_stat] Creator PID: 7
2024-06-19:08:06:46,964 INFO     [shm_lib.py:153:print_stat] Number of attached Processes: 0
2024-06-19:08:06:46,965 INFO     [shm_lib.py:154:print_stat] Last attach time: 1718784406
2024-06-19:08:06:46,965 INFO     [shm_lib.py:155:print_stat] Last detach time: 1718784406
2024-06-19:08:06:46,965 INFO     [shm_lib.py:156:print_stat] Last change time: 1718784406
2024-06-19:08:06:46,965 INFO     [shm_lib.py:157:print_stat] 

2024-06-19:08:06:46,965 ERROR    [cdi_ops_handlers.py:49:create_cdis] create_cdis: Updating cdi record with key: d20f1517-7ca8-4d69-9f0b-c2f52444d301
2024-06-19:08:06:46,971 INFO     [shm_ops.py:54:write_data] shm_write_data: wrote data to shared memory with shm_id: 65565
2024-06-19:08:06:47,007 INFO     [cdi_ops_handlers.py:56:create_cdis] create_cdis: Successfully created cdi record for key: d20f1517-7ca8-4d69-9f0b-c2f52444d301
2024-06-19:08:06:47,007 INFO     [cdi_ops_handlers.py:13:create_cdis] create_cdis: Fetching cdi record with key: d31bc6b2-88bd-4712-8808-08590d8ae68e
2024-06-19:08:06:47,036 ERROR    [cdi_ops_handlers.py:18:create_cdis] create_cdis: Processing cdi record with key: d31bc6b2-88bd-4712-8808-08590d8ae68e
2024-06-19:08:06:47,036 INFO     [cdi_ops_handlers.py:24:create_cdis] Minion-create_cdis: Accessing SharedMemory for App: , CDI: d31bc6b2-88bd-4712-8808-08590d8ae68e
2024-06-19:08:06:47,037 INFO     [shm_lib.py:123:__populate_shm_id_if_empty] __populate_shm_id_if_empty: Creating new SHM for key: 5783
2024-06-19:08:06:47,037 INFO     [shm_lib.py:142:print_stat] 

2024-06-19:08:06:47,037 INFO     [shm_lib.py:143:print_stat] Key: 5783
2024-06-19:08:06:47,037 INFO     [shm_lib.py:144:print_stat] SHMID: 65566
2024-06-19:08:06:47,038 INFO     [shm_lib.py:145:print_stat] Access UID: 996
2024-06-19:08:06:47,038 INFO     [shm_lib.py:146:print_stat] Access GID: 24
2024-06-19:08:06:47,038 INFO     [shm_lib.py:147:print_stat] Creator UID: 0
2024-06-19:08:06:47,038 INFO     [shm_lib.py:148:print_stat] Creator GID: 0
2024-06-19:08:06:47,038 INFO     [shm_lib.py:149:print_stat] Access Mode: 666
2024-06-19:08:06:47,038 INFO     [shm_lib.py:150:print_stat] Size (Bytes): 10000000
2024-06-19:08:06:47,039 INFO     [shm_lib.py:151:print_stat] Last Operator PID: 7
2024-06-19:08:06:47,039 INFO     [shm_lib.py:152:print_stat] Creator PID: 7
2024-06-19:08:06:47,039 INFO     [shm_lib.py:153:print_stat] Number of attached Processes: 0
2024-06-19:08:06:47,039 INFO     [shm_lib.py:154:print_stat] Last attach time: 1718784406
2024-06-19:08:06:47,039 INFO     [shm_lib.py:155:print_stat] Last detach time: 1718784406
2024-06-19:08:06:47,040 INFO     [shm_lib.py:156:print_stat] Last change time: 1718784406
2024-06-19:08:06:47,040 INFO     [shm_lib.py:157:print_stat] 

2024-06-19:08:06:47,040 ERROR    [cdi_ops_handlers.py:49:create_cdis] create_cdis: Updating cdi record with key: d31bc6b2-88bd-4712-8808-08590d8ae68e
2024-06-19:08:06:47,046 INFO     [shm_ops.py:54:write_data] shm_write_data: wrote data to shared memory with shm_id: 65566
2024-06-19:08:06:47,082 INFO     [cdi_ops_handlers.py:56:create_cdis] create_cdis: Successfully created cdi record for key: d31bc6b2-88bd-4712-8808-08590d8ae68e
2024-06-19:08:06:47,083 INFO     [cdi_ops_handlers.py:13:create_cdis] create_cdis: Fetching cdi record with key: 52597a08-fc2e-4a09-9c7d-88347a03e0af
2024-06-19:08:06:47,111 ERROR    [cdi_ops_handlers.py:18:create_cdis] create_cdis: Processing cdi record with key: 52597a08-fc2e-4a09-9c7d-88347a03e0af
2024-06-19:08:06:47,112 INFO     [cdi_ops_handlers.py:24:create_cdis] Minion-create_cdis: Accessing SharedMemory for App: , CDI: 52597a08-fc2e-4a09-9c7d-88347a03e0af
2024-06-19:08:06:47,112 INFO     [shm_lib.py:123:__populate_shm_id_if_empty] __populate_shm_id_if_empty: Creating new SHM for key: 5784
2024-06-19:08:06:47,112 INFO     [shm_lib.py:142:print_stat] 

2024-06-19:08:06:47,113 INFO     [shm_lib.py:143:print_stat] Key: 5784
2024-06-19:08:06:47,113 INFO     [shm_lib.py:144:print_stat] SHMID: 65567
2024-06-19:08:06:47,113 INFO     [shm_lib.py:145:print_stat] Access UID: 996
2024-06-19:08:06:47,113 INFO     [shm_lib.py:146:print_stat] Access GID: 24
2024-06-19:08:06:47,114 INFO     [shm_lib.py:147:print_stat] Creator UID: 0
2024-06-19:08:06:47,114 INFO     [shm_lib.py:148:print_stat] Creator GID: 0
2024-06-19:08:06:47,114 INFO     [shm_lib.py:149:print_stat] Access Mode: 666
2024-06-19:08:06:47,114 INFO     [shm_lib.py:150:print_stat] Size (Bytes): 10000000
2024-06-19:08:06:47,114 INFO     [shm_lib.py:151:print_stat] Last Operator PID: 7
2024-06-19:08:06:47,114 INFO     [shm_lib.py:152:print_stat] Creator PID: 7
2024-06-19:08:06:47,115 INFO     [shm_lib.py:153:print_stat] Number of attached Processes: 0
2024-06-19:08:06:47,115 INFO     [shm_lib.py:154:print_stat] Last attach time: 1718784406
2024-06-19:08:06:47,115 INFO     [shm_lib.py:155:print_stat] Last detach time: 1718784406
2024-06-19:08:06:47,115 INFO     [shm_lib.py:156:print_stat] Last change time: 1718784406
2024-06-19:08:06:47,115 INFO     [shm_lib.py:157:print_stat] 

2024-06-19:08:06:47,116 ERROR    [cdi_ops_handlers.py:49:create_cdis] create_cdis: Updating cdi record with key: 52597a08-fc2e-4a09-9c7d-88347a03e0af
2024-06-19:08:06:47,121 INFO     [shm_ops.py:54:write_data] shm_write_data: wrote data to shared memory with shm_id: 65567
2024-06-19:08:06:47,157 INFO     [cdi_ops_handlers.py:56:create_cdis] create_cdis: Successfully created cdi record for key: 52597a08-fc2e-4a09-9c7d-88347a03e0af
2024-06-19:08:07:19,750 INFO     [server_api_handlers.py:74:TransferAndDeleteCDIs] TransferAndDeleteCDIs: Processing request
2024-06-19:08:07:19,750 INFO     [server_api_handlers.py:79:TransferAndDeleteCDIs] TransferAndDeleteCDIs: Fetching cdi record with key: 880519e2-7221-4387-aa1a-49707fd70810
2024-06-19:08:07:19,777 INFO     [shm_lib.py:126:__populate_shm_id_if_empty] __populate_shm_id_if_empty: Attempting to attach to SHM with key: 5780
2024-06-19:08:07:19,777 INFO     [server_api_handlers.py:103:TransferAndDeleteCDIs] Minion-TransferAndDeleteCDIs: Fetching payload of SharedMemory for App: , CDI: 880519e2-7221-4387-aa1a-49707fd70810
2024-06-19:08:07:20,217 INFO     [shm_ops.py:64:read_data] shm_read_data: read data from shared memory with shm_id: 65563
2024-06-19:08:07:20,217 INFO     [server_api_handlers.py:79:TransferAndDeleteCDIs] TransferAndDeleteCDIs: Fetching cdi record with key: ce582af4-490d-4bdb-96b7-421522266b65
2024-06-19:08:07:20,246 INFO     [shm_lib.py:126:__populate_shm_id_if_empty] __populate_shm_id_if_empty: Attempting to attach to SHM with key: 5781
2024-06-19:08:07:20,246 INFO     [server_api_handlers.py:103:TransferAndDeleteCDIs] Minion-TransferAndDeleteCDIs: Fetching payload of SharedMemory for App: , CDI: ce582af4-490d-4bdb-96b7-421522266b65
2024-06-19:08:07:20,698 INFO     [shm_ops.py:64:read_data] shm_read_data: read data from shared memory with shm_id: 65564
2024-06-19:08:07:20,698 INFO     [server_api_handlers.py:79:TransferAndDeleteCDIs] TransferAndDeleteCDIs: Fetching cdi record with key: d20f1517-7ca8-4d69-9f0b-c2f52444d301
2024-06-19:08:07:20,726 INFO     [shm_lib.py:126:__populate_shm_id_if_empty] __populate_shm_id_if_empty: Attempting to attach to SHM with key: 5782
2024-06-19:08:07:20,726 INFO     [server_api_handlers.py:103:TransferAndDeleteCDIs] Minion-TransferAndDeleteCDIs: Fetching payload of SharedMemory for App: , CDI: d20f1517-7ca8-4d69-9f0b-c2f52444d301
2024-06-19:08:07:21,173 INFO     [shm_ops.py:64:read_data] shm_read_data: read data from shared memory with shm_id: 65565
2024-06-19:08:07:21,174 INFO     [server_api_handlers.py:79:TransferAndDeleteCDIs] TransferAndDeleteCDIs: Fetching cdi record with key: d31bc6b2-88bd-4712-8808-08590d8ae68e
2024-06-19:08:07:21,204 INFO     [shm_lib.py:126:__populate_shm_id_if_empty] __populate_shm_id_if_empty: Attempting to attach to SHM with key: 5783
2024-06-19:08:07:21,205 INFO     [server_api_handlers.py:103:TransferAndDeleteCDIs] Minion-TransferAndDeleteCDIs: Fetching payload of SharedMemory for App: , CDI: d31bc6b2-88bd-4712-8808-08590d8ae68e
2024-06-19:08:07:21,655 INFO     [shm_ops.py:64:read_data] shm_read_data: read data from shared memory with shm_id: 65566
2024-06-19:08:07:21,656 INFO     [server_api_handlers.py:79:TransferAndDeleteCDIs] TransferAndDeleteCDIs: Fetching cdi record with key: 52597a08-fc2e-4a09-9c7d-88347a03e0af
2024-06-19:08:07:21,683 INFO     [shm_lib.py:126:__populate_shm_id_if_empty] __populate_shm_id_if_empty: Attempting to attach to SHM with key: 5784
2024-06-19:08:07:21,684 INFO     [server_api_handlers.py:103:TransferAndDeleteCDIs] Minion-TransferAndDeleteCDIs: Fetching payload of SharedMemory for App: , CDI: 52597a08-fc2e-4a09-9c7d-88347a03e0af
2024-06-19:08:07:22,130 INFO     [shm_ops.py:64:read_data] shm_read_data: read data from shared memory with shm_id: 65567
2024-06-19:08:07:22,130 INFO     [minion_rdma_ops.py:22:CreateCDIs] CreateCDIs(192.168.119.201:12345): Sending request
2024-06-19:08:07:22,165 INFO     [minion_rdma_ops.py:30:CreateCDIs] sending message of len: 5 to client
2024-06-19:08:07:22,177 INFO     [utils.py:118:write_string_to_file] String written to /tmp/sender_11 successfully.
2024-06-19:08:07:22,179 INFO     [client.py:26:start_client] start_client: sending string of size: 2548599
log: 2024-06-19 08:07:22.180 Connecting to Server at: 192.168.119.201 , port: 12345 
DEBUG: RDMA CM event channel created: 0xffff48006da0 
DEBUG: waiting for cm event: RDMA_CM_EVENT_ADDR_RESOLVED
DEBUG: RDMA_CM_EVENT_ADDR_RESOLVED event received 
DEBUG: RDMA_CM_EVENT_ROUTE_RESOLVED event received 
log: 2024-06-19 08:07:22.181 Trying to connect to server at : 192.168.119.201 port: 12345 
DEBUG: Protection Domain (PD) allocated: 0xffff404e51d0 
DEBUG: Completion channel created: 0xffff404e51f0 
DEBUG: CQ created: 0xffff404e5210 with 31 elements 
DEBUG: Client QP created: 0xffff404ea210 
DEBUG: Registered: 0xffff404eb3c0 , len: 56 , stag: 0x88019828 
DEBUG: Pre-posting Receive HELLO 
DEBUG: Allocated memory of size : 1645707DEBUG: Copied and going to registerDEBUG: Registered: 0xffff408e1d40 , len: 4194304 , stag: 0x88019928 
DEBUG: Memory Map built: ADDR: 0xffff408e1d40
DEBUG: RDMA_CM_EVENT_ESTABLISHED event received 
DEBUG: Registered: 0xffff404ea4a0 , len: 56 , stag: 0x88019a28 
DEBUG: ---------------------------------------------------------
DEBUG: ------------EXCHANGE BUFFER------------
DEBUG: ---------------------------------------------------------
DEBUG: message 0xffff404ea4a0
DEBUG: message, type: 0
DEBUG: message: hello: 123 
DEBUG: ---------------------------------------------------------
DEBUG: 1 WC are completed 
DEBUG: Sending HELLO 
DEBUG: 1 WC are completed 
DEBUG: Registered: 0xffff404e53e0 , len: 56 , stag: 0x88019b28 
DEBUG: Pre-posting Receive ACK 
DEBUG: Registered: 0xffff404ec060 , len: 56 , stag: 0x88019c28 
DEBUG: Post Frame message 
DEBUG: ---------------------------------------------------------
DEBUG: ------------EXCHANGE BUFFER------------
DEBUG: ---------------------------------------------------------
DEBUG: message 0xffff404ec060
DEBUG: message, type: 1
DEBUG: message: data.mr.address: 0xffff408e1d40 
DEBUG: ---------------------------------------------------------
DEBUG: 1 WC are completed 
DEBUG: POST MESSAGE TO SERVER 

DEBUG: 1 WC are completed 
DEBUG: ---------------------------------------------------------
DEBUG: ------------EXCHANGE BUFFER------------
DEBUG: ---------------------------------------------------------
DEBUG: message 0xffff404e53e0
DEBUG: message, type: 0
DEBUG: message: hello: 111 
DEBUG: ---------------------------------------------------------
DEBUG: Received ACK 
log: 2024-06-19 08:07:22.197 elapsed    4.16 ms (4158040 ns)
 DEBUG: Freeing memory regionDEBUG: De-registering memory region mrDEBUG: Deregistered: 0xffff408e1d40 , len: 4194304 , stag : 0x88019928 
DEBUG: Client resource clean up is complete 
2024-06-19:08:07:22,198 INFO     [minion_rdma_ops.py:59:CreateCDIs] Successful :)

2024-06-19:08:07:22,199 INFO     [minion_rdma_ops.py:30:CreateCDIs] sending message of len: 5 to client
2024-06-19:08:07:22,211 INFO     [utils.py:118:write_string_to_file] String written to /tmp/sender_12 successfully.
2024-06-19:08:07:22,213 INFO     [client.py:26:start_client] start_client: sending string of size: 2553223
log: 2024-06-19 08:07:22.214 Connecting to Server at: 192.168.119.201 , port: 12345 
DEBUG: RDMA CM event channel created: 0xffff404ec0e0 
DEBUG: waiting for cm event: RDMA_CM_EVENT_ADDR_RESOLVED
DEBUG: RDMA_CM_EVENT_ADDR_RESOLVED event received 
DEBUG: RDMA_CM_EVENT_ROUTE_RESOLVED event received 
log: 2024-06-19 08:07:22.214 Trying to connect to server at : 192.168.119.201 port: 12345 
DEBUG: Protection Domain (PD) allocated: 0xffff404e8af0 
DEBUG: Completion channel created: 0xffff404e8b10 
DEBUG: CQ created: 0xffff404ec100 with 31 elements 
DEBUG: Client QP created: 0xffff404f0740 
DEBUG: Registered: 0xffff404ea460 , len: 56 , stag: 0x90019928 
DEBUG: Pre-posting Receive HELLO 
DEBUG: Allocated memory of size : 2543977DEBUG: Copied and going to registerDEBUG: Registered: 0xffff408e2f50 , len: 4194304 , stag: 0x90019d28 
DEBUG: Memory Map built: ADDR: 0xffff408e2f50
DEBUG: RDMA_CM_EVENT_ESTABLISHED event received 
DEBUG: Registered: 0xffff404ec2d0 , len: 56 , stag: 0x90019e28 
DEBUG: ---------------------------------------------------------
DEBUG: ------------EXCHANGE BUFFER------------
DEBUG: ---------------------------------------------------------
DEBUG: message 0xffff404ec2d0
DEBUG: message, type: 0
DEBUG: message: hello: 123 
DEBUG: ---------------------------------------------------------
DEBUG: 1 WC are completed 
DEBUG: Sending HELLO 
DEBUG: 1 WC are completed 
DEBUG: Registered: 0xffff404f0be0 , len: 56 , stag: 0x90019f28 
DEBUG: Pre-posting Receive ACK 
DEBUG: Registered: 0xffff404f0c60 , len: 56 , stag: 0x9001a028 
DEBUG: Post Frame message 
DEBUG: ---------------------------------------------------------
DEBUG: ------------EXCHANGE BUFFER------------
DEBUG: ---------------------------------------------------------
DEBUG: message 0xffff404f0c60
DEBUG: message, type: 1
DEBUG: message: data.mr.address: 0xffff408e2f50 
DEBUG: ---------------------------------------------------------
DEBUG: 1 WC are completed 
DEBUG: POST MESSAGE TO SERVER 

DEBUG: 1 WC are completed 
DEBUG: ---------------------------------------------------------
DEBUG: ------------EXCHANGE BUFFER------------
DEBUG: ---------------------------------------------------------
DEBUG: message 0xffff404f0be0
DEBUG: message, type: 0
DEBUG: message: hello: 111 
DEBUG: ---------------------------------------------------------
DEBUG: Received ACK 
log: 2024-06-19 08:07:22.232 elapsed    4.25 ms (4253520 ns)
 DEBUG: Freeing memory regionDEBUG: De-registering memory region mrDEBUG: Deregistered: 0xffff408e2f50 , len: 4194304 , stag : 0x90019d28 
DEBUG: Client resource clean up is complete 
2024-06-19:08:07:22,233 INFO     [minion_rdma_ops.py:59:CreateCDIs] Successful :)

2024-06-19:08:07:22,234 INFO     [minion_rdma_ops.py:30:CreateCDIs] sending message of len: 5 to client
2024-06-19:08:07:22,245 INFO     [utils.py:118:write_string_to_file] String written to /tmp/sender_13 successfully.
2024-06-19:08:07:22,247 INFO     [client.py:26:start_client] start_client: sending string of size: 2552870
log: 2024-06-19 08:07:22.248 Connecting to Server at: 192.168.119.201 , port: 12345 
DEBUG: RDMA CM event channel created: 0xffff404f0ce0 
DEBUG: waiting for cm event: RDMA_CM_EVENT_ADDR_RESOLVED
DEBUG: RDMA_CM_EVENT_ADDR_RESOLVED event received 
DEBUG: RDMA_CM_EVENT_ROUTE_RESOLVED event received 
log: 2024-06-19 08:07:22.248 Trying to connect to server at : 192.168.119.201 port: 12345 
DEBUG: Protection Domain (PD) allocated: 0xffff404f13b0 
DEBUG: Completion channel created: 0xffff404f13d0 
DEBUG: CQ created: 0xffff404f13f0 with 31 elements 
DEBUG: Client QP created: 0xffff404f1580 
DEBUG: Registered: 0xffff404ec290 , len: 56 , stag: 0x98019d28 
DEBUG: Pre-posting Receive HELLO 
DEBUG: Allocated memory of size : 345DEBUG: Copied and going to registerDEBUG: Registered: 0xffff408e2df0 , len: 4194304 , stag: 0x9801a128 
DEBUG: Memory Map built: ADDR: 0xffff408e2df0
DEBUG: RDMA_CM_EVENT_ESTABLISHED event received 
DEBUG: Registered: 0xffff404f1ab0 , len: 56 , stag: 0x9801a228 
DEBUG: ---------------------------------------------------------
DEBUG: ------------EXCHANGE BUFFER------------
DEBUG: ---------------------------------------------------------
DEBUG: message 0xffff404f1ab0
DEBUG: message, type: 0
DEBUG: message: hello: 123 
DEBUG: ---------------------------------------------------------
DEBUG: 1 WC are completed 
DEBUG: Sending HELLO 
DEBUG: 1 WC are completed 
DEBUG: Registered: 0xffff404f1b30 , len: 56 , stag: 0x9801a328 
DEBUG: Pre-posting Receive ACK 
DEBUG: Registered: 0xffff404f1bb0 , len: 56 , stag: 0x9801a428 
DEBUG: Post Frame message 
DEBUG: ---------------------------------------------------------
DEBUG: ------------EXCHANGE BUFFER------------
DEBUG: ---------------------------------------------------------
DEBUG: message 0xffff404f1bb0
DEBUG: message, type: 1
DEBUG: message: data.mr.address: 0xffff408e2df0 
DEBUG: ---------------------------------------------------------
DEBUG: 1 WC are completed 
DEBUG: POST MESSAGE TO SERVER 

DEBUG: 1 WC are completed 
DEBUG: ---------------------------------------------------------
DEBUG: ------------EXCHANGE BUFFER------------
DEBUG: ---------------------------------------------------------
DEBUG: message 0xffff404f1b30
DEBUG: message, type: 0
DEBUG: message: hello: 111 
DEBUG: ---------------------------------------------------------
DEBUG: Received ACK 
log: 2024-06-19 08:07:22.265 elapsed    4.17 ms (4166520 ns)
 DEBUG: Freeing memory regionDEBUG: De-registering memory region mrDEBUG: Deregistered: 0xffff408e2df0 , len: 4194304 , stag : 0x9801a128 
DEBUG: Client resource clean up is complete 
2024-06-19:08:07:22,266 INFO     [minion_rdma_ops.py:59:CreateCDIs] Successful :)

2024-06-19:08:07:22,266 INFO     [minion_rdma_ops.py:30:CreateCDIs] sending message of len: 5 to client
2024-06-19:08:07:22,278 INFO     [utils.py:118:write_string_to_file] String written to /tmp/sender_14 successfully.
log: 2024-06-19 08:07:22.281 Connecting to Server at: 192.168.119.201 , port: 12345 
DEBUG: RDMA CM event channel created: 0xffff404f1c30 
DEBUG: waiting for cm event: RDMA_CM_EVENT_ADDR_RESOLVED
DEBUG: RDMA_CM_EVENT_ADDR_RESOLVED event received 
2024-06-19:08:07:22,280 INFO     [client.py:26:start_client] start_client: sending string of size: 2553326
DEBUG: RDMA_CM_EVENT_ROUTE_RESOLVED event received 
log: 2024-06-19 08:07:22.282 Trying to connect to server at : 192.168.119.201 port: 12345 
DEBUG: Protection Domain (PD) allocated: 0xffff404f2300 
DEBUG: Completion channel created: 0xffff404f2320 
DEBUG: CQ created: 0xffff404f2340 with 31 elements 
DEBUG: Client QP created: 0xffff404f24d0 
DEBUG: Registered: 0xffff404f1a70 , len: 56 , stag: 0xa001a128 
DEBUG: Pre-posting Receive HELLO 
DEBUG: Allocated memory of size : 2552409DEBUG: Copied and going to registerDEBUG: Registered: 0xffff408e2fc0 , len: 4194304 , stag: 0xa001a528 
DEBUG: Memory Map built: ADDR: 0xffff408e2fc0
DEBUG: RDMA_CM_EVENT_CONNECT_ERROR event received 
library/rdma/lib_c/client.c : 305 : ERROR : Event not found RDMA_CM_EVENT_CONNECT_ERROR 
PERROR: Invalid argument
DEBUG: Freeing memory regionDEBUG: De-registering memory region mrDEBUG: Deregistered: 0xffff408e2fc0 , len: 4194304 , stag : 0xa001a528 
DEBUG: Client resource clean up is complete 
2024-06-19:08:07:22,295 INFO     [minion_rdma_ops.py:46:CreateCDIs] Retrying sending 3

2024-06-19:08:07:22,296 INFO     [client.py:26:start_client] start_client: sending string of size: 2553326
log: 2024-06-19 08:07:22.298 Connecting to Server at: 192.168.119.201 , port: 12345 
DEBUG: RDMA CM event channel created: 0xffff404f2a00 
DEBUG: waiting for cm event: RDMA_CM_EVENT_ADDR_RESOLVED
DEBUG: RDMA_CM_EVENT_ADDR_RESOLVED event received 
DEBUG: RDMA_CM_EVENT_ROUTE_RESOLVED event received 
log: 2024-06-19 08:07:22.298 Trying to connect to server at : 192.168.119.201 port: 12345 
DEBUG: Protection Domain (PD) allocated: 0xffff404f2d50 
DEBUG: Completion channel created: 0xffff404f2d70 
DEBUG: CQ created: 0xffff404f2d90 with 31 elements 
DEBUG: Client QP created: 0xffff404f2f20 
DEBUG: Registered: 0xffff404f29c0 , len: 56 , stag: 0xa801a528 
DEBUG: Pre-posting Receive HELLO 
DEBUG: Allocated memory of size : 2553337DEBUG: Copied and going to registerDEBUG: Registered: 0xffff408e2fc0 , len: 4194304 , stag: 0xa801a628 
DEBUG: Memory Map built: ADDR: 0xffff408e2fc0
library/rdma/lib_c/client.c : 305 : ERROR : Event not found RDMA_CM_EVENT_CONNECT_ERROR 
PERROR: Invalid argument
2024-06-19:08:07:22,310 INFO     [minion_rdma_ops.py:46:CreateCDIs] Retrying sending 3

DEBUG: RDMA_CM_EVENT_CONNECT_ERROR event received 
DEBUG: Freeing memory regionDEBUG: De-registering memory region mrDEBUG: Deregistered: 0xffff408e2fc0 , len: 4194304 , stag : 0xa801a628 
DEBUG: Client resource clean up is complete 
2024-06-19:08:07:22,311 INFO     [client.py:26:start_client] start_client: sending string of size: 2553326
log: 2024-06-19 08:07:22.312 Connecting to Server at: 192.168.119.201 , port: 12345 
DEBUG: RDMA CM event channel created: 0xffff404f3450 
DEBUG: waiting for cm event: RDMA_CM_EVENT_ADDR_RESOLVED
DEBUG: RDMA_CM_EVENT_ADDR_RESOLVED event received 
DEBUG: RDMA_CM_EVENT_ROUTE_RESOLVED event received 
log: 2024-06-19 08:07:22.312 Trying to connect to server at : 192.168.119.201 port: 12345 
DEBUG: Protection Domain (PD) allocated: 0xffff404f37a0 
DEBUG: Completion channel created: 0xffff404f37c0 
DEBUG: CQ created: 0xffff404f37e0 with 31 elements 
DEBUG: Client QP created: 0xffff404f3970 
DEBUG: Registered: 0xffff404f3410 , len: 56 , stag: 0xb001a628 
DEBUG: Pre-posting Receive HELLO 
DEBUG: Allocated memory of size : 2553337DEBUG: Copied and going to registerDEBUG: Registered: 0xffff408e2fc0 , len: 4194304 , stag: 0xb001a728 
DEBUG: Memory Map built: ADDR: 0xffff408e2fc0
DEBUG: RDMA_CM_EVENT_CONNECT_ERROR event received 
library/rdma/lib_c/client.c : 305 : ERROR : Event not found RDMA_CM_EVENT_CONNECT_ERROR 
PERROR: Invalid argument
DEBUG: Freeing memory regionDEBUG: De-registering memory region mrDEBUG: Deregistered: 0xffff408e2fc0 , len: 4194304 , stag : 0xb001a728 
DEBUG: Client resource clean up is complete 
2024-06-19:08:07:22,325 INFO     [minion_rdma_ops.py:46:CreateCDIs] Retrying sending 3

2024-06-19:08:07:22,326 INFO     [client.py:26:start_client] start_client: sending string of size: 2553326
log: 2024-06-19 08:07:22.327 Connecting to Server at: 192.168.119.201 , port: 12345 
DEBUG: RDMA CM event channel created: 0xffff404f34c0 
DEBUG: waiting for cm event: RDMA_CM_EVENT_ADDR_RESOLVED
DEBUG: RDMA_CM_EVENT_ADDR_RESOLVED event received 
DEBUG: RDMA_CM_EVENT_ROUTE_RESOLVED event received 
log: 2024-06-19 08:07:22.327 Trying to connect to server at : 192.168.119.201 port: 12345 
DEBUG: Protection Domain (PD) allocated: 0xffff404f4140 
DEBUG: Completion channel created: 0xffff404f4160 
DEBUG: CQ created: 0xffff404f4180 with 31 elements 
DEBUG: Client QP created: 0xffff404f4310 
DEBUG: Registered: 0xffff404f3730 , len: 56 , stag: 0xb801a728 
DEBUG: Pre-posting Receive HELLO 
DEBUG: Allocated memory of size : 2553337DEBUG: Copied and going to registerDEBUG: Registered: 0xffff408e2fc0 , len: 4194304 , stag: 0xb801a828 
DEBUG: Memory Map built: ADDR: 0xffff408e2fc0
DEBUG: RDMA_CM_EVENT_ESTABLISHED event received 
DEBUG: Registered: 0xffff404f3500 , len: 56 , stag: 0xb801a928 
DEBUG: ---------------------------------------------------------
DEBUG: ------------EXCHANGE BUFFER------------
DEBUG: ---------------------------------------------------------
DEBUG: message 0xffff404f3500
DEBUG: message, type: 0
DEBUG: message: hello: 123 
DEBUG: ---------------------------------------------------------
DEBUG: 1 WC are completed 
DEBUG: Sending HELLO 
DEBUG: 1 WC are completed 
DEBUG: Registered: 0xffff404f3580 , len: 56 , stag: 0xb801aa28 
DEBUG: Pre-posting Receive ACK 
DEBUG: Registered: 0xffff404f3600 , len: 56 , stag: 0xb801ab28 
DEBUG: Post Frame message 
DEBUG: ---------------------------------------------------------
DEBUG: ------------EXCHANGE BUFFER------------
DEBUG: ---------------------------------------------------------
DEBUG: message 0xffff404f3600
DEBUG: message, type: 1
DEBUG: message: data.mr.address: 0xffff408e2fc0 
DEBUG: ---------------------------------------------------------
DEBUG: 1 WC are completed 
DEBUG: POST MESSAGE TO SERVER 

DEBUG: 1 WC are completed 
DEBUG: ---------------------------------------------------------
DEBUG: ------------EXCHANGE BUFFER------------
DEBUG: ---------------------------------------------------------
DEBUG: message 0xffff404f3580
DEBUG: message, type: 0
DEBUG: message: hello: 111 
DEBUG: ---------------------------------------------------------
DEBUG: Received ACK 
log: 2024-06-19 08:07:22.343 elapsed    3.91 ms (3914320 ns)
 DEBUG: Freeing memory regionDEBUG: De-registering memory region mrDEBUG: Deregistered: 0xffff408e2fc0 , len: 4194304 , stag : 0xb801a828 
DEBUG: Client resource clean up is complete 
2024-06-19:08:07:22,344 INFO     [minion_rdma_ops.py:53:CreateCDIs] Complete retrying msg: 3...

2024-06-19:08:07:22,345 INFO     [minion_rdma_ops.py:59:CreateCDIs] Successful :)

2024-06-19:08:07:22,345 INFO     [minion_rdma_ops.py:30:CreateCDIs] sending message of len: 5 to client
2024-06-19:08:07:22,356 INFO     [utils.py:118:write_string_to_file] String written to /tmp/sender_15 successfully.
2024-06-19:08:07:22,357 INFO     [client.py:26:start_client] start_client: sending string of size: 2562082
log: 2024-06-19 08:07:22.359 Connecting to Server at: 192.168.119.201 , port: 12345 
DEBUG: RDMA CM event channel created: 0xffff404f3680 
DEBUG: waiting for cm event: RDMA_CM_EVENT_ADDR_RESOLVED
DEBUG: RDMA_CM_EVENT_ADDR_RESOLVED event received 
DEBUG: RDMA_CM_EVENT_ROUTE_RESOLVED event received 
log: 2024-06-19 08:07:22.359 Trying to connect to server at : 192.168.119.201 port: 12345 
DEBUG: Protection Domain (PD) allocated: 0xffff404f4bb0 
DEBUG: Completion channel created: 0xffff404f4bd0 
DEBUG: CQ created: 0xffff404f4bf0 with 31 elements 
DEBUG: Client QP created: 0xffff404f4d80 
DEBUG: Registered: 0xffff404f40d0 , len: 56 , stag: 0xc001a828 
DEBUG: Pre-posting Receive HELLO 
DEBUG: Allocated memory of size : 2544585DEBUG: Copied and going to registerDEBUG: Registered: 0xffff408e51f0 , len: 4194304 , stag: 0xc001ac28 
DEBUG: Memory Map built: ADDR: 0xffff408e51f0
DEBUG: RDMA_CM_EVENT_ESTABLISHED event received 
DEBUG: Registered: 0xffff404f5270 , len: 56 , stag: 0xc001ad28 
DEBUG: ---------------------------------------------------------
DEBUG: ------------EXCHANGE BUFFER------------
DEBUG: ---------------------------------------------------------
DEBUG: message 0xffff404f5270
DEBUG: message, type: 0
DEBUG: message: hello: 123 
DEBUG: ---------------------------------------------------------
DEBUG: 1 WC are completed 
DEBUG: Sending HELLO 
DEBUG: 1 WC are completed 
DEBUG: Registered: 0xffff404f52f0 , len: 56 , stag: 0xc001ae28 
DEBUG: Pre-posting Receive ACK 
DEBUG: Registered: 0xffff404f5370 , len: 56 , stag: 0xc001af28 
DEBUG: Post Frame message 
DEBUG: ---------------------------------------------------------
DEBUG: ------------EXCHANGE BUFFER------------
DEBUG: ---------------------------------------------------------
DEBUG: message 0xffff404f5370
DEBUG: message, type: 1
DEBUG: message: data.mr.address: 0xffff408e51f0 
DEBUG: ---------------------------------------------------------
DEBUG: 1 WC are completed 
DEBUG: POST MESSAGE TO SERVER 

DEBUG: 1 WC are completed 
DEBUG: ---------------------------------------------------------
DEBUG: ------------EXCHANGE BUFFER------------
DEBUG: ---------------------------------------------------------
DEBUG: message 0xffff404f52f0
DEBUG: message, type: 0
DEBUG: message: hello: 111 
DEBUG: ---------------------------------------------------------
DEBUG: Received ACK 
log: 2024-06-19 08:07:22.375 elapsed    3.93 ms (3925860 ns)
 DEBUG: Freeing memory regionDEBUG: De-registering memory region mrDEBUG: Deregistered: (nil) , len: 1078933184 , stag : 0xc001ac28 
DEBUG: Client resource clean up is complete 
2024-06-19:08:07:22,377 INFO     [minion_rdma_ops.py:59:CreateCDIs] Successful :)

2024-06-19:08:07:22,377 INFO     [client.py:26:start_client] start_client: sending string of size: 4
log: 2024-06-19 08:07:22.377 Connecting to Server at: 192.168.119.201 , port: 12345 
DEBUG: RDMA CM event channel created: 0xffff404f53f0 
DEBUG: waiting for cm event: RDMA_CM_EVENT_ADDR_RESOLVED
DEBUG: RDMA_CM_EVENT_ADDR_RESOLVED event received 
DEBUG: RDMA_CM_EVENT_ROUTE_RESOLVED event received 
log: 2024-06-19 08:07:22.378 Trying to connect to server at : 192.168.119.201 port: 12345 
DEBUG: Protection Domain (PD) allocated: 0xffff404f54a0 
DEBUG: Completion channel created: 0xffff404f54c0 
DEBUG: CQ created: 0xffff404f54e0 with 31 elements 
DEBUG: Client QP created: 0xffff404f5670 
DEBUG: Registered: 0xffff404f36c0 , len: 56 , stag: 0xc801ac28 
DEBUG: Pre-posting Receive HELLO 
DEBUG: Allocated memory of size : 2562091DEBUG: Copied and going to registerDEBUG: Registered: 0xffff406739c0 , len: 4194304 , stag: 0xc801b028 
DEBUG: Memory Map built: ADDR: 0xffff406739c0
DEBUG: RDMA_CM_EVENT_ESTABLISHED event received 
DEBUG: Registered: 0xffff404f5b60 , len: 56 , stag: 0xc801b128 
DEBUG: ---------------------------------------------------------
DEBUG: ------------EXCHANGE BUFFER------------
DEBUG: ---------------------------------------------------------
DEBUG: message 0xffff404f5b60
DEBUG: message, type: 0
DEBUG: message: hello: 123 
DEBUG: ---------------------------------------------------------
DEBUG: 1 WC are completed 
DEBUG: Sending HELLO 
DEBUG: 1 WC are completed 
DEBUG: Registered: 0xffff404f5be0 , len: 56 , stag: 0xc801b228 
DEBUG: Pre-posting Receive ACK 
DEBUG: Registered: 0xffff404f5c60 , len: 56 , stag: 0xc801b328 
DEBUG: Post Frame message 
DEBUG: ---------------------------------------------------------
DEBUG: ------------EXCHANGE BUFFER------------
DEBUG: ---------------------------------------------------------
DEBUG: message 0xffff404f5c60
DEBUG: message, type: 1
DEBUG: message: data.mr.address: 0xffff406739c0 
DEBUG: ---------------------------------------------------------
DEBUG: 1 WC are completed 
DEBUG: POST MESSAGE TO SERVER 

DEBUG: 1 WC are completed 
DEBUG: ---------------------------------------------------------
DEBUG: ------------EXCHANGE BUFFER------------
DEBUG: ---------------------------------------------------------
DEBUG: message 0xffff404f5be0
DEBUG: message, type: 0
DEBUG: message: hello: 111 
DEBUG: ---------------------------------------------------------
DEBUG: Received ACK 
log: 2024-06-19 08:07:22.392 elapsed    0.62 ms (624680 ns)
 DEBUG: Freeing memory regionDEBUG: De-registering memory region mrDEBUG: Deregistered: (nil) , len: 1078940720 , stag : 0xc801b028 
DEBUG: Client resource clean up is complete 
2024-06-19:08:07:23,179 INFO     [shm_lib.py:126:__populate_shm_id_if_empty] __populate_shm_id_if_empty: Attempting to attach to SHM with key: 5780
2024-06-19:08:07:23,182 INFO     [server_api_handlers.py:138:TransferAndDeleteCDIs] TransferAndDeleteCDIs: Successfully deleted cdi record with key: 880519e2-7221-4387-aa1a-49707fd70810
2024-06-19:08:07:23,182 INFO     [shm_lib.py:126:__populate_shm_id_if_empty] __populate_shm_id_if_empty: Attempting to attach to SHM with key: 5781
2024-06-19:08:07:23,186 INFO     [server_api_handlers.py:138:TransferAndDeleteCDIs] TransferAndDeleteCDIs: Successfully deleted cdi record with key: ce582af4-490d-4bdb-96b7-421522266b65
2024-06-19:08:07:23,186 INFO     [shm_lib.py:126:__populate_shm_id_if_empty] __populate_shm_id_if_empty: Attempting to attach to SHM with key: 5782
2024-06-19:08:07:23,190 INFO     [server_api_handlers.py:138:TransferAndDeleteCDIs] TransferAndDeleteCDIs: Successfully deleted cdi record with key: d20f1517-7ca8-4d69-9f0b-c2f52444d301
2024-06-19:08:07:23,190 INFO     [shm_lib.py:126:__populate_shm_id_if_empty] __populate_shm_id_if_empty: Attempting to attach to SHM with key: 5783
2024-06-19:08:07:23,193 INFO     [server_api_handlers.py:138:TransferAndDeleteCDIs] TransferAndDeleteCDIs: Successfully deleted cdi record with key: d31bc6b2-88bd-4712-8808-08590d8ae68e
2024-06-19:08:07:23,194 INFO     [shm_lib.py:126:__populate_shm_id_if_empty] __populate_shm_id_if_empty: Attempting to attach to SHM with key: 5784
2024-06-19:08:07:23,197 INFO     [server_api_handlers.py:138:TransferAndDeleteCDIs] TransferAndDeleteCDIs: Successfully deleted cdi record with key: 52597a08-fc2e-4a09-9c7d-88347a03e0af
DEBUG: RDMA_CM_EVENT_CONNECT_REQUEST event received 
DEBUG: Protection domain (PD) allocated: 0xffff29c01b40 
DEBUG: I/O completion event channel created: 0xffff2a801f50 
DEBUG: Completion queue (CQ) created: 0xffff2a801f70 with 31 elements 
DEBUG: Client QP created: 0xffff2b4022b0 
DEBUG: Registered: 0xffff2b402760 , len: 4194304 , stag: 0xd001b028 
DEBUG: Memory Map built: ADDR: 0xffff2b402760 
DEBUG: Registered: 0xffff2b802770 , len: 56 , stag: 0xd001b428 
DEBUG: Pre-posting Receive HELLO 
DEBUG: Wait for : RDMA_CM_EVENT_ESTABLISHED event 
DEBUG: RDMA_CM_EVENT_ESTABLISHED event received 
DEBUG: 1 WC are completed 
DEBUG: Pre-posting Receive Buffer for Address 
DEBUG: Registered: 0xffff2b8027f0 , len: 56 , stag: 0xd001b528 
DEBUG: Sending HELLO message: 
DEBUG: ---------------------------------------------------------
DEBUG: ------------EXCHANGE BUFFER------------
DEBUG: ---------------------------------------------------------
DEBUG: message 0xffff2b8027f0
DEBUG: message, type: 0
DEBUG: message: hello: 124 
DEBUG: ---------------------------------------------------------
DEBUG: 1 WC are completed 
DEBUG: Sending HELLO 
DEBUG: 1 WC are completed 
DEBUG: RDMA read the remote memory map. 
log: 2024-06-19 08:07:29.332 elapsed    0.07 ms (74740 ns)
 DEBUG: Sending ACK message: 
DEBUG: ---------------------------------------------------------
DEBUG: ------------EXCHANGE BUFFER------------
DEBUG: ---------------------------------------------------------
DEBUG: message 0xffff2b8027f0
DEBUG: message, type: 0
DEBUG: message: hello: 111 
DEBUG: ---------------------------------------------------------
DEBUG: Sending POST ACK 
DEBUG: RDMA_CM_EVENT_DISCONNECTED event received 
DEBUG: Server shut-down is complete 
DEBUG: Cleanup complete - starting over 
DEBUG: Message of size 2531561 sent in msq_id: 5 
log: 2024-06-19 08:07:29.343 SPINNING NEW THREAD
DEBUG: RDMA_CM_EVENT_CONNECT_REQUEST event received 
DEBUG: Protection domain (PD) allocated: 0xffff2b402570 
DEBUG: I/O completion event channel created: 0xffff2b402590 
DEBUG: Completion queue (CQ) created: 0xffff2b4025b0 with 31 elements 
DEBUG: Client QP created: 0xffff2bc02880 
DEBUG: Registered: 0xffff20400050 , len: 4194304 , stag: 0xd001b628 
DEBUG: Memory Map built: ADDR: 0xffff20400050 
DEBUG: Registered: 0xffff2bc02d70 , len: 56 , stag: 0xd001b728 
DEBUG: Pre-posting Receive HELLO 
DEBUG: Wait for : RDMA_CM_EVENT_ESTABLISHED event 
DEBUG: RDMA_CM_EVENT_REJECTED event received 
library/rdma/lib_c/server.c : 322 : ERROR : Event not found RDMA_CM_EVENT_REJECTED
PERROR: Success
DEBUG: Server shut-down is complete 
DEBUG: Cleanup complete - starting over 
log: 2024-06-19 08:07:29.367 SPINNING NEW THREAD
DEBUG: RDMA_CM_EVENT_CONNECT_REQUEST event received 
DEBUG: Protection domain (PD) allocated: 0xffff2b402740 
DEBUG: I/O completion event channel created: 0xffff2bc02b40 
DEBUG: Completion queue (CQ) created: 0xffff2bc02b60 with 31 elements 
DEBUG: Client QP created: 0xffff20800060 
DEBUG: Registered: 0xffff20800480 , len: 4194304 , stag: 0xd001b828 
DEBUG: Memory Map built: ADDR: 0xffff20800480 
DEBUG: Registered: 0xffff2bc02e80 , len: 56 , stag: 0xd001b928 
DEBUG: Pre-posting Receive HELLO 
DEBUG: Wait for : RDMA_CM_EVENT_ESTABLISHED event 
library/rdma/lib_c/server.c : 322 : ERROR : Event not found RDMA_CM_EVENT_REJECTED
PERROR: Success
DEBUG: RDMA_CM_EVENT_REJECTED event received 
DEBUG: Server shut-down is complete 
DEBUG: Cleanup complete - starting over 
log: 2024-06-19 08:07:29.382 SPINNING NEW THREAD
DEBUG: RDMA_CM_EVENT_CONNECT_REQUEST event received 
DEBUG: Protection domain (PD) allocated: 0xffff20800320 
DEBUG: I/O completion event channel created: 0xffff20800340 
DEBUG: Completion queue (CQ) created: 0xffff20c00490 with 31 elements 
DEBUG: Client QP created: 0xffff20c00620 
DEBUG: Registered: 0xffff20c00a40 , len: 4194304 , stag: 0xd001ba28 
DEBUG: Memory Map built: ADDR: 0xffff20c00a40 
DEBUG: Registered: 0xffff2bc02f40 , len: 56 , stag: 0xd001bb28 
DEBUG: Pre-posting Receive HELLO 
DEBUG: Wait for : RDMA_CM_EVENT_ESTABLISHED event 
DEBUG: RDMA_CM_EVENT_REJECTED event received 
library/rdma/lib_c/server.c : 322 : ERROR : Event not found RDMA_CM_EVENT_REJECTED
PERROR: Success
DEBUG: Server shut-down is complete 
DEBUG: Cleanup complete - starting over 
log: 2024-06-19 08:07:29.396 SPINNING NEW THREAD
DEBUG: RDMA_CM_EVENT_CONNECT_REQUEST event received 
DEBUG: Protection domain (PD) allocated: 0xffff20c008e0 
DEBUG: I/O completion event channel created: 0xffff20c00900 
DEBUG: Completion queue (CQ) created: 0xffff21000a50 with 31 elements 
DEBUG: Client QP created: 0xffff21000be0 
DEBUG: Registered: 0xffff21001000 , len: 4194304 , stag: 0xd001bc28 
DEBUG: Memory Map built: ADDR: 0xffff21001000 
DEBUG: Registered: 0xffff208003a0 , len: 56 , stag: 0xd001bd28 
DEBUG: Pre-posting Receive HELLO 
DEBUG: Wait for : RDMA_CM_EVENT_ESTABLISHED event 
DEBUG: RDMA_CM_EVENT_ESTABLISHED event received 
DEBUG: 1 WC are completed 
DEBUG: Pre-posting Receive Buffer for Address 
DEBUG: Registered: 0xffff20800420 , len: 56 , stag: 0xd001be28 
DEBUG: Sending HELLO message: 
DEBUG: ---------------------------------------------------------
DEBUG: ------------EXCHANGE BUFFER------------
DEBUG: ---------------------------------------------------------
DEBUG: message 0xffff20800420
DEBUG: message, type: 0
DEBUG: message: hello: 124 
DEBUG: ---------------------------------------------------------
DEBUG: 1 WC are completed 
DEBUG: Sending HELLO 
DEBUG: 1 WC are completed 
DEBUG: RDMA read the remote memory map. 
log: 2024-06-19 08:07:29.410 elapsed    0.09 ms (85540 ns)
 DEBUG: Sending ACK message: 
DEBUG: ---------------------------------------------------------
DEBUG: ------------EXCHANGE BUFFER------------
DEBUG: ---------------------------------------------------------
DEBUG: message 0xffff20800420
DEBUG: message, type: 0
DEBUG: message: hello: 111 
DEBUG: ---------------------------------------------------------
DEBUG: Sending POST ACK 
DEBUG: RDMA_CM_EVENT_DISCONNECTED event received 
DEBUG: Server shut-down is complete 
DEBUG: Cleanup complete - starting over 
DEBUG: Message of size 2532441 sent in msq_id: 5 
log: 2024-06-19 08:07:29.421 SPINNING NEW THREAD
DEBUG: RDMA_CM_EVENT_CONNECT_REQUEST event received 
DEBUG: Protection domain (PD) allocated: 0xffff20800460 
DEBUG: I/O completion event channel created: 0xffff21000ea0 
DEBUG: Completion queue (CQ) created: 0xffff21c01030 with 31 elements 
DEBUG: Client QP created: 0xffff21c011c0 
DEBUG: Registered: 0xffff21c015e0 , len: 4194304 , stag: 0xd001bf28 
DEBUG: Memory Map built: ADDR: 0xffff21c015e0 
DEBUG: Registered: 0xffff20c009a0 , len: 56 , stag: 0xd001c028 
DEBUG: Pre-posting Receive HELLO 
DEBUG: Wait for : RDMA_CM_EVENT_ESTABLISHED event 
DEBUG: RDMA_CM_EVENT_ESTABLISHED event received 
DEBUG: 1 WC are completed 
DEBUG: Pre-posting Receive Buffer for Address 
DEBUG: Registered: 0xffff21000ec0 , len: 56 , stag: 0xd001c128 
DEBUG: Sending HELLO message: 
DEBUG: ---------------------------------------------------------
DEBUG: ------------EXCHANGE BUFFER------------
DEBUG: ---------------------------------------------------------
DEBUG: message 0xffff21000ec0
DEBUG: message, type: 0
DEBUG: message: hello: 124 
DEBUG: ---------------------------------------------------------
DEBUG: 1 WC are completed 
DEBUG: Sending HELLO 
DEBUG: 1 WC are completed 
DEBUG: RDMA read the remote memory map. 
log: 2024-06-19 08:07:29.443 elapsed    0.07 ms (72620 ns)
 DEBUG: Sending ACK message: 
DEBUG: ---------------------------------------------------------
DEBUG: ------------EXCHANGE BUFFER------------
DEBUG: ---------------------------------------------------------
DEBUG: message 0xffff21000ec0
DEBUG: message, type: 0
DEBUG: message: hello: 111 
DEBUG: ---------------------------------------------------------
DEBUG: Sending POST ACK 
DEBUG: RDMA_CM_EVENT_DISCONNECTED event received 
DEBUG: Server shut-down is complete 
DEBUG: Cleanup complete - starting over 
DEBUG: Message of size 2532361 sent in msq_id: 5 
log: 2024-06-19 08:07:29.454 SPINNING NEW THREAD
DEBUG: RDMA_CM_EVENT_CONNECT_REQUEST event received 
DEBUG: Protection domain (PD) allocated: 0xffff20c00a20 
DEBUG: I/O completion event channel created: 0xffff21c01480 
DEBUG: Completion queue (CQ) created: 0xffff22801610 with 31 elements 
DEBUG: Client QP created: 0xffff228017a0 
DEBUG: Registered: 0xffff22801bc0 , len: 4194304 , stag: 0xd001c228 
DEBUG: Memory Map built: ADDR: 0xffff22801bc0 
DEBUG: Registered: 0xffff21000f80 , len: 56 , stag: 0xd001c328 
DEBUG: Pre-posting Receive HELLO 
DEBUG: Wait for : RDMA_CM_EVENT_ESTABLISHED event 
DEBUG: RDMA_CM_EVENT_ESTABLISHED event received 
DEBUG: 1 WC are completed 
DEBUG: Pre-posting Receive Buffer for Address 
DEBUG: Registered: 0xffff21c014a0 , len: 56 , stag: 0xd001c428 
DEBUG: Sending HELLO message: 
DEBUG: ---------------------------------------------------------
DEBUG: ------------EXCHANGE BUFFER------------
DEBUG: ---------------------------------------------------------
DEBUG: message 0xffff21c014a0
DEBUG: message, type: 0
DEBUG: message: hello: 124 
DEBUG: ---------------------------------------------------------
DEBUG: 1 WC are completed 
DEBUG: Sending HELLO 
DEBUG: 1 WC are completed 
DEBUG: RDMA read the remote memory map. 
log: 2024-06-19 08:07:29.490 elapsed    0.07 ms (74140 ns)
 DEBUG: Sending ACK message: 
DEBUG: ---------------------------------------------------------
DEBUG: ------------EXCHANGE BUFFER------------
DEBUG: ---------------------------------------------------------
DEBUG: message 0xffff21c014a0
DEBUG: message, type: 0
DEBUG: message: hello: 111 
DEBUG: ---------------------------------------------------------
DEBUG: Sending POST ACK 
DEBUG: RDMA_CM_EVENT_DISCONNECTED event received 
DEBUG: Server shut-down is complete 
DEBUG: Cleanup complete - starting over 
DEBUG: Message of size 2531289 sent in msq_id: 5 
log: 2024-06-19 08:07:29.502 SPINNING NEW THREAD
DEBUG: RDMA_CM_EVENT_CONNECT_REQUEST event received 
DEBUG: Protection domain (PD) allocated: 0xffff22801a60 
DEBUG: I/O completion event channel created: 0xffff22801a80 
DEBUG: Completion queue (CQ) created: 0xffff23401bf0 with 31 elements 
DEBUG: Client QP created: 0xffff23401d80 
DEBUG: Registered: 0xffff234021a0 , len: 4194304 , stag: 0xd001c528 
DEBUG: Memory Map built: ADDR: 0xffff234021a0 
DEBUG: Registered: 0xffff21c01560 , len: 56 , stag: 0xd001c628 
DEBUG: Pre-posting Receive HELLO 
DEBUG: Wait for : RDMA_CM_EVENT_ESTABLISHED event 
DEBUG: RDMA_CM_EVENT_ESTABLISHED event received 
DEBUG: 1 WC are completed 
DEBUG: Pre-posting Receive Buffer for Address 
DEBUG: Registered: 0xffff22801aa0 , len: 56 , stag: 0xd001c728 
DEBUG: Sending HELLO message: 
DEBUG: ---------------------------------------------------------
DEBUG: ------------EXCHANGE BUFFER------------
DEBUG: ---------------------------------------------------------
DEBUG: message 0xffff22801aa0
DEBUG: message, type: 0
DEBUG: message: hello: 124 
DEBUG: ---------------------------------------------------------
DEBUG: 1 WC are completed 
DEBUG: Sending HELLO 
DEBUG: 1 WC are completed 
DEBUG: RDMA read the remote memory map. 
log: 2024-06-19 08:07:29.521 elapsed    0.07 ms (71920 ns)
 DEBUG: Sending ACK message: 
DEBUG: ---------------------------------------------------------
DEBUG: ------------EXCHANGE BUFFER------------
DEBUG: ---------------------------------------------------------
DEBUG: message 0xffff22801aa0
DEBUG: message, type: 0
DEBUG: message: hello: 111 
DEBUG: ---------------------------------------------------------
DEBUG: Sending POST ACK 
DEBUG: RDMA_CM_EVENT_DISCONNECTED event received 
DEBUG: Server shut-down is complete 
DEBUG: Cleanup complete - starting over 
DEBUG: Message of size 2531113 sent in msq_id: 5 
log: 2024-06-19 08:07:29.532 SPINNING NEW THREAD
DEBUG: RDMA_CM_EVENT_CONNECT_REQUEST event received 
DEBUG: Protection domain (PD) allocated: 0xffff23402040 
DEBUG: I/O completion event channel created: 0xffff23402060 
DEBUG: Completion queue (CQ) created: 0xffff23c021c0 with 31 elements 
DEBUG: Client QP created: 0xffff23c02350 
DEBUG: Registered: 0xffff18400050 , len: 4194304 , stag: 0xd001c828 
DEBUG: Memory Map built: ADDR: 0xffff18400050 
DEBUG: Registered: 0xffff22801b60 , len: 56 , stag: 0xd001c928 
DEBUG: Pre-posting Receive HELLO 
DEBUG: Wait for : RDMA_CM_EVENT_ESTABLISHED event 
DEBUG: RDMA_CM_EVENT_ESTABLISHED event received 
DEBUG: 1 WC are completed 
DEBUG: Pre-posting Receive Buffer for Address 
DEBUG: Registered: 0xffff234020c0 , len: 56 , stag: 0xd001ca28 
DEBUG: Sending HELLO message: 
DEBUG: ---------------------------------------------------------
DEBUG: ------------EXCHANGE BUFFER------------
DEBUG: ---------------------------------------------------------
DEBUG: message 0xffff234020c0
DEBUG: message, type: 0
DEBUG: message: hello: 124 
DEBUG: ---------------------------------------------------------
DEBUG: 1 WC are completed 
DEBUG: Sending HELLO 
DEBUG: 1 WC are completed 
DEBUG: RDMA read the remote memory map. 
log: 2024-06-19 08:07:29.540 elapsed    0.07 ms (73940 ns)
 DEBUG: Sending ACK message: 
DEBUG: ---------------------------------------------------------
DEBUG: ------------EXCHANGE BUFFER------------
DEBUG: ---------------------------------------------------------
DEBUG: message 0xffff234020c0
DEBUG: message, type: 0
DEBUG: message: hello: 111 
DEBUG: ---------------------------------------------------------
DEBUG: Sending POST ACK 
DEBUG: RDMA_CM_EVENT_DISCONNECTED event received 
DEBUG: Server shut-down is complete 
DEBUG: Cleanup complete - starting over 
DEBUG: Message of size 4 sent in msq_id: 5 
2024-06-19:08:07:29,543 INFO     [minion_rdma_ops.py:71:handle_rdma_data] received the frame: 20
log: 2024-06-19 08:07:29.545 SPINNING NEW THREAD
2024-06-19:08:07:29,562 INFO     [utils.py:118:write_string_to_file] String written to /tmp/receiver_31 successfully.
2024-06-19:08:07:29,579 INFO     [utils.py:118:write_string_to_file] String written to /tmp/receiver_32 successfully.
2024-06-19:08:07:29,597 INFO     [utils.py:118:write_string_to_file] String written to /tmp/receiver_33 successfully.
2024-06-19:08:07:29,615 INFO     [utils.py:118:write_string_to_file] String written to /tmp/receiver_34 successfully.
2024-06-19:08:07:29,634 INFO     [utils.py:118:write_string_to_file] String written to /tmp/receiver_35 successfully.
2024-06-19:08:07:29,651 INFO     [utils.py:118:write_string_to_file] String written to /tmp/receiver_36 successfully.
2024-06-19:08:07:29,668 INFO     [utils.py:118:write_string_to_file] String written to /tmp/receiver_37 successfully.
2024-06-19:08:07:29,688 INFO     [utils.py:118:write_string_to_file] String written to /tmp/receiver_38 successfully.
2024-06-19:08:07:29,707 INFO     [utils.py:118:write_string_to_file] String written to /tmp/receiver_39 successfully.
2024-06-19:08:07:29,726 INFO     [utils.py:118:write_string_to_file] String written to /tmp/receiver_40 successfully.
2024-06-19:08:07:29,746 INFO     [utils.py:118:write_string_to_file] String written to /tmp/receiver_41 successfully.
2024-06-19:08:07:29,765 INFO     [utils.py:118:write_string_to_file] String written to /tmp/receiver_42 successfully.
2024-06-19:08:07:29,785 INFO     [utils.py:118:write_string_to_file] String written to /tmp/receiver_43 successfully.
2024-06-19:08:07:29,804 INFO     [utils.py:118:write_string_to_file] String written to /tmp/receiver_44 successfully.
2024-06-19:08:07:29,825 INFO     [utils.py:118:write_string_to_file] String written to /tmp/receiver_45 successfully.
2024-06-19:08:07:29,846 INFO     [utils.py:118:write_string_to_file] String written to /tmp/receiver_46 successfully.
2024-06-19:08:07:29,864 INFO     [utils.py:118:write_string_to_file] String written to /tmp/receiver_47 successfully.
2024-06-19:08:07:29,884 INFO     [utils.py:118:write_string_to_file] String written to /tmp/receiver_48 successfully.
2024-06-19:08:07:29,902 INFO     [utils.py:118:write_string_to_file] String written to /tmp/receiver_49 successfully.
2024-06-19:08:07:29,910 INFO     [utils.py:118:write_string_to_file] String written to /tmp/receiver_50 successfully.
2024-06-19:08:07:29,990 INFO     [minion_rdma_ops.py:94:handle_rdma_data] converted!
2024-06-19:08:07:29,991 INFO     [cdi_ops_handlers.py:9:create_cdis] create_cdis: Processing request
2024-06-19:08:07:29,991 INFO     [cdi_ops_handlers.py:13:create_cdis] create_cdis: Fetching cdi record with key: 880519e2-7221-4387-aa1a-49707fd70810
2024-06-19:08:07:30,019 ERROR    [cdi_ops_handlers.py:18:create_cdis] create_cdis: Processing cdi record with key: 880519e2-7221-4387-aa1a-49707fd70810
2024-06-19:08:07:30,020 INFO     [cdi_ops_handlers.py:24:create_cdis] Minion-create_cdis: Accessing SharedMemory for App: , CDI: 880519e2-7221-4387-aa1a-49707fd70810
2024-06-19:08:07:30,020 INFO     [shm_lib.py:123:__populate_shm_id_if_empty] __populate_shm_id_if_empty: Creating new SHM for key: 5780
2024-06-19:08:07:30,020 INFO     [shm_lib.py:142:print_stat] 

2024-06-19:08:07:30,021 INFO     [shm_lib.py:143:print_stat] Key: 5780
2024-06-19:08:07:30,021 INFO     [shm_lib.py:144:print_stat] SHMID: 65568
2024-06-19:08:07:30,021 INFO     [shm_lib.py:145:print_stat] Access UID: 0
2024-06-19:08:07:30,021 INFO     [shm_lib.py:146:print_stat] Access GID: 0
2024-06-19:08:07:30,021 INFO     [shm_lib.py:147:print_stat] Creator UID: 0
2024-06-19:08:07:30,022 INFO     [shm_lib.py:148:print_stat] Creator GID: 0
2024-06-19:08:07:30,022 INFO     [shm_lib.py:149:print_stat] Access Mode: 666
2024-06-19:08:07:30,022 INFO     [shm_lib.py:150:print_stat] Size (Bytes): 10000000
2024-06-19:08:07:30,022 INFO     [shm_lib.py:151:print_stat] Last Operator PID: 0
2024-06-19:08:07:30,022 INFO     [shm_lib.py:152:print_stat] Creator PID: 7
2024-06-19:08:07:30,023 INFO     [shm_lib.py:153:print_stat] Number of attached Processes: 0
2024-06-19:08:07:30,023 INFO     [shm_lib.py:154:print_stat] Last attach time: 0
2024-06-19:08:07:30,023 INFO     [shm_lib.py:155:print_stat] Last detach time: 0
2024-06-19:08:07:30,023 INFO     [shm_lib.py:156:print_stat] Last change time: 1718784450
2024-06-19:08:07:30,023 INFO     [shm_lib.py:157:print_stat] 

2024-06-19:08:07:30,024 ERROR    [cdi_ops_handlers.py:49:create_cdis] create_cdis: Updating cdi record with key: 880519e2-7221-4387-aa1a-49707fd70810
2024-06-19:08:07:30,031 INFO     [shm_ops.py:54:write_data] shm_write_data: wrote data to shared memory with shm_id: 65568
2024-06-19:08:07:30,067 INFO     [cdi_ops_handlers.py:56:create_cdis] create_cdis: Successfully created cdi record for key: 880519e2-7221-4387-aa1a-49707fd70810
2024-06-19:08:07:30,067 INFO     [cdi_ops_handlers.py:13:create_cdis] create_cdis: Fetching cdi record with key: ce582af4-490d-4bdb-96b7-421522266b65
2024-06-19:08:07:30,094 ERROR    [cdi_ops_handlers.py:18:create_cdis] create_cdis: Processing cdi record with key: ce582af4-490d-4bdb-96b7-421522266b65
2024-06-19:08:07:30,094 INFO     [cdi_ops_handlers.py:24:create_cdis] Minion-create_cdis: Accessing SharedMemory for App: , CDI: ce582af4-490d-4bdb-96b7-421522266b65
2024-06-19:08:07:30,095 INFO     [shm_lib.py:123:__populate_shm_id_if_empty] __populate_shm_id_if_empty: Creating new SHM for key: 5781
2024-06-19:08:07:30,095 INFO     [shm_lib.py:142:print_stat] 

2024-06-19:08:07:30,095 INFO     [shm_lib.py:143:print_stat] Key: 5781
2024-06-19:08:07:30,095 INFO     [shm_lib.py:144:print_stat] SHMID: 65569
2024-06-19:08:07:30,095 INFO     [shm_lib.py:145:print_stat] Access UID: 0
2024-06-19:08:07:30,096 INFO     [shm_lib.py:146:print_stat] Access GID: 0
2024-06-19:08:07:30,096 INFO     [shm_lib.py:147:print_stat] Creator UID: 0
2024-06-19:08:07:30,096 INFO     [shm_lib.py:148:print_stat] Creator GID: 0
2024-06-19:08:07:30,096 INFO     [shm_lib.py:149:print_stat] Access Mode: 666
2024-06-19:08:07:30,096 INFO     [shm_lib.py:150:print_stat] Size (Bytes): 10000000
2024-06-19:08:07:30,097 INFO     [shm_lib.py:151:print_stat] Last Operator PID: 0
2024-06-19:08:07:30,097 INFO     [shm_lib.py:152:print_stat] Creator PID: 7
2024-06-19:08:07:30,097 INFO     [shm_lib.py:153:print_stat] Number of attached Processes: 0
2024-06-19:08:07:30,097 INFO     [shm_lib.py:154:print_stat] Last attach time: 0
2024-06-19:08:07:30,097 INFO     [shm_lib.py:155:print_stat] Last detach time: 0
2024-06-19:08:07:30,097 INFO     [shm_lib.py:156:print_stat] Last change time: 1718784450
2024-06-19:08:07:30,098 INFO     [shm_lib.py:157:print_stat] 

2024-06-19:08:07:30,098 ERROR    [cdi_ops_handlers.py:49:create_cdis] create_cdis: Updating cdi record with key: ce582af4-490d-4bdb-96b7-421522266b65
2024-06-19:08:07:30,105 INFO     [shm_ops.py:54:write_data] shm_write_data: wrote data to shared memory with shm_id: 65569
2024-06-19:08:07:30,179 INFO     [cdi_ops_handlers.py:56:create_cdis] create_cdis: Successfully created cdi record for key: ce582af4-490d-4bdb-96b7-421522266b65
2024-06-19:08:07:30,180 INFO     [cdi_ops_handlers.py:13:create_cdis] create_cdis: Fetching cdi record with key: d20f1517-7ca8-4d69-9f0b-c2f52444d301
2024-06-19:08:07:30,209 ERROR    [cdi_ops_handlers.py:18:create_cdis] create_cdis: Processing cdi record with key: d20f1517-7ca8-4d69-9f0b-c2f52444d301
2024-06-19:08:07:30,210 INFO     [cdi_ops_handlers.py:24:create_cdis] Minion-create_cdis: Accessing SharedMemory for App: , CDI: d20f1517-7ca8-4d69-9f0b-c2f52444d301
2024-06-19:08:07:30,210 INFO     [shm_lib.py:123:__populate_shm_id_if_empty] __populate_shm_id_if_empty: Creating new SHM for key: 5782
2024-06-19:08:07:30,210 INFO     [shm_lib.py:142:print_stat] 

2024-06-19:08:07:30,211 INFO     [shm_lib.py:143:print_stat] Key: 5782
2024-06-19:08:07:30,211 INFO     [shm_lib.py:144:print_stat] SHMID: 65570
2024-06-19:08:07:30,211 INFO     [shm_lib.py:145:print_stat] Access UID: 0
2024-06-19:08:07:30,211 INFO     [shm_lib.py:146:print_stat] Access GID: 0
2024-06-19:08:07:30,211 INFO     [shm_lib.py:147:print_stat] Creator UID: 0
2024-06-19:08:07:30,211 INFO     [shm_lib.py:148:print_stat] Creator GID: 0
2024-06-19:08:07:30,212 INFO     [shm_lib.py:149:print_stat] Access Mode: 666
2024-06-19:08:07:30,212 INFO     [shm_lib.py:150:print_stat] Size (Bytes): 10000000
2024-06-19:08:07:30,212 INFO     [shm_lib.py:151:print_stat] Last Operator PID: 0
2024-06-19:08:07:30,212 INFO     [shm_lib.py:152:print_stat] Creator PID: 7
2024-06-19:08:07:30,212 INFO     [shm_lib.py:153:print_stat] Number of attached Processes: 0
2024-06-19:08:07:30,213 INFO     [shm_lib.py:154:print_stat] Last attach time: 0
2024-06-19:08:07:30,213 INFO     [shm_lib.py:155:print_stat] Last detach time: 0
2024-06-19:08:07:30,213 INFO     [shm_lib.py:156:print_stat] Last change time: 1718784450
2024-06-19:08:07:30,213 INFO     [shm_lib.py:157:print_stat] 

2024-06-19:08:07:30,214 ERROR    [cdi_ops_handlers.py:49:create_cdis] create_cdis: Updating cdi record with key: d20f1517-7ca8-4d69-9f0b-c2f52444d301
2024-06-19:08:07:30,221 INFO     [shm_ops.py:54:write_data] shm_write_data: wrote data to shared memory with shm_id: 65570
2024-06-19:08:07:30,291 INFO     [cdi_ops_handlers.py:56:create_cdis] create_cdis: Successfully created cdi record for key: d20f1517-7ca8-4d69-9f0b-c2f52444d301
2024-06-19:08:07:30,291 INFO     [cdi_ops_handlers.py:13:create_cdis] create_cdis: Fetching cdi record with key: d31bc6b2-88bd-4712-8808-08590d8ae68e
2024-06-19:08:07:30,320 ERROR    [cdi_ops_handlers.py:18:create_cdis] create_cdis: Processing cdi record with key: d31bc6b2-88bd-4712-8808-08590d8ae68e
2024-06-19:08:07:30,320 INFO     [cdi_ops_handlers.py:24:create_cdis] Minion-create_cdis: Accessing SharedMemory for App: , CDI: d31bc6b2-88bd-4712-8808-08590d8ae68e
2024-06-19:08:07:30,320 INFO     [shm_lib.py:123:__populate_shm_id_if_empty] __populate_shm_id_if_empty: Creating new SHM for key: 5783
2024-06-19:08:07:30,321 INFO     [shm_lib.py:142:print_stat] 

2024-06-19:08:07:30,321 INFO     [shm_lib.py:143:print_stat] Key: 5783
2024-06-19:08:07:30,321 INFO     [shm_lib.py:144:print_stat] SHMID: 65571
2024-06-19:08:07:30,321 INFO     [shm_lib.py:145:print_stat] Access UID: 0
2024-06-19:08:07:30,321 INFO     [shm_lib.py:146:print_stat] Access GID: 0
2024-06-19:08:07:30,321 INFO     [shm_lib.py:147:print_stat] Creator UID: 0
2024-06-19:08:07:30,322 INFO     [shm_lib.py:148:print_stat] Creator GID: 0
2024-06-19:08:07:30,322 INFO     [shm_lib.py:149:print_stat] Access Mode: 666
2024-06-19:08:07:30,322 INFO     [shm_lib.py:150:print_stat] Size (Bytes): 10000000
2024-06-19:08:07:30,322 INFO     [shm_lib.py:151:print_stat] Last Operator PID: 0
2024-06-19:08:07:30,322 INFO     [shm_lib.py:152:print_stat] Creator PID: 7
2024-06-19:08:07:30,323 INFO     [shm_lib.py:153:print_stat] Number of attached Processes: 0
2024-06-19:08:07:30,323 INFO     [shm_lib.py:154:print_stat] Last attach time: 0
2024-06-19:08:07:30,323 INFO     [shm_lib.py:155:print_stat] Last detach time: 0
2024-06-19:08:07:30,323 INFO     [shm_lib.py:156:print_stat] Last change time: 1718784450
2024-06-19:08:07:30,323 INFO     [shm_lib.py:157:print_stat] 

2024-06-19:08:07:30,324 ERROR    [cdi_ops_handlers.py:49:create_cdis] create_cdis: Updating cdi record with key: d31bc6b2-88bd-4712-8808-08590d8ae68e
2024-06-19:08:07:30,330 INFO     [shm_ops.py:54:write_data] shm_write_data: wrote data to shared memory with shm_id: 65571
2024-06-19:08:07:30,387 INFO     [cdi_ops_handlers.py:56:create_cdis] create_cdis: Successfully created cdi record for key: d31bc6b2-88bd-4712-8808-08590d8ae68e
2024-06-19:08:07:30,387 INFO     [cdi_ops_handlers.py:13:create_cdis] create_cdis: Fetching cdi record with key: 52597a08-fc2e-4a09-9c7d-88347a03e0af
2024-06-19:08:07:30,415 ERROR    [cdi_ops_handlers.py:18:create_cdis] create_cdis: Processing cdi record with key: 52597a08-fc2e-4a09-9c7d-88347a03e0af
2024-06-19:08:07:30,416 INFO     [cdi_ops_handlers.py:24:create_cdis] Minion-create_cdis: Accessing SharedMemory for App: , CDI: 52597a08-fc2e-4a09-9c7d-88347a03e0af
2024-06-19:08:07:30,416 INFO     [shm_lib.py:123:__populate_shm_id_if_empty] __populate_shm_id_if_empty: Creating new SHM for key: 5784
2024-06-19:08:07:30,416 INFO     [shm_lib.py:142:print_stat] 

2024-06-19:08:07:30,417 INFO     [shm_lib.py:143:print_stat] Key: 5784
2024-06-19:08:07:30,417 INFO     [shm_lib.py:144:print_stat] SHMID: 65572
2024-06-19:08:07:30,417 INFO     [shm_lib.py:145:print_stat] Access UID: 0
2024-06-19:08:07:30,417 INFO     [shm_lib.py:146:print_stat] Access GID: 0
2024-06-19:08:07:30,417 INFO     [shm_lib.py:147:print_stat] Creator UID: 0
2024-06-19:08:07:30,418 INFO     [shm_lib.py:148:print_stat] Creator GID: 0
2024-06-19:08:07:30,418 INFO     [shm_lib.py:149:print_stat] Access Mode: 666
2024-06-19:08:07:30,418 INFO     [shm_lib.py:150:print_stat] Size (Bytes): 10000000
2024-06-19:08:07:30,418 INFO     [shm_lib.py:151:print_stat] Last Operator PID: 0
2024-06-19:08:07:30,418 INFO     [shm_lib.py:152:print_stat] Creator PID: 7
2024-06-19:08:07:30,419 INFO     [shm_lib.py:153:print_stat] Number of attached Processes: 0
2024-06-19:08:07:30,419 INFO     [shm_lib.py:154:print_stat] Last attach time: 0
2024-06-19:08:07:30,419 INFO     [shm_lib.py:155:print_stat] Last detach time: 0
2024-06-19:08:07:30,419 INFO     [shm_lib.py:156:print_stat] Last change time: 1718784450
2024-06-19:08:07:30,419 INFO     [shm_lib.py:157:print_stat] 

2024-06-19:08:07:30,420 ERROR    [cdi_ops_handlers.py:49:create_cdis] create_cdis: Updating cdi record with key: 52597a08-fc2e-4a09-9c7d-88347a03e0af
2024-06-19:08:07:30,426 INFO     [shm_ops.py:54:write_data] shm_write_data: wrote data to shared memory with shm_id: 65572
2024-06-19:08:07:30,463 INFO     [cdi_ops_handlers.py:56:create_cdis] create_cdis: Successfully created cdi record for key: 52597a08-fc2e-4a09-9c7d-88347a03e0af
2024-06-19:08:07:30,464 INFO     [cdi_ops_handlers.py:13:create_cdis] create_cdis: Fetching cdi record with key: 880519e2-7221-4387-aa1a-49707fd70810
2024-06-19:08:07:30,495 ERROR    [cdi_ops_handlers.py:18:create_cdis] create_cdis: Processing cdi record with key: 880519e2-7221-4387-aa1a-49707fd70810
2024-06-19:08:07:30,495 INFO     [cdi_ops_handlers.py:24:create_cdis] Minion-create_cdis: Accessing SharedMemory for App: , CDI: 880519e2-7221-4387-aa1a-49707fd70810
2024-06-19:08:07:30,495 INFO     [shm_lib.py:123:__populate_shm_id_if_empty] __populate_shm_id_if_empty: Creating new SHM for key: 5780
2024-06-19:08:07:30,496 INFO     [shm_lib.py:142:print_stat] 

2024-06-19:08:07:30,496 INFO     [shm_lib.py:143:print_stat] Key: 5780
2024-06-19:08:07:30,496 INFO     [shm_lib.py:144:print_stat] SHMID: 65568
2024-06-19:08:07:30,496 INFO     [shm_lib.py:145:print_stat] Access UID: 996
2024-06-19:08:07:30,496 INFO     [shm_lib.py:146:print_stat] Access GID: 24
2024-06-19:08:07:30,497 INFO     [shm_lib.py:147:print_stat] Creator UID: 0
2024-06-19:08:07:30,497 INFO     [shm_lib.py:148:print_stat] Creator GID: 0
2024-06-19:08:07:30,497 INFO     [shm_lib.py:149:print_stat] Access Mode: 666
2024-06-19:08:07:30,497 INFO     [shm_lib.py:150:print_stat] Size (Bytes): 10000000
2024-06-19:08:07:30,497 INFO     [shm_lib.py:151:print_stat] Last Operator PID: 7
2024-06-19:08:07:30,498 INFO     [shm_lib.py:152:print_stat] Creator PID: 7
2024-06-19:08:07:30,498 INFO     [shm_lib.py:153:print_stat] Number of attached Processes: 0
2024-06-19:08:07:30,498 INFO     [shm_lib.py:154:print_stat] Last attach time: 1718784450
2024-06-19:08:07:30,498 INFO     [shm_lib.py:155:print_stat] Last detach time: 1718784450
2024-06-19:08:07:30,498 INFO     [shm_lib.py:156:print_stat] Last change time: 1718784450
2024-06-19:08:07:30,499 INFO     [shm_lib.py:157:print_stat] 

2024-06-19:08:07:30,499 ERROR    [cdi_ops_handlers.py:49:create_cdis] create_cdis: Updating cdi record with key: 880519e2-7221-4387-aa1a-49707fd70810
2024-06-19:08:07:30,504 INFO     [shm_ops.py:54:write_data] shm_write_data: wrote data to shared memory with shm_id: 65568
2024-06-19:08:07:30,541 INFO     [cdi_ops_handlers.py:56:create_cdis] create_cdis: Successfully created cdi record for key: 880519e2-7221-4387-aa1a-49707fd70810
2024-06-19:08:07:30,542 INFO     [cdi_ops_handlers.py:13:create_cdis] create_cdis: Fetching cdi record with key: ce582af4-490d-4bdb-96b7-421522266b65
2024-06-19:08:07:30,570 ERROR    [cdi_ops_handlers.py:18:create_cdis] create_cdis: Processing cdi record with key: ce582af4-490d-4bdb-96b7-421522266b65
2024-06-19:08:07:30,570 INFO     [cdi_ops_handlers.py:24:create_cdis] Minion-create_cdis: Accessing SharedMemory for App: , CDI: ce582af4-490d-4bdb-96b7-421522266b65
2024-06-19:08:07:30,571 INFO     [shm_lib.py:123:__populate_shm_id_if_empty] __populate_shm_id_if_empty: Creating new SHM for key: 5781
2024-06-19:08:07:30,571 INFO     [shm_lib.py:142:print_stat] 

2024-06-19:08:07:30,571 INFO     [shm_lib.py:143:print_stat] Key: 5781
2024-06-19:08:07:30,571 INFO     [shm_lib.py:144:print_stat] SHMID: 65569
2024-06-19:08:07:30,571 INFO     [shm_lib.py:145:print_stat] Access UID: 996
2024-06-19:08:07:30,572 INFO     [shm_lib.py:146:print_stat] Access GID: 24
2024-06-19:08:07:30,572 INFO     [shm_lib.py:147:print_stat] Creator UID: 0
2024-06-19:08:07:30,572 INFO     [shm_lib.py:148:print_stat] Creator GID: 0
2024-06-19:08:07:30,572 INFO     [shm_lib.py:149:print_stat] Access Mode: 666
2024-06-19:08:07:30,572 INFO     [shm_lib.py:150:print_stat] Size (Bytes): 10000000
2024-06-19:08:07:30,573 INFO     [shm_lib.py:151:print_stat] Last Operator PID: 7
2024-06-19:08:07:30,573 INFO     [shm_lib.py:152:print_stat] Creator PID: 7
2024-06-19:08:07:30,573 INFO     [shm_lib.py:153:print_stat] Number of attached Processes: 0
2024-06-19:08:07:30,573 INFO     [shm_lib.py:154:print_stat] Last attach time: 1718784450
2024-06-19:08:07:30,573 INFO     [shm_lib.py:155:print_stat] Last detach time: 1718784450
2024-06-19:08:07:30,574 INFO     [shm_lib.py:156:print_stat] Last change time: 1718784450
2024-06-19:08:07:30,574 INFO     [shm_lib.py:157:print_stat] 

2024-06-19:08:07:30,574 ERROR    [cdi_ops_handlers.py:49:create_cdis] create_cdis: Updating cdi record with key: ce582af4-490d-4bdb-96b7-421522266b65
2024-06-19:08:07:30,580 INFO     [shm_ops.py:54:write_data] shm_write_data: wrote data to shared memory with shm_id: 65569
2024-06-19:08:07:30,617 INFO     [cdi_ops_handlers.py:56:create_cdis] create_cdis: Successfully created cdi record for key: ce582af4-490d-4bdb-96b7-421522266b65
2024-06-19:08:07:30,618 INFO     [cdi_ops_handlers.py:13:create_cdis] create_cdis: Fetching cdi record with key: d20f1517-7ca8-4d69-9f0b-c2f52444d301
2024-06-19:08:07:30,656 ERROR    [cdi_ops_handlers.py:18:create_cdis] create_cdis: Processing cdi record with key: d20f1517-7ca8-4d69-9f0b-c2f52444d301
2024-06-19:08:07:30,657 INFO     [cdi_ops_handlers.py:24:create_cdis] Minion-create_cdis: Accessing SharedMemory for App: , CDI: d20f1517-7ca8-4d69-9f0b-c2f52444d301
2024-06-19:08:07:30,657 INFO     [shm_lib.py:123:__populate_shm_id_if_empty] __populate_shm_id_if_empty: Creating new SHM for key: 5782
2024-06-19:08:07:30,658 INFO     [shm_lib.py:142:print_stat] 

2024-06-19:08:07:30,658 INFO     [shm_lib.py:143:print_stat] Key: 5782
2024-06-19:08:07:30,658 INFO     [shm_lib.py:144:print_stat] SHMID: 65570
2024-06-19:08:07:30,658 INFO     [shm_lib.py:145:print_stat] Access UID: 996
2024-06-19:08:07:30,658 INFO     [shm_lib.py:146:print_stat] Access GID: 24
2024-06-19:08:07:30,659 INFO     [shm_lib.py:147:print_stat] Creator UID: 0
2024-06-19:08:07:30,659 INFO     [shm_lib.py:148:print_stat] Creator GID: 0
2024-06-19:08:07:30,659 INFO     [shm_lib.py:149:print_stat] Access Mode: 666
2024-06-19:08:07:30,659 INFO     [shm_lib.py:150:print_stat] Size (Bytes): 10000000
2024-06-19:08:07:30,659 INFO     [shm_lib.py:151:print_stat] Last Operator PID: 7
2024-06-19:08:07:30,660 INFO     [shm_lib.py:152:print_stat] Creator PID: 7
2024-06-19:08:07:30,660 INFO     [shm_lib.py:153:print_stat] Number of attached Processes: 0
2024-06-19:08:07:30,660 INFO     [shm_lib.py:154:print_stat] Last attach time: 1718784450
2024-06-19:08:07:30,660 INFO     [shm_lib.py:155:print_stat] Last detach time: 1718784450
2024-06-19:08:07:30,661 INFO     [shm_lib.py:156:print_stat] Last change time: 1718784450
2024-06-19:08:07:30,661 INFO     [shm_lib.py:157:print_stat] 

2024-06-19:08:07:30,661 ERROR    [cdi_ops_handlers.py:49:create_cdis] create_cdis: Updating cdi record with key: d20f1517-7ca8-4d69-9f0b-c2f52444d301
2024-06-19:08:07:30,669 INFO     [shm_ops.py:54:write_data] shm_write_data: wrote data to shared memory with shm_id: 65570
2024-06-19:08:07:30,727 INFO     [cdi_ops_handlers.py:56:create_cdis] create_cdis: Successfully created cdi record for key: d20f1517-7ca8-4d69-9f0b-c2f52444d301
2024-06-19:08:07:30,727 INFO     [cdi_ops_handlers.py:13:create_cdis] create_cdis: Fetching cdi record with key: d31bc6b2-88bd-4712-8808-08590d8ae68e
2024-06-19:08:07:30,757 ERROR    [cdi_ops_handlers.py:18:create_cdis] create_cdis: Processing cdi record with key: d31bc6b2-88bd-4712-8808-08590d8ae68e
2024-06-19:08:07:30,757 INFO     [cdi_ops_handlers.py:24:create_cdis] Minion-create_cdis: Accessing SharedMemory for App: , CDI: d31bc6b2-88bd-4712-8808-08590d8ae68e
2024-06-19:08:07:30,757 INFO     [shm_lib.py:123:__populate_shm_id_if_empty] __populate_shm_id_if_empty: Creating new SHM for key: 5783
2024-06-19:08:07:30,758 INFO     [shm_lib.py:142:print_stat] 

2024-06-19:08:07:30,758 INFO     [shm_lib.py:143:print_stat] Key: 5783
2024-06-19:08:07:30,758 INFO     [shm_lib.py:144:print_stat] SHMID: 65571
2024-06-19:08:07:30,758 INFO     [shm_lib.py:145:print_stat] Access UID: 996
2024-06-19:08:07:30,759 INFO     [shm_lib.py:146:print_stat] Access GID: 24
2024-06-19:08:07:30,759 INFO     [shm_lib.py:147:print_stat] Creator UID: 0
2024-06-19:08:07:30,759 INFO     [shm_lib.py:148:print_stat] Creator GID: 0
2024-06-19:08:07:30,759 INFO     [shm_lib.py:149:print_stat] Access Mode: 666
2024-06-19:08:07:30,760 INFO     [shm_lib.py:150:print_stat] Size (Bytes): 10000000
2024-06-19:08:07:30,760 INFO     [shm_lib.py:151:print_stat] Last Operator PID: 7
2024-06-19:08:07:30,760 INFO     [shm_lib.py:152:print_stat] Creator PID: 7
2024-06-19:08:07:30,760 INFO     [shm_lib.py:153:print_stat] Number of attached Processes: 0
2024-06-19:08:07:30,760 INFO     [shm_lib.py:154:print_stat] Last attach time: 1718784450
2024-06-19:08:07:30,761 INFO     [shm_lib.py:155:print_stat] Last detach time: 1718784450
2024-06-19:08:07:30,761 INFO     [shm_lib.py:156:print_stat] Last change time: 1718784450
2024-06-19:08:07:30,761 INFO     [shm_lib.py:157:print_stat] 

2024-06-19:08:07:30,761 ERROR    [cdi_ops_handlers.py:49:create_cdis] create_cdis: Updating cdi record with key: d31bc6b2-88bd-4712-8808-08590d8ae68e
2024-06-19:08:07:30,767 INFO     [shm_ops.py:54:write_data] shm_write_data: wrote data to shared memory with shm_id: 65571
2024-06-19:08:07:30,818 INFO     [cdi_ops_handlers.py:56:create_cdis] create_cdis: Successfully created cdi record for key: d31bc6b2-88bd-4712-8808-08590d8ae68e
2024-06-19:08:07:30,818 INFO     [cdi_ops_handlers.py:13:create_cdis] create_cdis: Fetching cdi record with key: 52597a08-fc2e-4a09-9c7d-88347a03e0af
2024-06-19:08:07:30,846 ERROR    [cdi_ops_handlers.py:18:create_cdis] create_cdis: Processing cdi record with key: 52597a08-fc2e-4a09-9c7d-88347a03e0af
2024-06-19:08:07:30,846 INFO     [cdi_ops_handlers.py:24:create_cdis] Minion-create_cdis: Accessing SharedMemory for App: , CDI: 52597a08-fc2e-4a09-9c7d-88347a03e0af
2024-06-19:08:07:30,846 INFO     [shm_lib.py:123:__populate_shm_id_if_empty] __populate_shm_id_if_empty: Creating new SHM for key: 5784
2024-06-19:08:07:30,847 INFO     [shm_lib.py:142:print_stat] 

2024-06-19:08:07:30,847 INFO     [shm_lib.py:143:print_stat] Key: 5784
2024-06-19:08:07:30,847 INFO     [shm_lib.py:144:print_stat] SHMID: 65572
2024-06-19:08:07:30,847 INFO     [shm_lib.py:145:print_stat] Access UID: 996
2024-06-19:08:07:30,847 INFO     [shm_lib.py:146:print_stat] Access GID: 24
2024-06-19:08:07:30,848 INFO     [shm_lib.py:147:print_stat] Creator UID: 0
2024-06-19:08:07:30,848 INFO     [shm_lib.py:148:print_stat] Creator GID: 0
2024-06-19:08:07:30,848 INFO     [shm_lib.py:149:print_stat] Access Mode: 666
2024-06-19:08:07:30,848 INFO     [shm_lib.py:150:print_stat] Size (Bytes): 10000000
2024-06-19:08:07:30,848 INFO     [shm_lib.py:151:print_stat] Last Operator PID: 7
2024-06-19:08:07:30,849 INFO     [shm_lib.py:152:print_stat] Creator PID: 7
2024-06-19:08:07:30,849 INFO     [shm_lib.py:153:print_stat] Number of attached Processes: 0
2024-06-19:08:07:30,849 INFO     [shm_lib.py:154:print_stat] Last attach time: 1718784450
2024-06-19:08:07:30,849 INFO     [shm_lib.py:155:print_stat] Last detach time: 1718784450
2024-06-19:08:07:30,849 INFO     [shm_lib.py:156:print_stat] Last change time: 1718784450
2024-06-19:08:07:30,850 INFO     [shm_lib.py:157:print_stat] 

2024-06-19:08:07:30,850 ERROR    [cdi_ops_handlers.py:49:create_cdis] create_cdis: Updating cdi record with key: 52597a08-fc2e-4a09-9c7d-88347a03e0af
2024-06-19:08:07:30,857 INFO     [shm_ops.py:54:write_data] shm_write_data: wrote data to shared memory with shm_id: 65572
2024-06-19:08:07:30,941 INFO     [cdi_ops_handlers.py:56:create_cdis] create_cdis: Successfully created cdi record for key: 52597a08-fc2e-4a09-9c7d-88347a03e0af
2024-06-19:08:07:30,942 INFO     [cdi_ops_handlers.py:13:create_cdis] create_cdis: Fetching cdi record with key: 880519e2-7221-4387-aa1a-49707fd70810
2024-06-19:08:07:30,971 ERROR    [cdi_ops_handlers.py:18:create_cdis] create_cdis: Processing cdi record with key: 880519e2-7221-4387-aa1a-49707fd70810
2024-06-19:08:07:30,971 INFO     [cdi_ops_handlers.py:24:create_cdis] Minion-create_cdis: Accessing SharedMemory for App: , CDI: 880519e2-7221-4387-aa1a-49707fd70810
2024-06-19:08:07:30,971 INFO     [shm_lib.py:123:__populate_shm_id_if_empty] __populate_shm_id_if_empty: Creating new SHM for key: 5780
2024-06-19:08:07:30,972 INFO     [shm_lib.py:142:print_stat] 

2024-06-19:08:07:30,972 INFO     [shm_lib.py:143:print_stat] Key: 5780
2024-06-19:08:07:30,972 INFO     [shm_lib.py:144:print_stat] SHMID: 65568
2024-06-19:08:07:30,972 INFO     [shm_lib.py:145:print_stat] Access UID: 996
2024-06-19:08:07:30,973 INFO     [shm_lib.py:146:print_stat] Access GID: 24
2024-06-19:08:07:30,973 INFO     [shm_lib.py:147:print_stat] Creator UID: 0
2024-06-19:08:07:30,973 INFO     [shm_lib.py:148:print_stat] Creator GID: 0
2024-06-19:08:07:30,973 INFO     [shm_lib.py:149:print_stat] Access Mode: 666
2024-06-19:08:07:30,973 INFO     [shm_lib.py:150:print_stat] Size (Bytes): 10000000
2024-06-19:08:07:30,973 INFO     [shm_lib.py:151:print_stat] Last Operator PID: 0
2024-06-19:08:07:30,974 INFO     [shm_lib.py:152:print_stat] Creator PID: 7
2024-06-19:08:07:30,974 INFO     [shm_lib.py:153:print_stat] Number of attached Processes: 1
2024-06-19:08:07:30,974 INFO     [shm_lib.py:154:print_stat] Last attach time: 1718784450
2024-06-19:08:07:30,974 INFO     [shm_lib.py:155:print_stat] Last detach time: 1718784450
2024-06-19:08:07:30,974 INFO     [shm_lib.py:156:print_stat] Last change time: 1718784450
2024-06-19:08:07:30,975 INFO     [shm_lib.py:157:print_stat] 

2024-06-19:08:07:30,975 ERROR    [cdi_ops_handlers.py:49:create_cdis] create_cdis: Updating cdi record with key: 880519e2-7221-4387-aa1a-49707fd70810
2024-06-19:08:07:30,980 INFO     [shm_ops.py:54:write_data] shm_write_data: wrote data to shared memory with shm_id: 65568
2024-06-19:08:07:31,056 INFO     [cdi_ops_handlers.py:56:create_cdis] create_cdis: Successfully created cdi record for key: 880519e2-7221-4387-aa1a-49707fd70810
2024-06-19:08:07:31,057 INFO     [cdi_ops_handlers.py:13:create_cdis] create_cdis: Fetching cdi record with key: ce582af4-490d-4bdb-96b7-421522266b65
2024-06-19:08:07:31,086 ERROR    [cdi_ops_handlers.py:18:create_cdis] create_cdis: Processing cdi record with key: ce582af4-490d-4bdb-96b7-421522266b65
2024-06-19:08:07:31,087 INFO     [cdi_ops_handlers.py:24:create_cdis] Minion-create_cdis: Accessing SharedMemory for App: , CDI: ce582af4-490d-4bdb-96b7-421522266b65
2024-06-19:08:07:31,087 INFO     [shm_lib.py:123:__populate_shm_id_if_empty] __populate_shm_id_if_empty: Creating new SHM for key: 5781
2024-06-19:08:07:31,087 INFO     [shm_lib.py:142:print_stat] 

2024-06-19:08:07:31,087 INFO     [shm_lib.py:143:print_stat] Key: 5781
2024-06-19:08:07:31,088 INFO     [shm_lib.py:144:print_stat] SHMID: 65569
2024-06-19:08:07:31,088 INFO     [shm_lib.py:145:print_stat] Access UID: 996
2024-06-19:08:07:31,088 INFO     [shm_lib.py:146:print_stat] Access GID: 24
2024-06-19:08:07:31,088 INFO     [shm_lib.py:147:print_stat] Creator UID: 0
2024-06-19:08:07:31,088 INFO     [shm_lib.py:148:print_stat] Creator GID: 0
2024-06-19:08:07:31,089 INFO     [shm_lib.py:149:print_stat] Access Mode: 666
2024-06-19:08:07:31,089 INFO     [shm_lib.py:150:print_stat] Size (Bytes): 10000000
2024-06-19:08:07:31,089 INFO     [shm_lib.py:151:print_stat] Last Operator PID: 7
2024-06-19:08:07:31,089 INFO     [shm_lib.py:152:print_stat] Creator PID: 7
2024-06-19:08:07:31,089 INFO     [shm_lib.py:153:print_stat] Number of attached Processes: 0
2024-06-19:08:07:31,090 INFO     [shm_lib.py:154:print_stat] Last attach time: 1718784450
2024-06-19:08:07:31,090 INFO     [shm_lib.py:155:print_stat] Last detach time: 1718784450
2024-06-19:08:07:31,090 INFO     [shm_lib.py:156:print_stat] Last change time: 1718784450
2024-06-19:08:07:31,090 INFO     [shm_lib.py:157:print_stat] 

2024-06-19:08:07:31,090 ERROR    [cdi_ops_handlers.py:49:create_cdis] create_cdis: Updating cdi record with key: ce582af4-490d-4bdb-96b7-421522266b65
2024-06-19:08:07:31,096 INFO     [shm_ops.py:54:write_data] shm_write_data: wrote data to shared memory with shm_id: 65569
2024-06-19:08:07:31,174 INFO     [cdi_ops_handlers.py:56:create_cdis] create_cdis: Successfully created cdi record for key: ce582af4-490d-4bdb-96b7-421522266b65
2024-06-19:08:07:31,175 INFO     [cdi_ops_handlers.py:13:create_cdis] create_cdis: Fetching cdi record with key: d20f1517-7ca8-4d69-9f0b-c2f52444d301
2024-06-19:08:07:31,208 ERROR    [cdi_ops_handlers.py:18:create_cdis] create_cdis: Processing cdi record with key: d20f1517-7ca8-4d69-9f0b-c2f52444d301
2024-06-19:08:07:31,208 INFO     [cdi_ops_handlers.py:24:create_cdis] Minion-create_cdis: Accessing SharedMemory for App: , CDI: d20f1517-7ca8-4d69-9f0b-c2f52444d301
2024-06-19:08:07:31,208 INFO     [shm_lib.py:123:__populate_shm_id_if_empty] __populate_shm_id_if_empty: Creating new SHM for key: 5782
2024-06-19:08:07:31,208 INFO     [shm_lib.py:142:print_stat] 

2024-06-19:08:07:31,209 INFO     [shm_lib.py:143:print_stat] Key: 5782
2024-06-19:08:07:31,209 INFO     [shm_lib.py:144:print_stat] SHMID: 65570
2024-06-19:08:07:31,209 INFO     [shm_lib.py:145:print_stat] Access UID: 996
2024-06-19:08:07:31,209 INFO     [shm_lib.py:146:print_stat] Access GID: 24
2024-06-19:08:07:31,209 INFO     [shm_lib.py:147:print_stat] Creator UID: 0
2024-06-19:08:07:31,209 INFO     [shm_lib.py:148:print_stat] Creator GID: 0
2024-06-19:08:07:31,209 INFO     [shm_lib.py:149:print_stat] Access Mode: 666
2024-06-19:08:07:31,210 INFO     [shm_lib.py:150:print_stat] Size (Bytes): 10000000
2024-06-19:08:07:31,210 INFO     [shm_lib.py:151:print_stat] Last Operator PID: 7
2024-06-19:08:07:31,210 INFO     [shm_lib.py:152:print_stat] Creator PID: 7
2024-06-19:08:07:31,210 INFO     [shm_lib.py:153:print_stat] Number of attached Processes: 0
2024-06-19:08:07:31,210 INFO     [shm_lib.py:154:print_stat] Last attach time: 1718784450
2024-06-19:08:07:31,210 INFO     [shm_lib.py:155:print_stat] Last detach time: 1718784450
2024-06-19:08:07:31,211 INFO     [shm_lib.py:156:print_stat] Last change time: 1718784450
2024-06-19:08:07:31,211 INFO     [shm_lib.py:157:print_stat] 

2024-06-19:08:07:31,211 ERROR    [cdi_ops_handlers.py:49:create_cdis] create_cdis: Updating cdi record with key: d20f1517-7ca8-4d69-9f0b-c2f52444d301
2024-06-19:08:07:31,216 INFO     [shm_ops.py:54:write_data] shm_write_data: wrote data to shared memory with shm_id: 65570
2024-06-19:08:07:31,253 INFO     [cdi_ops_handlers.py:56:create_cdis] create_cdis: Successfully created cdi record for key: d20f1517-7ca8-4d69-9f0b-c2f52444d301
2024-06-19:08:07:31,254 INFO     [cdi_ops_handlers.py:13:create_cdis] create_cdis: Fetching cdi record with key: d31bc6b2-88bd-4712-8808-08590d8ae68e
2024-06-19:08:07:31,282 ERROR    [cdi_ops_handlers.py:18:create_cdis] create_cdis: Processing cdi record with key: d31bc6b2-88bd-4712-8808-08590d8ae68e
2024-06-19:08:07:31,283 INFO     [cdi_ops_handlers.py:24:create_cdis] Minion-create_cdis: Accessing SharedMemory for App: , CDI: d31bc6b2-88bd-4712-8808-08590d8ae68e
2024-06-19:08:07:31,283 INFO     [shm_lib.py:123:__populate_shm_id_if_empty] __populate_shm_id_if_empty: Creating new SHM for key: 5783
2024-06-19:08:07:31,283 INFO     [shm_lib.py:142:print_stat] 

2024-06-19:08:07:31,284 INFO     [shm_lib.py:143:print_stat] Key: 5783
2024-06-19:08:07:31,284 INFO     [shm_lib.py:144:print_stat] SHMID: 65571
2024-06-19:08:07:31,284 INFO     [shm_lib.py:145:print_stat] Access UID: 996
2024-06-19:08:07:31,284 INFO     [shm_lib.py:146:print_stat] Access GID: 24
2024-06-19:08:07:31,284 INFO     [shm_lib.py:147:print_stat] Creator UID: 0
2024-06-19:08:07:31,285 INFO     [shm_lib.py:148:print_stat] Creator GID: 0
2024-06-19:08:07:31,285 INFO     [shm_lib.py:149:print_stat] Access Mode: 666
2024-06-19:08:07:31,285 INFO     [shm_lib.py:150:print_stat] Size (Bytes): 10000000
2024-06-19:08:07:31,285 INFO     [shm_lib.py:151:print_stat] Last Operator PID: 7
2024-06-19:08:07:31,285 INFO     [shm_lib.py:152:print_stat] Creator PID: 7
2024-06-19:08:07:31,285 INFO     [shm_lib.py:153:print_stat] Number of attached Processes: 0
2024-06-19:08:07:31,286 INFO     [shm_lib.py:154:print_stat] Last attach time: 1718784450
2024-06-19:08:07:31,286 INFO     [shm_lib.py:155:print_stat] Last detach time: 1718784450
2024-06-19:08:07:31,286 INFO     [shm_lib.py:156:print_stat] Last change time: 1718784450
2024-06-19:08:07:31,286 INFO     [shm_lib.py:157:print_stat] 

2024-06-19:08:07:31,286 ERROR    [cdi_ops_handlers.py:49:create_cdis] create_cdis: Updating cdi record with key: d31bc6b2-88bd-4712-8808-08590d8ae68e
2024-06-19:08:07:31,292 INFO     [shm_ops.py:54:write_data] shm_write_data: wrote data to shared memory with shm_id: 65571
2024-06-19:08:07:31,357 INFO     [cdi_ops_handlers.py:56:create_cdis] create_cdis: Successfully created cdi record for key: d31bc6b2-88bd-4712-8808-08590d8ae68e
2024-06-19:08:07:31,358 INFO     [cdi_ops_handlers.py:13:create_cdis] create_cdis: Fetching cdi record with key: 52597a08-fc2e-4a09-9c7d-88347a03e0af
2024-06-19:08:07:31,388 ERROR    [cdi_ops_handlers.py:18:create_cdis] create_cdis: Processing cdi record with key: 52597a08-fc2e-4a09-9c7d-88347a03e0af
2024-06-19:08:07:31,389 INFO     [cdi_ops_handlers.py:24:create_cdis] Minion-create_cdis: Accessing SharedMemory for App: , CDI: 52597a08-fc2e-4a09-9c7d-88347a03e0af
2024-06-19:08:07:31,389 INFO     [shm_lib.py:123:__populate_shm_id_if_empty] __populate_shm_id_if_empty: Creating new SHM for key: 5784
2024-06-19:08:07:31,389 INFO     [shm_lib.py:142:print_stat] 

2024-06-19:08:07:31,389 INFO     [shm_lib.py:143:print_stat] Key: 5784
2024-06-19:08:07:31,390 INFO     [shm_lib.py:144:print_stat] SHMID: 65572
2024-06-19:08:07:31,390 INFO     [shm_lib.py:145:print_stat] Access UID: 996
2024-06-19:08:07:31,390 INFO     [shm_lib.py:146:print_stat] Access GID: 24
2024-06-19:08:07:31,390 INFO     [shm_lib.py:147:print_stat] Creator UID: 0
2024-06-19:08:07:31,390 INFO     [shm_lib.py:148:print_stat] Creator GID: 0
2024-06-19:08:07:31,391 INFO     [shm_lib.py:149:print_stat] Access Mode: 666
2024-06-19:08:07:31,391 INFO     [shm_lib.py:150:print_stat] Size (Bytes): 10000000
2024-06-19:08:07:31,391 INFO     [shm_lib.py:151:print_stat] Last Operator PID: 7
2024-06-19:08:07:31,391 INFO     [shm_lib.py:152:print_stat] Creator PID: 7
2024-06-19:08:07:31,391 INFO     [shm_lib.py:153:print_stat] Number of attached Processes: 0
2024-06-19:08:07:31,391 INFO     [shm_lib.py:154:print_stat] Last attach time: 1718784450
2024-06-19:08:07:31,392 INFO     [shm_lib.py:155:print_stat] Last detach time: 1718784450
2024-06-19:08:07:31,392 INFO     [shm_lib.py:156:print_stat] Last change time: 1718784450
2024-06-19:08:07:31,392 INFO     [shm_lib.py:157:print_stat] 

2024-06-19:08:07:31,392 ERROR    [cdi_ops_handlers.py:49:create_cdis] create_cdis: Updating cdi record with key: 52597a08-fc2e-4a09-9c7d-88347a03e0af
2024-06-19:08:07:31,397 INFO     [shm_ops.py:54:write_data] shm_write_data: wrote data to shared memory with shm_id: 65572
2024-06-19:08:07:31,469 INFO     [cdi_ops_handlers.py:56:create_cdis] create_cdis: Successfully created cdi record for key: 52597a08-fc2e-4a09-9c7d-88347a03e0af
2024-06-19:08:07:31,469 INFO     [cdi_ops_handlers.py:13:create_cdis] create_cdis: Fetching cdi record with key: 880519e2-7221-4387-aa1a-49707fd70810
2024-06-19:08:07:31,501 ERROR    [cdi_ops_handlers.py:18:create_cdis] create_cdis: Processing cdi record with key: 880519e2-7221-4387-aa1a-49707fd70810
2024-06-19:08:07:31,501 INFO     [cdi_ops_handlers.py:24:create_cdis] Minion-create_cdis: Accessing SharedMemory for App: , CDI: 880519e2-7221-4387-aa1a-49707fd70810
2024-06-19:08:07:31,501 INFO     [shm_lib.py:123:__populate_shm_id_if_empty] __populate_shm_id_if_empty: Creating new SHM for key: 5780
2024-06-19:08:07:31,502 INFO     [shm_lib.py:142:print_stat] 

2024-06-19:08:07:31,502 INFO     [shm_lib.py:143:print_stat] Key: 5780
2024-06-19:08:07:31,502 INFO     [shm_lib.py:144:print_stat] SHMID: 65568
2024-06-19:08:07:31,502 INFO     [shm_lib.py:145:print_stat] Access UID: 996
2024-06-19:08:07:31,502 INFO     [shm_lib.py:146:print_stat] Access GID: 24
2024-06-19:08:07:31,503 INFO     [shm_lib.py:147:print_stat] Creator UID: 0
2024-06-19:08:07:31,503 INFO     [shm_lib.py:148:print_stat] Creator GID: 0
2024-06-19:08:07:31,503 INFO     [shm_lib.py:149:print_stat] Access Mode: 666
2024-06-19:08:07:31,503 INFO     [shm_lib.py:150:print_stat] Size (Bytes): 10000000
2024-06-19:08:07:31,503 INFO     [shm_lib.py:151:print_stat] Last Operator PID: 0
2024-06-19:08:07:31,503 INFO     [shm_lib.py:152:print_stat] Creator PID: 7
2024-06-19:08:07:31,504 INFO     [shm_lib.py:153:print_stat] Number of attached Processes: 0
2024-06-19:08:07:31,504 INFO     [shm_lib.py:154:print_stat] Last attach time: 1718784450
2024-06-19:08:07:31,504 INFO     [shm_lib.py:155:print_stat] Last detach time: 1718784451
2024-06-19:08:07:31,504 INFO     [shm_lib.py:156:print_stat] Last change time: 1718784450
2024-06-19:08:07:31,504 INFO     [shm_lib.py:157:print_stat] 

2024-06-19:08:07:31,505 ERROR    [cdi_ops_handlers.py:49:create_cdis] create_cdis: Updating cdi record with key: 880519e2-7221-4387-aa1a-49707fd70810
2024-06-19:08:07:31,510 INFO     [shm_ops.py:54:write_data] shm_write_data: wrote data to shared memory with shm_id: 65568
2024-06-19:08:07:31,589 INFO     [cdi_ops_handlers.py:56:create_cdis] create_cdis: Successfully created cdi record for key: 880519e2-7221-4387-aa1a-49707fd70810
2024-06-19:08:07:31,590 INFO     [cdi_ops_handlers.py:13:create_cdis] create_cdis: Fetching cdi record with key: ce582af4-490d-4bdb-96b7-421522266b65
2024-06-19:08:07:31,815 ERROR    [cdi_ops_handlers.py:18:create_cdis] create_cdis: Processing cdi record with key: ce582af4-490d-4bdb-96b7-421522266b65
2024-06-19:08:07:31,816 INFO     [cdi_ops_handlers.py:24:create_cdis] Minion-create_cdis: Accessing SharedMemory for App: , CDI: ce582af4-490d-4bdb-96b7-421522266b65
2024-06-19:08:07:31,816 INFO     [shm_lib.py:123:__populate_shm_id_if_empty] __populate_shm_id_if_empty: Creating new SHM for key: 5781
2024-06-19:08:07:31,816 INFO     [shm_lib.py:142:print_stat] 

2024-06-19:08:07:31,817 INFO     [shm_lib.py:143:print_stat] Key: 5781
2024-06-19:08:07:31,817 INFO     [shm_lib.py:144:print_stat] SHMID: 65569
2024-06-19:08:07:31,817 INFO     [shm_lib.py:145:print_stat] Access UID: 996
2024-06-19:08:07:31,817 INFO     [shm_lib.py:146:print_stat] Access GID: 24
2024-06-19:08:07:31,818 INFO     [shm_lib.py:147:print_stat] Creator UID: 0
2024-06-19:08:07:31,818 INFO     [shm_lib.py:148:print_stat] Creator GID: 0
2024-06-19:08:07:31,818 INFO     [shm_lib.py:149:print_stat] Access Mode: 666
2024-06-19:08:07:31,818 INFO     [shm_lib.py:150:print_stat] Size (Bytes): 10000000
2024-06-19:08:07:31,819 INFO     [shm_lib.py:151:print_stat] Last Operator PID: 7
2024-06-19:08:07:31,819 INFO     [shm_lib.py:152:print_stat] Creator PID: 7
2024-06-19:08:07:31,819 INFO     [shm_lib.py:153:print_stat] Number of attached Processes: 0
2024-06-19:08:07:31,819 INFO     [shm_lib.py:154:print_stat] Last attach time: 1718784451
2024-06-19:08:07:31,820 INFO     [shm_lib.py:155:print_stat] Last detach time: 1718784451
2024-06-19:08:07:31,820 INFO     [shm_lib.py:156:print_stat] Last change time: 1718784451
2024-06-19:08:07:31,820 INFO     [shm_lib.py:157:print_stat] 

2024-06-19:08:07:31,820 ERROR    [cdi_ops_handlers.py:49:create_cdis] create_cdis: Updating cdi record with key: ce582af4-490d-4bdb-96b7-421522266b65
2024-06-19:08:07:31,826 INFO     [shm_ops.py:54:write_data] shm_write_data: wrote data to shared memory with shm_id: 65569
2024-06-19:08:07:31,930 INFO     [cdi_ops_handlers.py:56:create_cdis] create_cdis: Successfully created cdi record for key: ce582af4-490d-4bdb-96b7-421522266b65
2024-06-19:08:07:31,931 INFO     [cdi_ops_handlers.py:13:create_cdis] create_cdis: Fetching cdi record with key: d20f1517-7ca8-4d69-9f0b-c2f52444d301
2024-06-19:08:07:32,068 ERROR    [cdi_ops_handlers.py:18:create_cdis] create_cdis: Processing cdi record with key: d20f1517-7ca8-4d69-9f0b-c2f52444d301
2024-06-19:08:07:32,069 INFO     [cdi_ops_handlers.py:24:create_cdis] Minion-create_cdis: Accessing SharedMemory for App: , CDI: d20f1517-7ca8-4d69-9f0b-c2f52444d301
2024-06-19:08:07:32,069 INFO     [shm_lib.py:123:__populate_shm_id_if_empty] __populate_shm_id_if_empty: Creating new SHM for key: 5782
2024-06-19:08:07:32,069 INFO     [shm_lib.py:142:print_stat] 

2024-06-19:08:07:32,070 INFO     [shm_lib.py:143:print_stat] Key: 5782
2024-06-19:08:07:32,070 INFO     [shm_lib.py:144:print_stat] SHMID: 65570
2024-06-19:08:07:32,070 INFO     [shm_lib.py:145:print_stat] Access UID: 996
2024-06-19:08:07:32,070 INFO     [shm_lib.py:146:print_stat] Access GID: 24
2024-06-19:08:07:32,071 INFO     [shm_lib.py:147:print_stat] Creator UID: 0
2024-06-19:08:07:32,071 INFO     [shm_lib.py:148:print_stat] Creator GID: 0
2024-06-19:08:07:32,071 INFO     [shm_lib.py:149:print_stat] Access Mode: 666
2024-06-19:08:07:32,071 INFO     [shm_lib.py:150:print_stat] Size (Bytes): 10000000
2024-06-19:08:07:32,072 INFO     [shm_lib.py:151:print_stat] Last Operator PID: 7
2024-06-19:08:07:32,072 INFO     [shm_lib.py:152:print_stat] Creator PID: 7
2024-06-19:08:07:32,072 INFO     [shm_lib.py:153:print_stat] Number of attached Processes: 0
2024-06-19:08:07:32,072 INFO     [shm_lib.py:154:print_stat] Last attach time: 1718784451
2024-06-19:08:07:32,073 INFO     [shm_lib.py:155:print_stat] Last detach time: 1718784451
2024-06-19:08:07:32,073 INFO     [shm_lib.py:156:print_stat] Last change time: 1718784451
2024-06-19:08:07:32,073 INFO     [shm_lib.py:157:print_stat] 

2024-06-19:08:07:32,073 ERROR    [cdi_ops_handlers.py:49:create_cdis] create_cdis: Updating cdi record with key: d20f1517-7ca8-4d69-9f0b-c2f52444d301
2024-06-19:08:07:32,079 INFO     [shm_ops.py:54:write_data] shm_write_data: wrote data to shared memory with shm_id: 65570
2024-06-19:08:07:32,193 INFO     [cdi_ops_handlers.py:56:create_cdis] create_cdis: Successfully created cdi record for key: d20f1517-7ca8-4d69-9f0b-c2f52444d301
2024-06-19:08:07:32,194 INFO     [cdi_ops_handlers.py:13:create_cdis] create_cdis: Fetching cdi record with key: d31bc6b2-88bd-4712-8808-08590d8ae68e
2024-06-19:08:07:32,342 ERROR    [cdi_ops_handlers.py:18:create_cdis] create_cdis: Processing cdi record with key: d31bc6b2-88bd-4712-8808-08590d8ae68e
2024-06-19:08:07:32,342 INFO     [cdi_ops_handlers.py:24:create_cdis] Minion-create_cdis: Accessing SharedMemory for App: , CDI: d31bc6b2-88bd-4712-8808-08590d8ae68e
2024-06-19:08:07:32,343 INFO     [shm_lib.py:123:__populate_shm_id_if_empty] __populate_shm_id_if_empty: Creating new SHM for key: 5783
2024-06-19:08:07:32,343 INFO     [shm_lib.py:142:print_stat] 

2024-06-19:08:07:32,343 INFO     [shm_lib.py:143:print_stat] Key: 5783
2024-06-19:08:07:32,343 INFO     [shm_lib.py:144:print_stat] SHMID: 65571
2024-06-19:08:07:32,344 INFO     [shm_lib.py:145:print_stat] Access UID: 996
2024-06-19:08:07:32,344 INFO     [shm_lib.py:146:print_stat] Access GID: 24
2024-06-19:08:07:32,344 INFO     [shm_lib.py:147:print_stat] Creator UID: 0
2024-06-19:08:07:32,344 INFO     [shm_lib.py:148:print_stat] Creator GID: 0
2024-06-19:08:07:32,345 INFO     [shm_lib.py:149:print_stat] Access Mode: 666
2024-06-19:08:07:32,345 INFO     [shm_lib.py:150:print_stat] Size (Bytes): 10000000
2024-06-19:08:07:32,345 INFO     [shm_lib.py:151:print_stat] Last Operator PID: 7
2024-06-19:08:07:32,345 INFO     [shm_lib.py:152:print_stat] Creator PID: 7
2024-06-19:08:07:32,346 INFO     [shm_lib.py:153:print_stat] Number of attached Processes: 0
2024-06-19:08:07:32,346 INFO     [shm_lib.py:154:print_stat] Last attach time: 1718784451
2024-06-19:08:07:32,346 INFO     [shm_lib.py:155:print_stat] Last detach time: 1718784451
2024-06-19:08:07:32,346 INFO     [shm_lib.py:156:print_stat] Last change time: 1718784451
2024-06-19:08:07:32,347 INFO     [shm_lib.py:157:print_stat] 

2024-06-19:08:07:32,347 ERROR    [cdi_ops_handlers.py:49:create_cdis] create_cdis: Updating cdi record with key: d31bc6b2-88bd-4712-8808-08590d8ae68e
2024-06-19:08:07:32,356 INFO     [shm_ops.py:54:write_data] shm_write_data: wrote data to shared memory with shm_id: 65571
2024-06-19:08:07:32,509 INFO     [cdi_ops_handlers.py:56:create_cdis] create_cdis: Successfully created cdi record for key: d31bc6b2-88bd-4712-8808-08590d8ae68e
2024-06-19:08:07:32,509 INFO     [cdi_ops_handlers.py:13:create_cdis] create_cdis: Fetching cdi record with key: 52597a08-fc2e-4a09-9c7d-88347a03e0af
2024-06-19:08:07:32,677 ERROR    [cdi_ops_handlers.py:18:create_cdis] create_cdis: Processing cdi record with key: 52597a08-fc2e-4a09-9c7d-88347a03e0af
2024-06-19:08:07:32,677 INFO     [cdi_ops_handlers.py:24:create_cdis] Minion-create_cdis: Accessing SharedMemory for App: , CDI: 52597a08-fc2e-4a09-9c7d-88347a03e0af
2024-06-19:08:07:32,678 INFO     [shm_lib.py:123:__populate_shm_id_if_empty] __populate_shm_id_if_empty: Creating new SHM for key: 5784
2024-06-19:08:07:32,678 INFO     [shm_lib.py:142:print_stat] 

2024-06-19:08:07:32,678 INFO     [shm_lib.py:143:print_stat] Key: 5784
2024-06-19:08:07:32,679 INFO     [shm_lib.py:144:print_stat] SHMID: 65572
2024-06-19:08:07:32,679 INFO     [shm_lib.py:145:print_stat] Access UID: 996
2024-06-19:08:07:32,679 INFO     [shm_lib.py:146:print_stat] Access GID: 24
2024-06-19:08:07:32,679 INFO     [shm_lib.py:147:print_stat] Creator UID: 0
2024-06-19:08:07:32,680 INFO     [shm_lib.py:148:print_stat] Creator GID: 0
2024-06-19:08:07:32,680 INFO     [shm_lib.py:149:print_stat] Access Mode: 666
2024-06-19:08:07:32,680 INFO     [shm_lib.py:150:print_stat] Size (Bytes): 10000000
2024-06-19:08:07:32,680 INFO     [shm_lib.py:151:print_stat] Last Operator PID: 7
2024-06-19:08:07:32,681 INFO     [shm_lib.py:152:print_stat] Creator PID: 7
2024-06-19:08:07:32,681 INFO     [shm_lib.py:153:print_stat] Number of attached Processes: 0
2024-06-19:08:07:32,681 INFO     [shm_lib.py:154:print_stat] Last attach time: 1718784451
2024-06-19:08:07:32,682 INFO     [shm_lib.py:155:print_stat] Last detach time: 1718784451
2024-06-19:08:07:32,682 INFO     [shm_lib.py:156:print_stat] Last change time: 1718784451
2024-06-19:08:07:32,682 INFO     [shm_lib.py:157:print_stat] 

2024-06-19:08:07:32,682 ERROR    [cdi_ops_handlers.py:49:create_cdis] create_cdis: Updating cdi record with key: 52597a08-fc2e-4a09-9c7d-88347a03e0af
2024-06-19:08:07:32,683 INFO     [shm_ops.py:54:write_data] shm_write_data: wrote data to shared memory with shm_id: 65572
2024-06-19:08:07:32,834 INFO     [cdi_ops_handlers.py:56:create_cdis] create_cdis: Successfully created cdi record for key: 52597a08-fc2e-4a09-9c7d-88347a03e0af
